Archive member included because of file (symbol)

contiki-srf06-cc26xx.a(contiki-main.o)
                              obj_srf06-cc26xx/startup_gcc.o (main)
contiki-srf06-cc26xx.a(sensors.o)
                              contiki-srf06-cc26xx.a(contiki-main.o) (sensors_process)
contiki-srf06-cc26xx.a(leds.o)
                              contiki-srf06-cc26xx.a(contiki-main.o) (leds_init)
contiki-srf06-cc26xx.a(leds-arch.o)
                              contiki-srf06-cc26xx.a(leds.o) (leds_arch_init)
contiki-srf06-cc26xx.a(sensortag-senso)
                              contiki-srf06-cc26xx.a(sensors.o) (sensors_flags)
contiki-srf06-cc26xx.a(bmp-280-sensor.)
                              contiki-srf06-cc26xx.a(sensortag-senso) (bmp_280_sensor)
contiki-srf06-cc26xx.a(tmp-007-sensor.)
                              contiki-srf06-cc26xx.a(sensortag-senso) (tmp_007_sensor)
contiki-srf06-cc26xx.a(opt-3001-sensor)
                              contiki-srf06-cc26xx.a(sensortag-senso) (opt_3001_sensor)
contiki-srf06-cc26xx.a(hdc-1000-sensor)
                              contiki-srf06-cc26xx.a(sensortag-senso) (hdc_1000_sensor)
contiki-srf06-cc26xx.a(mpu-9250-sensor)
                              contiki-srf06-cc26xx.a(sensortag-senso) (mpu_9250_sensor)
contiki-srf06-cc26xx.a(button-sensor.o)
                              contiki-srf06-cc26xx.a(sensortag-senso) (button_right_sensor)
contiki-srf06-cc26xx.a(reed-relay.o)
                              contiki-srf06-cc26xx.a(sensortag-senso) (reed_relay_sensor)
contiki-srf06-cc26xx.a(buzzer.o)
                              prac1.co (buzzer_start)
contiki-srf06-cc26xx.a(board.o)
                              contiki-srf06-cc26xx.a(contiki-main.o) (board_init)
contiki-srf06-cc26xx.a(board-i2c.o)
                              contiki-srf06-cc26xx.a(board.o) (board_i2c_wakeup)
contiki-srf06-cc26xx.a(clock.o)
                              contiki-srf06-cc26xx.a(contiki-main.o) (clock_init)
contiki-srf06-cc26xx.a(rtimer-arch.o)
                              contiki-srf06-cc26xx.a(mpu-9250-sensor) (rtimer_arch_now)
contiki-srf06-cc26xx.a(soc-rtc.o)
                              contiki-srf06-cc26xx.a(contiki-main.o) (soc_rtc_init)
contiki-srf06-cc26xx.a(contiki-watchdo)
                              contiki-srf06-cc26xx.a(contiki-main.o) (watchdog_init)
contiki-srf06-cc26xx.a(putchar.o)
                              contiki-srf06-cc26xx.a(contiki-main.o) (putchar)
contiki-srf06-cc26xx.a(ieee-addr.o)
                              prac1.co (ieee_addr_cpy_to)
contiki-srf06-cc26xx.a(cc26xx-uart.o)
                              contiki-srf06-cc26xx.a(contiki-main.o) (cc26xx_uart_init)
contiki-srf06-cc26xx.a(lpm.o)
                              contiki-srf06-cc26xx.a(button-sensor.o) (lpm_shutdown)
contiki-srf06-cc26xx.a(gpio-interrupt.)
                              contiki-srf06-cc26xx.a(button-sensor.o) (gpio_interrupt_register_handler)
contiki-srf06-cc26xx.a(oscillators.o)
                              contiki-srf06-cc26xx.a(contiki-main.o) (oscillators_select_lf_xosc)
contiki-srf06-cc26xx.a(ieee-mode.o)
                              contiki-srf06-cc26xx.a(contiki-main.o) (ieee_mode_driver)
contiki-srf06-cc26xx.a(dbg-printf.o)
                              prac1.co (printf)
contiki-srf06-cc26xx.a(strformat.o)
                              contiki-srf06-cc26xx.a(dbg-printf.o) (format_str_v)
contiki-srf06-cc26xx.a(autostart.o)
                              contiki-srf06-cc26xx.a(contiki-main.o) (autostart_start)
contiki-srf06-cc26xx.a(ctimer.o)
                              contiki-srf06-cc26xx.a(contiki-main.o) (ctimer_init)
contiki-srf06-cc26xx.a(energest.o)
                              contiki-srf06-cc26xx.a(contiki-main.o) (energest_init)
contiki-srf06-cc26xx.a(etimer.o)
                              contiki-srf06-cc26xx.a(clock.o) (etimer_request_poll)
contiki-srf06-cc26xx.a(process.o)
                              contiki-srf06-cc26xx.a(sensors.o) (process_alloc_event)
contiki-srf06-cc26xx.a(rtimer.o)
                              contiki-srf06-cc26xx.a(contiki-main.o) (rtimer_init)
contiki-srf06-cc26xx.a(timer.o)
                              contiki-srf06-cc26xx.a(button-sensor.o) (timer_set)
contiki-srf06-cc26xx.a(serial-line.o)
                              prac1.co (serial_line_event_message)
contiki-srf06-cc26xx.a(list.o)
                              contiki-srf06-cc26xx.a(lpm.o) (list_init)
contiki-srf06-cc26xx.a(random.o)
                              contiki-srf06-cc26xx.a(contiki-main.o) (random_init)
contiki-srf06-cc26xx.a(ringbuf.o)
                              contiki-srf06-cc26xx.a(serial-line.o) (ringbuf_init)
contiki-srf06-cc26xx.a(sicslowpan.o)
                              contiki-srf06-cc26xx.a(contiki-main.o) (sicslowpan_driver)
contiki-srf06-cc26xx.a(uip6.o)
                              contiki-srf06-cc26xx.a(sicslowpan.o) (uip_aligned_buf)
contiki-srf06-cc26xx.a(uip-ds6.o)
[...]
Memory Configuration

Name             Origin             Length             Attributes
FLASH            0x00000000         0x0001ffa8         xr
FLASH_CCFG       0x0001ffa8         0x00000058         xr
SRAM             0x20000000         0x00005000         xrw
GPRAM            0x11000000         0x00002000         xrw
*default*        0x00000000         0xffffffff

Linker script and memory map

LOAD obj_srf06-cc26xx/fault-handlers.o
LOAD obj_srf06-cc26xx/ccfg.o
LOAD obj_srf06-cc26xx/startup_gcc.o
LOAD prac1.co
LOAD contiki-srf06-cc26xx.a
LOAD /usr/bin/../lib/gcc/arm-none-eabi/4.9.3/../../../../arm-none-eabi/lib/armv7-m/libm.a
START GROUP
LOAD /usr/bin/../lib/gcc/arm-none-eabi/4.9.3/armv7-m/libgcc.a
LOAD /usr/bin/../lib/gcc/arm-none-eabi/4.9.3/../../../../arm-none-eabi/lib/armv7-m/libc.a
END GROUP
                0x20005000                _estack = (ORIGIN (SRAM) + 0x5000)
                0x00000000                _Min_Heap_Size = 0x0
                0x00000100                _Min_Stack_Size = 0x100

.text           0x00000000    0x105b0
                0x00000000                _text = .
 *(SORT(.vectors))
 .vectors       0x00000000       0xc8 obj_srf06-cc26xx/startup_gcc.o
                0x00000000                gVectors
 *(SORT(.text*))
 .text.value    0x000000c8       0xb0 contiki-srf06-cc26xx.a(opt-3001-sensor)
 .text.value    0x00000178       0x9c contiki-srf06-cc26xx.a(hdc-1000-sensor)
 *fill*         0x00000214        0x4 00000000
 .text.value    0x00000218      0x1b4 contiki-srf06-cc26xx.a(mpu-9250-sensor)
 *fill*         0x000003cc        0x4 00000000
 .text.__ieee754_pow
                0x000003d0      0xaa0 /usr/bin/../lib/gcc/arm-none-eabi/4.9.3/../../../../arm-none-eabi/lib/armv7-m/libm.a(lib_a-e_pow.o)
                0x000003d0                __ieee754_pow
 .text.scalbn   0x00000e70       0xec /usr/bin/../lib/gcc/arm-none-eabi/4.9.3/../../../../arm-none-eabi/lib/armv7-m/libm.a(lib_a-s_scalbn.o)
                0x00000e70                scalbn
 .text.FaultISR
                0x00000f5c       0x18 obj_srf06-cc26xx/fault-handlers.o
                0x00000f5c                FaultISR
 .text.NmiSRHandler
                0x00000f74        0x4 obj_srf06-cc26xx/startup_gcc.o
                0x00000f74                NmiSR
 .text.IntDefaultHandler
                0x00000f78        0x4 obj_srf06-cc26xx/startup_gcc.o
                0x00000f78                TRNGIntHandler
                0x00000f78                SSI0IntHandler
                0x00000f78                SWEvent0IntHandler
                0x00000f78                uDMAIntHandler
                0x00000f78                WatchdogIntHandler
                0x00000f78                RFCHardwareIntHandler
                0x00000f78                Timer1BIntHandler
                0x00000f78                I2SIntHandler
                0x00000f78                Timer2BIntHandler
                0x00000f78                Timer2AIntHandler
                0x00000f78                Timer1AIntHandler
                0x00000f78                AONIntHandler
                0x00000f78                AUXSWEvent0IntHandler
                0x00000f78                AUXADCIntHandler
                0x00000f78                PendSVIntHandler
                0x00000f78                AUXSWEvent1IntHandler
                0x00000f78                SVCallIntHandler
                0x00000f78                MPUFaultIntHandler
                0x00000f78                SysTickIntHandler
                0x00000f78                BusFaultIntHandler
                0x00000f78                AONProgIntHandler
                0x00000f78                AUXCompAIntHandler
                0x00000f78                SSI1IntHandler
                0x00000f78                FlashIntHandler
                0x00000f78                uDMAErrIntHandler
                0x00000f78                UsageFaultIntHandler
                0x00000f78                RFCCmdAckIntHandler
                0x00000f78                CryptoIntHandler
                0x00000f78                Timer0AIntHandler
                0x00000f78                I2CIntHandler
                0x00000f78                DebugMonIntHandler
                0x00000f78                Timer0BIntHandler
                0x00000f78                AUXCombEventIntHandler
                0x00000f78                Timer3AIntHandler
                0x00000f78                DynProgIntHandler
                0x00000f78                Timer3BIntHandler
 .text.ResetISR
                0x00000f7c       0x5c obj_srf06-cc26xx/startup_gcc.o
                0x00000f7c                ResetISR
 .text.do_itimer
                0x00000fd8       0x14 prac1.co
                0x00000fd8                do_itimer
 .text.do_dtimer
                0x00000fec       0x14 prac1.co
                0x00000fec                do_dtimer
 .text.process_thread_test_serial
                0x00001000      0x208 prac1.co
 .text.do_ledtimer
                0x00001208       0x1c prac1.co
                0x00001208                do_ledtimer
 .text.fade     0x00001224       0x64 contiki-srf06-cc26xx.a(contiki-main.o)
 .text.startup.main
                0x00001288      0x1e4 contiki-srf06-cc26xx.a(contiki-main.o)
                0x00001288                main
 .text.process_thread_sensors_process
                0x0000146c       0xf8 contiki-srf06-cc26xx.a(sensors.o)
 .text.sensors_changed
                0x00001564       0x50 contiki-srf06-cc26xx.a(sensors.o)
                0x00001564                sensors_changed
 .text.leds_init
                0x000015b4       0x14 contiki-srf06-cc26xx.a(leds.o)
                0x000015b4                leds_init
 .text.leds_on  0x000015c8       0x14 contiki-srf06-cc26xx.a(leds.o)
                0x000015c8                leds_on
 .text.leds_off
                0x000015dc       0x14 contiki-srf06-cc26xx.a(leds.o)
                0x000015dc                leds_off
 .text.leds_toggle
                0x000015f0       0x14 contiki-srf06-cc26xx.a(leds.o)
                0x000015f0                leds_toggle
 .text.leds_arch_init
                0x00001604       0x38 contiki-srf06-cc26xx.a(leds-arch.o)
                0x00001604                leds_arch_init
 .text.leds_arch_set
                0x0000163c       0x34 contiki-srf06-cc26xx.a(leds-arch.o)
                0x0000163c                leds_arch_set
 .text.status   0x00001670       0x14 contiki-srf06-cc26xx.a(bmp-280-sensor.)
 .text.notify_ready
                0x00001684       0x14 contiki-srf06-cc26xx.a(bmp-280-sensor.)
 .text.enable_sensor
                0x00001698       0x2c contiki-srf06-cc26xx.a(bmp-280-sensor.)
 .text.configure
                0x000016c4       0x94 contiki-srf06-cc26xx.a(bmp-280-sensor.)
 .text.value    0x00001758      0x15c contiki-srf06-cc26xx.a(bmp-280-sensor.)
 .text.status   0x000018b4       0x14 contiki-srf06-cc26xx.a(tmp-007-sensor.)
 .text.notify_ready
                0x000018c8       0x14 contiki-srf06-cc26xx.a(tmp-007-sensor.)
 .text.enable_sensor
                0x000018dc       0x2c contiki-srf06-cc26xx.a(tmp-007-sensor.)
 .text.configure
                0x00001908       0x94 contiki-srf06-cc26xx.a(tmp-007-sensor.)
 .text.value    0x0000199c       0xec contiki-srf06-cc26xx.a(tmp-007-sensor.)
 .text.status   0x00001a88        0xc contiki-srf06-cc26xx.a(opt-3001-sensor)
 .text.enable_sensor
                0x00001a94       0x44 contiki-srf06-cc26xx.a(opt-3001-sensor)
 .text.notify_ready
                0x00001ad8       0x54 contiki-srf06-cc26xx.a(opt-3001-sensor)
 .text.configure
                0x00001b2c       0x4c contiki-srf06-cc26xx.a(opt-3001-sensor)
 .text.status   0x00001b78       0x14 contiki-srf06-cc26xx.a(hdc-1000-sensor)
 .text.notify_ready
                0x00001b8c       0x60 contiki-srf06-cc26xx.a(hdc-1000-sensor)
 .text.configure
                0x00001bec       0xb8 contiki-srf06-cc26xx.a(hdc-1000-sensor)
 .text.acc_convert
                0x00001ca4       0x70 contiki-srf06-cc26xx.a(mpu-9250-sensor)
 .text.status   0x00001d14       0x14 contiki-srf06-cc26xx.a(mpu-9250-sensor)
 .text.notify_ready
                0x00001d28       0x14 contiki-srf06-cc26xx.a(mpu-9250-sensor)
 .text.sensor_sleep
                0x00001d3c       0x38 contiki-srf06-cc26xx.a(mpu-9250-sensor)
 .text.configure
                0x00001d74       0xdc contiki-srf06-cc26xx.a(mpu-9250-sensor)
 .text.int_status
                0x00001e50       0x28 contiki-srf06-cc26xx.a(mpu-9250-sensor)
 .text.initialise
                0x00001e78       0xfc contiki-srf06-cc26xx.a(mpu-9250-sensor)
 .text.status.part.0
                0x00001f74       0x14 contiki-srf06-cc26xx.a(button-sensor.o)
 .text.value_left
                0x00001f88       0x24 contiki-srf06-cc26xx.a(button-sensor.o)
 .text.value_right
                0x00001fac       0x18 contiki-srf06-cc26xx.a(button-sensor.o)
 .text.status_left
                0x00001fc4       0x10 contiki-srf06-cc26xx.a(button-sensor.o)
 .text.status_right
                0x00001fd4       0x10 contiki-srf06-cc26xx.a(button-sensor.o)
 .text.config_buttons
                0x00001fe4       0x8c contiki-srf06-cc26xx.a(button-sensor.o)
 .text.config_left
                0x00002070        0xc contiki-srf06-cc26xx.a(button-sensor.o)
 .text.config_right
                0x0000207c        0xc contiki-srf06-cc26xx.a(button-sensor.o)
 .text.button_press_handler
                0x00002088       0x64 contiki-srf06-cc26xx.a(button-sensor.o)
 .text.value    0x000020ec       0x10 contiki-srf06-cc26xx.a(reed-relay.o)
 .text.status   0x000020fc       0x20 contiki-srf06-cc26xx.a(reed-relay.o)
 .text.configure
                0x0000211c       0x6c contiki-srf06-cc26xx.a(reed-relay.o)
 .text.reed_interrupt_handler
                0x00002188       0x28 contiki-srf06-cc26xx.a(reed-relay.o)
 .text.buzzer_init
                0x000021b0        0xc contiki-srf06-cc26xx.a(buzzer.o)
                0x000021b0                buzzer_init
 .text.buzzer_start
                0x000021bc       0xa4 contiki-srf06-cc26xx.a(buzzer.o)
                0x000021bc                buzzer_start
 .text.buzzer_stop
                0x00002260       0x74 contiki-srf06-cc26xx.a(buzzer.o)
                0x00002260                buzzer_stop
 .text.power_domains_on
                0x000022d4       0x20 contiki-srf06-cc26xx.a(board.o)
 .text.lpm_wakeup_handler
                0x000022f4        0x4 contiki-srf06-cc26xx.a(board.o)
 .text.shutdown_handler
                0x000022f8       0x68 contiki-srf06-cc26xx.a(board.o)
 .text.board_init
                0x00002360      0x118 contiki-srf06-cc26xx.a(board.o)
                0x00002360                board_init
 .text.i2c_status
                0x00002478       0x34 contiki-srf06-cc26xx.a(board-i2c.o)
 .text.accessible
                0x000024ac       0x24 contiki-srf06-cc26xx.a(board-i2c.o)
 .text.board_i2c_wakeup
                0x000024d0       0x5c contiki-srf06-cc26xx.a(board-i2c.o)
                0x000024d0                board_i2c_wakeup
 .text.board_i2c_shutdown
                0x0000252c       0xa4 contiki-srf06-cc26xx.a(board-i2c.o)
                0x0000252c                board_i2c_shutdown
 .text.board_i2c_write
                0x000025d0       0xc0 contiki-srf06-cc26xx.a(board-i2c.o)
                0x000025d0                board_i2c_write
 .text.board_i2c_write_single
                0x00002690       0x44 contiki-srf06-cc26xx.a(board-i2c.o)
                0x00002690                board_i2c_write_single
 .text.board_i2c_read
                0x000026d4       0xb4 contiki-srf06-cc26xx.a(board-i2c.o)
                0x000026d4                board_i2c_read
 .text.board_i2c_write_read
                0x00002788      0x138 contiki-srf06-cc26xx.a(board-i2c.o)
                0x00002788                board_i2c_write_read
 .text.board_i2c_select
                0x000028c0       0xdc contiki-srf06-cc26xx.a(board-i2c.o)
                0x000028c0                board_i2c_select
 .text.power_domain_on
                0x0000299c       0x20 contiki-srf06-cc26xx.a(clock.o)
 .text.clock_init
                0x000029bc       0x90 contiki-srf06-cc26xx.a(clock.o)
                0x000029bc                clock_init
 .text.clock_time
                0x00002a4c       0x34 contiki-srf06-cc26xx.a(clock.o)
                0x00002a4c                clock_time
 .text.clock_update
                0x00002a80       0x3c contiki-srf06-cc26xx.a(clock.o)
                0x00002a80                clock_update
 .text.clock_seconds
                0x00002abc       0x18 contiki-srf06-cc26xx.a(clock.o)
                0x00002abc                clock_seconds
 .text.clock_wait
                0x00002ad4       0x58 contiki-srf06-cc26xx.a(clock.o)
                0x00002ad4                clock_wait
 .text.rtimer_arch_init
                0x00002b2c        0x4 contiki-srf06-cc26xx.a(rtimer-arch.o)
                0x00002b2c                rtimer_arch_init
 .text.rtimer_arch_schedule
                0x00002b30        0x8 contiki-srf06-cc26xx.a(rtimer-arch.o)
                0x00002b30                rtimer_arch_schedule
 .text.rtimer_arch_now
                0x00002b38        0x4 contiki-srf06-cc26xx.a(rtimer-arch.o)
                0x00002b38                rtimer_arch_now
 .text.soc_rtc_init
                0x00002b3c       0x94 contiki-srf06-cc26xx.a(soc-rtc.o)
                0x00002b3c                soc_rtc_init
 .text.soc_rtc_get_next_trigger
                0x00002bd0       0x28 contiki-srf06-cc26xx.a(soc-rtc.o)
                0x00002bd0                soc_rtc_get_next_trigger
 .text.soc_rtc_schedule_one_shot
                0x00002bf8       0x4c contiki-srf06-cc26xx.a(soc-rtc.o)
                0x00002bf8                soc_rtc_schedule_one_shot
 .text.soc_rtc_last_isr_time
                0x00002c44        0xc contiki-srf06-cc26xx.a(soc-rtc.o)
                0x00002c44                soc_rtc_last_isr_time
 .text.AONRTCIntHandler
                0x00002c50       0x68 contiki-srf06-cc26xx.a(soc-rtc.o)
                0x00002c50                AONRTCIntHandler
 .text.lock_config
                0x00002cb8       0x18 contiki-srf06-cc26xx.a(contiki-watchdo)
 .text.unlock_config
                0x00002cd0       0x2c contiki-srf06-cc26xx.a(contiki-watchdo)
 .text.watchdog_init
                0x00002cfc       0x1c contiki-srf06-cc26xx.a(contiki-watchdo)
                0x00002cfc                watchdog_init
 .text.watchdog_start
                0x00002d18       0x30 contiki-srf06-cc26xx.a(contiki-watchdo)
                0x00002d18                watchdog_start
 .text.watchdog_periodic
                0x00002d48       0x1c contiki-srf06-cc26xx.a(contiki-watchdo)
                0x00002d48                watchdog_periodic
 .text.putchar  0x00002d64       0x10 contiki-srf06-cc26xx.a(putchar.o)
                0x00002d64                putchar
 .text.puts     0x00002d74       0x30 contiki-srf06-cc26xx.a(putchar.o)
                0x00002d74                puts
 .text.dbg_send_bytes
                0x00002da4       0x40 contiki-srf06-cc26xx.a(putchar.o)
                0x00002da4                dbg_send_bytes
 .text.ieee_addr_cpy_to
                0x00002de4       0x40 contiki-srf06-cc26xx.a(ieee-addr.o)
                0x00002de4                ieee_addr_cpy_to
 .text.power_and_clock
                0x00002e24       0x40 contiki-srf06-cc26xx.a(cc26xx-uart.o)
 .text.enable   0x00002e64       0xf4 contiki-srf06-cc26xx.a(cc26xx-uart.o)
 .text.accessible
                0x00002f58       0x24 contiki-srf06-cc26xx.a(cc26xx-uart.o)
 .text.lpm_drop_handler
                0x00002f7c       0xcc contiki-srf06-cc26xx.a(cc26xx-uart.o)
 .text.cc26xx_uart_init
                0x00003048       0x28 contiki-srf06-cc26xx.a(cc26xx-uart.o)
                0x00003048                cc26xx_uart_init
 .text.cc26xx_uart_write_byte
                0x00003070       0x28 contiki-srf06-cc26xx.a(cc26xx-uart.o)
                0x00003070                cc26xx_uart_write_byte
 .text.cc26xx_uart_set_input
                0x00003098       0x64 contiki-srf06-cc26xx.a(cc26xx-uart.o)
                0x00003098                cc26xx_uart_set_input
 .text.cc26xx_uart_busy
                0x000030fc       0x18 contiki-srf06-cc26xx.a(cc26xx-uart.o)
                0x000030fc                cc26xx_uart_busy
 .text.UART0IntHandler
                0x00003114       0x54 contiki-srf06-cc26xx.a(cc26xx-uart.o)
                0x00003114                UART0IntHandler
 .text.lpm_shutdown
                0x00003168      0x1b8 contiki-srf06-cc26xx.a(lpm.o)
                0x00003168                lpm_shutdown
 .text.lpm_drop
                0x00003320      0x1fc contiki-srf06-cc26xx.a(lpm.o)
                0x00003320                lpm_drop
 .text.lpm_sleep
                0x0000351c       0x14 contiki-srf06-cc26xx.a(lpm.o)
                0x0000351c                lpm_sleep
 .text.lpm_register_module
                0x00003530        0xc contiki-srf06-cc26xx.a(lpm.o)
                0x00003530                lpm_register_module
 .text.lpm_unregister_module
                0x0000353c        0xc contiki-srf06-cc26xx.a(lpm.o)
                0x0000353c                lpm_unregister_module
 .text.lpm_init
                0x00003548       0x20 contiki-srf06-cc26xx.a(lpm.o)
                0x00003548                lpm_init
 .text.lpm_pin_set_default_state
                0x00003568       0x30 contiki-srf06-cc26xx.a(lpm.o)
                0x00003568                lpm_pin_set_default_state
 .text.gpio_interrupt_register_handler
                0x00003598       0x2c contiki-srf06-cc26xx.a(gpio-interrupt.)
                0x00003598                gpio_interrupt_register_handler
 .text.gpio_interrupt_init
                0x000035c4       0x24 contiki-srf06-cc26xx.a(gpio-interrupt.)
                0x000035c4                gpio_interrupt_init
 .text.GPIOIntHandler
                0x000035e8       0x30 contiki-srf06-cc26xx.a(gpio-interrupt.)
                0x000035e8                GPIOIntHandler
 .text.osc_interface_dis
                0x00003618       0x28 contiki-srf06-cc26xx.a(oscillators.o)
 .text.osc_interface_en
                0x00003640       0x30 contiki-srf06-cc26xx.a(oscillators.o)
 .text.oscillators_select_lf_xosc
                0x00003670       0x48 contiki-srf06-cc26xx.a(oscillators.o)
                0x00003670                oscillators_select_lf_xosc
 .text.oscillators_select_lf_rcosc
                0x000036b8       0x30 contiki-srf06-cc26xx.a(oscillators.o)
                0x000036b8                oscillators_select_lf_rcosc
 .text.oscillators_request_hf_xosc
                0x000036e8       0x24 contiki-srf06-cc26xx.a(oscillators.o)
                0x000036e8                oscillators_request_hf_xosc
 .text.oscillators_switch_to_hf_xosc
                0x0000370c       0x28 contiki-srf06-cc26xx.a(oscillators.o)
                0x0000370c                oscillators_switch_to_hf_xosc
 .text.oscillators_switch_to_hf_rc
                0x00003734       0x2c contiki-srf06-cc26xx.a(oscillators.o)
                0x00003734                oscillators_switch_to_hf_rc
 .text.request  0x00003760       0x20 contiki-srf06-cc26xx.a(ieee-mode.o)
 .text.rx_on    0x00003780       0x60 contiki-srf06-cc26xx.a(ieee-mode.o)
 .text.rf_radio_setup
                0x000037e0       0x74 contiki-srf06-cc26xx.a(ieee-mode.o)
 .text.soft_on  0x00003854       0x18 contiki-srf06-cc26xx.a(ieee-mode.o)
 .text.pending_packet
                0x0000386c       0x34 contiki-srf06-cc26xx.a(ieee-mode.o)
 .text.prepare  0x000038a0       0x1c contiki-srf06-cc26xx.a(ieee-mode.o)
 .text.read_frame
                0x000038bc       0x58 contiki-srf06-cc26xx.a(ieee-mode.o)
 .text.soft_off
                0x00003914       0x3c contiki-srf06-cc26xx.a(ieee-mode.o)
 .text.get_object
                0x00003950       0x30 contiki-srf06-cc26xx.a(ieee-mode.o)
 .text.transmitting
                0x00003980       0x4c contiki-srf06-cc26xx.a(ieee-mode.o)
 .text.rx_off   0x000039cc       0x5c contiki-srf06-cc26xx.a(ieee-mode.o)
 .text.get_cca_info
                0x00003a28       0x44 contiki-srf06-cc26xx.a(ieee-mode.o)
 .text.off      0x00003a6c       0x4c contiki-srf06-cc26xx.a(ieee-mode.o)
 .text.receiving_packet
                0x00003ab8       0x40 contiki-srf06-cc26xx.a(ieee-mode.o)
 .text.on       0x00003af8       0x9c contiki-srf06-cc26xx.a(ieee-mode.o)
 .text.set_value
                0x00003b94      0x158 contiki-srf06-cc26xx.a(ieee-mode.o)
 .text.get_value
                0x00003cec      0x138 contiki-srf06-cc26xx.a(ieee-mode.o)
 .text.transmit
                0x00003e24       0xbc contiki-srf06-cc26xx.a(ieee-mode.o)
 .text.send     0x00003ee0       0x24 contiki-srf06-cc26xx.a(ieee-mode.o)
 .text.set_object
                0x00003f04       0x68 contiki-srf06-cc26xx.a(ieee-mode.o)
 .text.channel_clear
                0x00003f6c       0x68 contiki-srf06-cc26xx.a(ieee-mode.o)
 .text.init     0x00003fd4       0xe0 contiki-srf06-cc26xx.a(ieee-mode.o)
 .text.write_str
                0x000040b4       0x14 contiki-srf06-cc26xx.a(dbg-printf.o)
 .text.printf   0x000040c8       0x24 contiki-srf06-cc26xx.a(dbg-printf.o)
                0x000040c8                printf
 .text.fill_space
                0x000040ec       0x3c contiki-srf06-cc26xx.a(strformat.o)
 .text.format_str_v
                0x00004128      0x95c contiki-srf06-cc26xx.a(strformat.o)
                0x00004128                format_str_v
 .text.autostart_start
                0x00004a84       0x18 contiki-srf06-cc26xx.a(autostart.o)
                0x00004a84                autostart_start
 .text.process_thread_ctimer_process
                0x00004a9c       0x94 contiki-srf06-cc26xx.a(ctimer.o)
 .text.ctimer_init
                0x00004b30       0x28 contiki-srf06-cc26xx.a(ctimer.o)
                0x00004b30                ctimer_init
 .text.ctimer_set_with_process
                0x00004b58       0x4c contiki-srf06-cc26xx.a(ctimer.o)
                0x00004b58                ctimer_set_with_process
 .text.ctimer_set
                0x00004ba4       0x18 contiki-srf06-cc26xx.a(ctimer.o)
                0x00004ba4                ctimer_set
 .text.ctimer_reset
                0x00004bbc       0x38 contiki-srf06-cc26xx.a(ctimer.o)
                0x00004bbc                ctimer_reset
 .text.ctimer_stop
                0x00004bf4       0x34 contiki-srf06-cc26xx.a(ctimer.o)
                0x00004bf4                ctimer_stop
 .text.energest_init
                0x00004c28        0x4 contiki-srf06-cc26xx.a(energest.o)
                0x00004c28                energest_init
 .text.update_time
                0x00004c2c       0x44 contiki-srf06-cc26xx.a(etimer.o)
 .text.process_thread_etimer_process
                0x00004c70       0xc8 contiki-srf06-cc26xx.a(etimer.o)
 .text.add_timer
                0x00004d38       0x54 contiki-srf06-cc26xx.a(etimer.o)
 .text.etimer_request_poll
                0x00004d8c        0xc contiki-srf06-cc26xx.a(etimer.o)
                0x00004d8c                etimer_request_poll
 .text.etimer_set
                0x00004d98       0x14 contiki-srf06-cc26xx.a(etimer.o)
                0x00004d98                etimer_set
 .text.etimer_reset
                0x00004dac       0x14 contiki-srf06-cc26xx.a(etimer.o)
                0x00004dac                etimer_reset
 .text.etimer_restart
                0x00004dc0       0x14 contiki-srf06-cc26xx.a(etimer.o)
                0x00004dc0                etimer_restart
 .text.etimer_expired
                0x00004dd4        0xc contiki-srf06-cc26xx.a(etimer.o)
                0x00004dd4                etimer_expired
 .text.etimer_expiration_time
                0x00004de0        0x8 contiki-srf06-cc26xx.a(etimer.o)
                0x00004de0                etimer_expiration_time
 .text.etimer_pending
                0x00004de8       0x10 contiki-srf06-cc26xx.a(etimer.o)
                0x00004de8                etimer_pending
 .text.etimer_next_expiration_time
                0x00004df8       0x14 contiki-srf06-cc26xx.a(etimer.o)
                0x00004df8                etimer_next_expiration_time
 .text.etimer_stop
                0x00004e0c       0x4c contiki-srf06-cc26xx.a(etimer.o)
                0x00004e0c                etimer_stop
 .text.exit_process
                0x00004e58       0xb0 contiki-srf06-cc26xx.a(process.o)
 .text.call_process.part.0
                0x00004f08       0x38 contiki-srf06-cc26xx.a(process.o)
 .text.do_poll  0x00004f40       0x3c contiki-srf06-cc26xx.a(process.o)
 .text.process_alloc_event
                0x00004f7c       0x10 contiki-srf06-cc26xx.a(process.o)
                0x00004f7c                process_alloc_event
 .text.process_init
                0x00004f8c       0x34 contiki-srf06-cc26xx.a(process.o)
                0x00004f8c                process_init
 .text.process_run
                0x00004fc0       0xd8 contiki-srf06-cc26xx.a(process.o)
                0x00004fc0                process_run
 .text.process_nevents
                0x00005098       0x14 contiki-srf06-cc26xx.a(process.o)
                0x00005098                process_nevents
 .text.process_post
                0x000050ac       0x50 contiki-srf06-cc26xx.a(process.o)
                0x000050ac                process_post
 .text.process_post_synch
                0x000050fc       0x18 contiki-srf06-cc26xx.a(process.o)
                0x000050fc                process_post_synch
 .text.process_start
                0x00005114       0x40 contiki-srf06-cc26xx.a(process.o)
                0x00005114                process_start
 .text.process_poll
                0x00005154       0x18 contiki-srf06-cc26xx.a(process.o)
                0x00005154                process_poll
 .text.rtimer_init
                0x0000516c        0x4 contiki-srf06-cc26xx.a(rtimer.o)
                0x0000516c                rtimer_init
 .text.rtimer_set
                0x00005170       0x2c contiki-srf06-cc26xx.a(rtimer.o)
                0x00005170                rtimer_set
 .text.rtimer_run_next
                0x0000519c       0x28 contiki-srf06-cc26xx.a(rtimer.o)
                0x0000519c                rtimer_run_next
 .text.timer_set
                0x000051c4       0x10 contiki-srf06-cc26xx.a(timer.o)
                0x000051c4                timer_set
 .text.timer_reset
                0x000051d4        0xc contiki-srf06-cc26xx.a(timer.o)
                0x000051d4                timer_reset
 .text.timer_restart
                0x000051e0        0xc contiki-srf06-cc26xx.a(timer.o)
                0x000051e0                timer_restart
 .text.timer_expired
                0x000051ec       0x1c contiki-srf06-cc26xx.a(timer.o)
                0x000051ec                timer_expired
 .text.process_thread_serial_line_process
                0x00005208       0xac contiki-srf06-cc26xx.a(serial-line.o)
 .text.serial_line_input_byte
                0x000052b4       0x54 contiki-srf06-cc26xx.a(serial-line.o)
                0x000052b4                serial_line_input_byte
 .text.serial_line_init
                0x00005308       0x24 contiki-srf06-cc26xx.a(serial-line.o)
                0x00005308                serial_line_init
 .text.list_init
                0x0000532c        0x8 contiki-srf06-cc26xx.a(list.o)
                0x0000532c                list_init
 .text.list_head
                0x00005334        0x4 contiki-srf06-cc26xx.a(list.o)
                0x00005334                list_head
 .text.list_tail
                0x00005338       0x14 contiki-srf06-cc26xx.a(list.o)
                0x00005338                list_tail
 .text.list_add
                0x0000534c       0x48 contiki-srf06-cc26xx.a(list.o)
                0x0000534c                list_add
 .text.list_push
                0x00005394       0x40 contiki-srf06-cc26xx.a(list.o)
                0x00005394                list_push
 .text.list_remove
                0x000053d4       0x2c contiki-srf06-cc26xx.a(list.o)
                0x000053d4                list_remove
 .text.list_length
                0x00005400       0x14 contiki-srf06-cc26xx.a(list.o)
                0x00005400                list_length
 .text.list_item_next
                0x00005414        0x8 contiki-srf06-cc26xx.a(list.o)
                0x00005414                list_item_next
 .text.random_init
                0x0000541c        0x4 contiki-srf06-cc26xx.a(random.o)
                0x0000541c                random_init
 .text.random_rand
                0x00005420        0xc contiki-srf06-cc26xx.a(random.o)
                0x00005420                random_rand
 .text.ringbuf_init
                0x0000542c       0x10 contiki-srf06-cc26xx.a(ringbuf.o)
                0x0000542c                ringbuf_init
 .text.ringbuf_put
                0x0000543c       0x30 contiki-srf06-cc26xx.a(ringbuf.o)
                0x0000543c                ringbuf_put
 .text.ringbuf_get
                0x0000546c       0x28 contiki-srf06-cc26xx.a(ringbuf.o)
                0x0000546c                ringbuf_get
 .text.sicslowpan_init
                0x00005494       0x24 contiki-srf06-cc26xx.a(sicslowpan.o)
                0x00005494                sicslowpan_init
 .text.set_packet_attrs
                0x000054b8       0x4c contiki-srf06-cc26xx.a(sicslowpan.o)
 .text.compress_addr_64
                0x00005504       0x9c contiki-srf06-cc26xx.a(sicslowpan.o)
 .text.addr_context_lookup_by_prefix
                0x000055a0       0x28 contiki-srf06-cc26xx.a(sicslowpan.o)
 .text.send_packet
                0x000055c8       0x24 contiki-srf06-cc26xx.a(sicslowpan.o)
 .text.packet_sent
                0x000055ec       0x28 contiki-srf06-cc26xx.a(sicslowpan.o)
 .text.store_fragment
                0x00005614       0x68 contiki-srf06-cc26xx.a(sicslowpan.o)
 .text.add_fragment
                0x0000567c      0x19c contiki-srf06-cc26xx.a(sicslowpan.o)
 .text.uncompress_addr
                0x00005818       0xb8 contiki-srf06-cc26xx.a(sicslowpan.o)
 .text.input    0x000058d0      0x654 contiki-srf06-cc26xx.a(sicslowpan.o)
 .text.output   0x00005f24      0x738 contiki-srf06-cc26xx.a(sicslowpan.o)
 .text.chksum   0x0000665c       0x50 contiki-srf06-cc26xx.a(uip6.o)
 .text.upper_layer_chksum
                0x000066ac       0x58 contiki-srf06-cc26xx.a(uip6.o)
 .text.ext_hdr_options_process
                0x00006704       0xc8 contiki-srf06-cc26xx.a(uip6.o)
 .text.uip_add32
                0x000067cc       0x58 contiki-srf06-cc26xx.a(uip6.o)
                0x000067cc                uip_add32
 .text.unlikely.uip_add_rcv_nxt
                0x00006824       0x2c contiki-srf06-cc26xx.a(uip6.o)
 .text.uip_icmp6chksum
                0x00006850        0x8 contiki-srf06-cc26xx.a(uip6.o)
                0x00006850                uip_icmp6chksum
 .text.uip_init
                0x00006858       0x64 contiki-srf06-cc26xx.a(uip6.o)
                0x00006858                uip_init
 .text.remove_ext_hdr
                0x000068bc       0x60 contiki-srf06-cc26xx.a(uip6.o)
                0x000068bc                remove_ext_hdr
 .text.uip_unlisten
                0x0000691c       0x44 contiki-srf06-cc26xx.a(uip6.o)
                0x0000691c                uip_unlisten
 .text.uip_process
                0x00006960     0x119c contiki-srf06-cc26xx.a(uip6.o)
                0x00006960                uip_process
 .text.uip_htonl
                0x00007afc       0x14 contiki-srf06-cc26xx.a(uip6.o)
                0x00007afc                uip_htonl
 .text.uip_ds6_list_loop
                0x00007b10       0x60 contiki-srf06-cc26xx.a(uip-ds6.o)
                0x00007b10                uip_ds6_list_loop
 .text.uip_ds6_prefix_add
                0x00007b70       0x6c contiki-srf06-cc26xx.a(uip-ds6.o)
                0x00007b70                uip_ds6_prefix_add
 .text.uip_ds6_is_addr_onlink
                0x00007bdc       0x3c contiki-srf06-cc26xx.a(uip-ds6.o)
                0x00007bdc                uip_ds6_is_addr_onlink
 .text.uip_ds6_addr_lookup
                0x00007c18       0x30 contiki-srf06-cc26xx.a(uip-ds6.o)
                0x00007c18                uip_ds6_addr_lookup
 .text.uip_ds6_get_link_local
                0x00007c48       0x44 contiki-srf06-cc26xx.a(uip-ds6.o)
                0x00007c48                uip_ds6_get_link_local
 .text.uip_ds6_maddr_add
                0x00007c8c       0x50 contiki-srf06-cc26xx.a(uip-ds6.o)
                0x00007c8c                uip_ds6_maddr_add
 .text.uip_ds6_addr_add
                0x00007cdc       0xa8 contiki-srf06-cc26xx.a(uip-ds6.o)
                0x00007cdc                uip_ds6_addr_add
 .text.uip_ds6_maddr_lookup
                0x00007d84       0x30 contiki-srf06-cc26xx.a(uip-ds6.o)
                0x00007d84                uip_ds6_maddr_lookup
 .text.uip_ds6_addr_rm
                0x00007db4       0x48 contiki-srf06-cc26xx.a(uip-ds6.o)
                0x00007db4                uip_ds6_addr_rm
 .text.uip_ds6_periodic
                0x00007dfc       0x60 contiki-srf06-cc26xx.a(uip-ds6.o)
                0x00007dfc                uip_ds6_periodic
 .text.uip_ds6_select_src
                0x00007e5c       0xf4 contiki-srf06-cc26xx.a(uip-ds6.o)
                0x00007e5c                uip_ds6_select_src
 .text.uip_ds6_set_addr_iid
                0x00007f50       0x14 contiki-srf06-cc26xx.a(uip-ds6.o)
                0x00007f50                uip_ds6_set_addr_iid
 .text.uip_ds6_compute_reachable_time
                0x00007f64       0x28 contiki-srf06-cc26xx.a(uip-ds6.o)
                0x00007f64                uip_ds6_compute_reachable_time
 .text.uip_ds6_init
                0x00007f8c       0xf8 contiki-srf06-cc26xx.a(uip-ds6.o)
                0x00007f8c                uip_ds6_init
 .text.uip_ds6_nbr_rm
                0x00008084       0x20 contiki-srf06-cc26xx.a(uip-ds6-nbr.o)
                0x00008084                uip_ds6_nbr_rm
 .text.uip_ds6_neighbors_init
                0x000080a4       0x14 contiki-srf06-cc26xx.a(uip-ds6-nbr.o)
                0x000080a4                uip_ds6_neighbors_init
 .text.uip_ds6_nbr_add
                0x000080b8       0x54 contiki-srf06-cc26xx.a(uip-ds6-nbr.o)
                0x000080b8                uip_ds6_nbr_add
 .text.uip_ds6_nbr_get_ll
                0x0000810c       0x10 contiki-srf06-cc26xx.a(uip-ds6-nbr.o)
                0x0000810c                uip_ds6_nbr_get_ll
 .text.uip_ds6_nbr_lookup
                0x0000811c       0x3c contiki-srf06-cc26xx.a(uip-ds6-nbr.o)
                0x0000811c                uip_ds6_nbr_lookup
 .text.uip_ds6_nbr_ipaddr_from_lladdr
                0x00008158       0x10 contiki-srf06-cc26xx.a(uip-ds6-nbr.o)
                0x00008158                uip_ds6_nbr_ipaddr_from_lladdr
 .text.uip_ds6_nbr_lladdr_from_ipaddr
                0x00008168       0x1c contiki-srf06-cc26xx.a(uip-ds6-nbr.o)
                0x00008168                uip_ds6_nbr_lladdr_from_ipaddr
 .text.uip_ds6_link_neighbor_callback
                0x00008184       0x2c contiki-srf06-cc26xx.a(uip-ds6-nbr.o)
                0x00008184                uip_ds6_link_neighbor_callback
 .text.uip_ds6_neighbor_periodic
                0x000081b0       0x70 contiki-srf06-cc26xx.a(uip-ds6-nbr.o)
                0x000081b0                uip_ds6_neighbor_periodic
 .text.call_route_callback
                0x00008220       0x50 contiki-srf06-cc26xx.a(uip-ds6-route.o)
 .text.uip_ds6_route_init
                0x00008270       0x4c contiki-srf06-cc26xx.a(uip-ds6-route.o)
                0x00008270                uip_ds6_route_init
 .text.uip_ds6_route_nexthop
                0x000082bc       0x1c contiki-srf06-cc26xx.a(uip-ds6-route.o)
                0x000082bc                uip_ds6_route_nexthop
 .text.uip_ds6_route_head
                0x000082d8        0xc contiki-srf06-cc26xx.a(uip-ds6-route.o)
                0x000082d8                uip_ds6_route_head
 .text.uip_ds6_route_next
                0x000082e4        0x8 contiki-srf06-cc26xx.a(uip-ds6-route.o)
                0x000082e4                uip_ds6_route_next
 .text.uip_ds6_route_lookup
                0x000082ec       0x78 contiki-srf06-cc26xx.a(uip-ds6-route.o)
                0x000082ec                uip_ds6_route_lookup
 .text.uip_ds6_route_rm
                0x00008364       0xac contiki-srf06-cc26xx.a(uip-ds6-route.o)
                0x00008364                uip_ds6_route_rm
 .text.rm_routelist
                0x00008410       0x38 contiki-srf06-cc26xx.a(uip-ds6-route.o)
 .text.rm_routelist_callback
                0x00008448        0x4 contiki-srf06-cc26xx.a(uip-ds6-route.o)
 .text.uip_ds6_route_add
                0x0000844c      0x134 contiki-srf06-cc26xx.a(uip-ds6-route.o)
                0x0000844c                uip_ds6_route_add
 .text.uip_ds6_defrt_rm
                0x00008580       0x48 contiki-srf06-cc26xx.a(uip-ds6-route.o)
                0x00008580                uip_ds6_defrt_rm
 .text.uip_ds6_defrt_lookup
                0x000085c8       0x34 contiki-srf06-cc26xx.a(uip-ds6-route.o)
                0x000085c8                uip_ds6_defrt_lookup
 .text.uip_ds6_defrt_add
                0x000085fc       0x5c contiki-srf06-cc26xx.a(uip-ds6-route.o)
                0x000085fc                uip_ds6_defrt_add
 .text.uip_ds6_defrt_choose
                0x00008658       0x34 contiki-srf06-cc26xx.a(uip-ds6-route.o)
                0x00008658                uip_ds6_defrt_choose
 .text.uip_ds6_defrt_periodic
                0x0000868c       0x3c contiki-srf06-cc26xx.a(uip-ds6-route.o)
                0x0000868c                uip_ds6_defrt_periodic
 .text.echo_reply_input
                0x000086c8      0x110 contiki-srf06-cc26xx.a(uip-icmp6.o)
 .text.echo_request_input
                0x000087d8      0x118 contiki-srf06-cc26xx.a(uip-icmp6.o)
 .text.uip_icmp6_input
                0x000088f0       0x3c contiki-srf06-cc26xx.a(uip-icmp6.o)
                0x000088f0                uip_icmp6_input
 .text.uip_icmp6_register_input_handler
                0x0000892c        0xc contiki-srf06-cc26xx.a(uip-icmp6.o)
                0x0000892c                uip_icmp6_register_input_handler
 .text.uip_icmp6_error_output
                0x00008938      0x158 contiki-srf06-cc26xx.a(uip-icmp6.o)
                0x00008938                uip_icmp6_error_output
 .text.uip_icmp6_send
                0x00008a90       0x84 contiki-srf06-cc26xx.a(uip-icmp6.o)
                0x00008a90                uip_icmp6_send
 .text.uip_icmp6_init
                0x00008b14       0x24 contiki-srf06-cc26xx.a(uip-icmp6.o)
                0x00008b14                uip_icmp6_init
 .text.uip_nd6_init
                0x00008b38        0x4 contiki-srf06-cc26xx.a(uip-nd6.o)
                0x00008b38                uip_nd6_init
 .text.start_periodic_tcp_timer
                0x00008b3c       0x1c contiki-srf06-cc26xx.a(tcpip.o)
 .text.tcpip_set_outputfunc
                0x00008b58        0xc contiki-srf06-cc26xx.a(tcpip.o)
                0x00008b58                tcpip_set_outputfunc
 .text.tcpip_icmp6_call
                0x00008b64       0x28 contiki-srf06-cc26xx.a(tcpip.o)
                0x00008b64                tcpip_icmp6_call
 .text.tcpip_input
                0x00008b8c       0x24 contiki-srf06-cc26xx.a(tcpip.o)
                0x00008b8c                tcpip_input
 .text.tcpip_ipv6_output
                0x00008bb0       0xc8 contiki-srf06-cc26xx.a(tcpip.o)
                0x00008bb0                tcpip_ipv6_output
 .text.process_thread_tcpip_process
                0x00008c78      0x208 contiki-srf06-cc26xx.a(tcpip.o)
 .text.tcpip_uipcall
                0x00008e80       0x90 contiki-srf06-cc26xx.a(tcpip.o)
                0x00008e80                tcpip_uipcall
 .text.uip_debug_ipaddr_print
                0x00008f10       0xb0 contiki-srf06-cc26xx.a(uip-debug.o)
                0x00008f10                uip_debug_ipaddr_print
 .text.rpl_get_mode
                0x00008fc0        0xc contiki-srf06-cc26xx.a(rpl.o)
                0x00008fc0                rpl_get_mode
 .text.rpl_purge_routes
                0x00008fcc       0x7c contiki-srf06-cc26xx.a(rpl.o)
                0x00008fcc                rpl_purge_routes
 .text.rpl_remove_routes
                0x00009048       0x24 contiki-srf06-cc26xx.a(rpl.o)
                0x00009048                rpl_remove_routes
 .text.rpl_remove_routes_by_nexthop
                0x0000906c       0x40 contiki-srf06-cc26xx.a(rpl.o)
                0x0000906c                rpl_remove_routes_by_nexthop
 .text.rpl_add_route
                0x000090ac       0x2c contiki-srf06-cc26xx.a(rpl.o)
                0x000090ac                rpl_add_route
 .text.rpl_link_neighbor_callback
                0x000090d8       0x78 contiki-srf06-cc26xx.a(rpl.o)
                0x000090d8                rpl_link_neighbor_callback
 .text.rpl_ipv6_neighbor_callback
                0x00009150       0x30 contiki-srf06-cc26xx.a(rpl.o)
                0x00009150                rpl_ipv6_neighbor_callback
 .text.rpl_purge_dags
                0x00009180       0x40 contiki-srf06-cc26xx.a(rpl.o)
                0x00009180                rpl_purge_dags
 .text.rpl_init
                0x000091c0       0x58 contiki-srf06-cc26xx.a(rpl.o)
                0x000091c0                rpl_init
 .text.lollipop_greater_than
                0x00009218       0x3c contiki-srf06-cc26xx.a(rpl-dag.o)
 .text.rpl_set_preferred_parent
                0x00009254       0x2c contiki-srf06-cc26xx.a(rpl-dag.o)
 .text.set_ip_from_prefix
                0x00009280       0x2c contiki-srf06-cc26xx.a(rpl-dag.o)
 .text.check_prefix
                0x000092ac       0x78 contiki-srf06-cc26xx.a(rpl-dag.o)
 .text.find_parent_any_dag_any_instance
                0x00009324       0x1c contiki-srf06-cc26xx.a(rpl-dag.o)
 .text.rpl_get_nbr
                0x00009340       0x28 contiki-srf06-cc26xx.a(rpl-dag.o)
                0x00009340                rpl_get_nbr
 .text.rpl_dag_init
                0x00009368       0x14 contiki-srf06-cc26xx.a(rpl-dag.o)
                0x00009368                rpl_dag_init
 .text.rpl_get_parent
                0x0000937c       0x10 contiki-srf06-cc26xx.a(rpl-dag.o)
                0x0000937c                rpl_get_parent
 .text.rpl_get_parent_ipaddr
                0x0000938c       0x18 contiki-srf06-cc26xx.a(rpl-dag.o)
                0x0000938c                rpl_get_parent_ipaddr
 .text.rpl_repair_root
                0x000093a4       0x5c contiki-srf06-cc26xx.a(rpl-dag.o)
                0x000093a4                rpl_repair_root
 .text.rpl_set_prefix
                0x00009400       0x98 contiki-srf06-cc26xx.a(rpl-dag.o)
                0x00009400                rpl_set_prefix
 .text.rpl_set_default_route
                0x00009498       0x3c contiki-srf06-cc26xx.a(rpl-dag.o)
                0x00009498                rpl_set_default_route
 .text.rpl_alloc_instance
                0x000094d4       0x34 contiki-srf06-cc26xx.a(rpl-dag.o)
                0x000094d4                rpl_alloc_instance
 .text.rpl_alloc_dag
                0x00009508       0x5c contiki-srf06-cc26xx.a(rpl-dag.o)
                0x00009508                rpl_alloc_dag
 .text.rpl_add_parent
                0x00009564       0x44 contiki-srf06-cc26xx.a(rpl-dag.o)
                0x00009564                rpl_add_parent
 .text.rpl_find_parent
                0x000095a8       0x18 contiki-srf06-cc26xx.a(rpl-dag.o)
                0x000095a8                rpl_find_parent
 .text.rpl_find_parent_any_dag
                0x000095c0       0x20 contiki-srf06-cc26xx.a(rpl-dag.o)
                0x000095c0                rpl_find_parent_any_dag
 .text.rpl_select_parent
                0x000095e0       0x84 contiki-srf06-cc26xx.a(rpl-dag.o)
                0x000095e0                rpl_select_parent
 .text.rpl_select_dag
                0x00009664      0x17c contiki-srf06-cc26xx.a(rpl-dag.o)
                0x00009664                rpl_select_dag
 .text.rpl_nullify_parent
                0x000097e0       0x4c contiki-srf06-cc26xx.a(rpl-dag.o)
                0x000097e0                rpl_nullify_parent
 .text.rpl_remove_parent
                0x0000982c       0x1c contiki-srf06-cc26xx.a(rpl-dag.o)
                0x0000982c                rpl_remove_parent
 .text.nbr_callback
                0x00009848        0x4 contiki-srf06-cc26xx.a(rpl-dag.o)
 .text.remove_parents.constprop.5
                0x0000984c       0x44 contiki-srf06-cc26xx.a(rpl-dag.o)
 .text.rpl_free_dag
                0x00009890       0x38 contiki-srf06-cc26xx.a(rpl-dag.o)
                0x00009890                rpl_free_dag
 .text.rpl_move_parent
                0x000098c8       0x4c contiki-srf06-cc26xx.a(rpl-dag.o)
                0x000098c8                rpl_move_parent
 .text.rpl_get_any_dag
                0x00009914       0x18 contiki-srf06-cc26xx.a(rpl-dag.o)
                0x00009914                rpl_get_any_dag
 .text.rpl_get_instance
                0x0000992c       0x20 contiki-srf06-cc26xx.a(rpl-dag.o)
                0x0000992c                rpl_get_instance
 .text.rpl_join_instance
                0x0000994c      0x144 contiki-srf06-cc26xx.a(rpl-dag.o)
                0x0000994c                rpl_join_instance
 .text.rpl_local_repair
                0x00009a90       0x68 contiki-srf06-cc26xx.a(rpl-dag.o)
                0x00009a90                rpl_local_repair
 .text.rpl_process_parent_event
                0x00009af8       0x60 contiki-srf06-cc26xx.a(rpl-dag.o)
                0x00009af8                rpl_process_parent_event
 .text.rpl_add_dag
                0x00009b58      0x150 contiki-srf06-cc26xx.a(rpl-dag.o)
                0x00009b58                rpl_add_dag
 .text.rpl_recalculate_ranks
                0x00009ca8       0x50 contiki-srf06-cc26xx.a(rpl-dag.o)
                0x00009ca8                rpl_recalculate_ranks
 .text.rpl_process_dio
                0x00009cf8      0x318 contiki-srf06-cc26xx.a(rpl-dag.o)
                0x00009cf8                rpl_process_dio
 .text.rpl_verify_header
                0x0000a010      0x104 contiki-srf06-cc26xx.a(rpl-ext-header.)
                0x0000a010                rpl_verify_header
 .text.rpl_update_header_empty
                0x0000a114      0x12c contiki-srf06-cc26xx.a(rpl-ext-header.)
                0x0000a114                rpl_update_header_empty
 .text.rpl_update_header_final
                0x0000a240       0x88 contiki-srf06-cc26xx.a(rpl-ext-header.)
                0x0000a240                rpl_update_header_final
 .text.rpl_invert_header
                0x0000a2c8       0x68 contiki-srf06-cc26xx.a(rpl-ext-header.)
                0x0000a2c8                rpl_invert_header
 .text.rpl_insert_header
                0x0000a330       0x1c contiki-srf06-cc26xx.a(rpl-ext-header.)
                0x0000a330                rpl_insert_header
 .text.get32    0x0000a34c       0x20 contiki-srf06-cc26xx.a(rpl-icmp6.o)
 .text.dao_ack_input
                0x0000a36c       0x14 contiki-srf06-cc26xx.a(rpl-icmp6.o)
 .text.dio_input
                0x0000a380      0x2b8 contiki-srf06-cc26xx.a(rpl-icmp6.o)
 .text.dis_output
                0x0000a638       0x58 contiki-srf06-cc26xx.a(rpl-icmp6.o)
                0x0000a638                dis_output
 .text.dio_output
                0x0000a690      0x2dc contiki-srf06-cc26xx.a(rpl-icmp6.o)
                0x0000a690                dio_output
 .text.dis_input
                0x0000a96c       0x40 contiki-srf06-cc26xx.a(rpl-icmp6.o)
 .text.dao_output_target
                0x0000a9ac      0x104 contiki-srf06-cc26xx.a(rpl-icmp6.o)
                0x0000a9ac                dao_output_target
 .text.dao_output
                0x0000aab0       0x58 contiki-srf06-cc26xx.a(rpl-icmp6.o)
                0x0000aab0                dao_output
 .text.dao_ack_output
                0x0000ab08       0x30 contiki-srf06-cc26xx.a(rpl-icmp6.o)
                0x0000ab08                dao_ack_output
 .text.dao_input
                0x0000ab38      0x218 contiki-srf06-cc26xx.a(rpl-icmp6.o)
 .text.rpl_icmp6_register_handlers
                0x0000ad50       0x30 contiki-srf06-cc26xx.a(rpl-icmp6.o)
                0x0000ad50                rpl_icmp6_register_handlers
 .text.reset    0x0000ad80        0x4 contiki-srf06-cc26xx.a(rpl-mrhof.o)
 .text.update_metric_container
                0x0000ad84        0x8 contiki-srf06-cc26xx.a(rpl-mrhof.o)
 .text.calculate_rank
                0x0000ad8c       0x44 contiki-srf06-cc26xx.a(rpl-mrhof.o)
 .text.neighbor_link_callback
                0x0000add0       0x54 contiki-srf06-cc26xx.a(rpl-mrhof.o)
 .text.best_dag
                0x0000ae24       0x2c contiki-srf06-cc26xx.a(rpl-mrhof.o)
 .text.best_parent
                0x0000ae50       0x60 contiki-srf06-cc26xx.a(rpl-mrhof.o)
 .text.new_dio_interval
                0x0000aeb0       0x60 contiki-srf06-cc26xx.a(rpl-timers.o)
 .text.handle_periodic_timer
                0x0000af10       0x3c contiki-srf06-cc26xx.a(rpl-timers.o)
 .text.set_dao_lifetime_timer
                0x0000af4c       0x3c contiki-srf06-cc26xx.a(rpl-timers.o)
 .text.handle_unicast_dio_timer
                0x0000af88       0x1c contiki-srf06-cc26xx.a(rpl-timers.o)
 .text.handle_dio_timer
                0x0000afa4       0x8c contiki-srf06-cc26xx.a(rpl-timers.o)
 .text.schedule_dao
                0x0000b030       0x54 contiki-srf06-cc26xx.a(rpl-timers.o)
 .text.handle_dao_timer
                0x0000b084       0x5c contiki-srf06-cc26xx.a(rpl-timers.o)
 .text.rpl_reset_periodic_timer
                0x0000b0e0       0x3c contiki-srf06-cc26xx.a(rpl-timers.o)
                0x0000b0e0                rpl_reset_periodic_timer
 .text.rpl_reset_dio_timer
                0x0000b11c       0x1c contiki-srf06-cc26xx.a(rpl-timers.o)
                0x0000b11c                rpl_reset_dio_timer
 .text.rpl_schedule_dao
                0x0000b138        0x8 contiki-srf06-cc26xx.a(rpl-timers.o)
                0x0000b138                rpl_schedule_dao
 .text.rpl_schedule_unicast_dio_immediately
                0x0000b140       0x14 contiki-srf06-cc26xx.a(rpl-timers.o)
                0x0000b140                rpl_schedule_unicast_dio_immediately
 .text.rpl_schedule_probing
                0x0000b154       0x38 contiki-srf06-cc26xx.a(rpl-timers.o)
                0x0000b154                rpl_schedule_probing
 .text.handle_probing_timer
                0x0000b18c       0xdc contiki-srf06-cc26xx.a(rpl-timers.o)
 .text.NOROM_AONRTCCurrentCompareValueGet
                0x0000b268       0x24 contiki-srf06-cc26xx.a(aon_rtc.o)
                0x0000b268                NOROM_AONRTCCurrentCompareValueGet
 .text.NOROM_CPUcpsid
                0x0000b28c        0x8 contiki-srf06-cc26xx.a(cpu.o)
                0x0000b28c                NOROM_CPUcpsid
 .text.NOROM_CPUcpsie
                0x0000b294        0x8 contiki-srf06-cc26xx.a(cpu.o)
                0x0000b294                NOROM_CPUcpsie
 .text.NOROM_CPUdelay
                0x0000b29c        0x8 contiki-srf06-cc26xx.a(cpu.o)
                0x0000b29c                NOROM_CPUdelay
 .text.NOROM_DDI16BitfieldWrite
                0x0000b2a4       0x4c contiki-srf06-cc26xx.a(ddi.o)
                0x0000b2a4                NOROM_DDI16BitfieldWrite
 .text.NOROM_DDI16BitfieldRead
                0x0000b2f0       0x48 contiki-srf06-cc26xx.a(ddi.o)
                0x0000b2f0                NOROM_DDI16BitfieldRead
 .text.NOROM_OSCClockSourceSet
                0x0000b338       0x50 contiki-srf06-cc26xx.a(osc.o)
                0x0000b338                NOROM_OSCClockSourceSet
 .text.NOROM_OSCClockSourceGet
                0x0000b388       0x24 contiki-srf06-cc26xx.a(osc.o)
                0x0000b388                NOROM_OSCClockSourceGet
 .text.NOROM_OSCInterfaceEnable
                0x0000b3ac       0x34 contiki-srf06-cc26xx.a(osc.o)
                0x0000b3ac                NOROM_OSCInterfaceEnable
 .text.NOROM_PowerCtrlSourceSet
                0x0000b3e0       0x30 contiki-srf06-cc26xx.a(pwr_ctrl.o)
                0x0000b3e0                NOROM_PowerCtrlSourceSet
 .text.HapiTrimDeviceShutDown
                0x0000b410      0x4f4 contiki-srf06-cc26xx.a(setup.o)
 .text.trimDevice
                0x0000b904       0xfc contiki-srf06-cc26xx.a(setup.o)
                0x0000b904                trimDevice
 .text.SysCtrlSetRechargeBeforePowerDown
                0x0000ba00      0x1e8 contiki-srf06-cc26xx.a(sys_ctrl.o)
                0x0000ba00                SysCtrlSetRechargeBeforePowerDown
 .text.SysCtrlAdjustRechargeAfterPowerDown
                0x0000bbe8       0x64 contiki-srf06-cc26xx.a(sys_ctrl.o)
                0x0000bbe8                SysCtrlAdjustRechargeAfterPowerDown
 .text.SysCtrl_DCDC_VoltageConditionalControl
                0x0000bc4c       0x78 contiki-srf06-cc26xx.a(sys_ctrl.o)
                0x0000bc4c                SysCtrl_DCDC_VoltageConditionalControl
 .text.linkaddr_copy
                0x0000bcc4        0xc contiki-srf06-cc26xx.a(linkaddr.o)
                0x0000bcc4                linkaddr_copy
 .text.linkaddr_cmp
                0x0000bcd0       0x10 contiki-srf06-cc26xx.a(linkaddr.o)
                0x0000bcd0                linkaddr_cmp
 .text.nbr_set_bit
                0x0000bce0       0x4c contiki-srf06-cc26xx.a(nbr-table.o)
 .text.index_from_lladdr
                0x0000bd2c       0x50 contiki-srf06-cc26xx.a(nbr-table.o)
 .text.nbr_get_bit.constprop.0
                0x0000bd7c       0x2c contiki-srf06-cc26xx.a(nbr-table.o)
 .text.nbr_table_register
                0x0000bda8       0x2c contiki-srf06-cc26xx.a(nbr-table.o)
                0x0000bda8                nbr_table_register
 .text.nbr_table_next
                0x0000bdd4       0x70 contiki-srf06-cc26xx.a(nbr-table.o)
                0x0000bdd4                nbr_table_next
 .text.nbr_table_head
                0x0000be44       0x58 contiki-srf06-cc26xx.a(nbr-table.o)
                0x0000be44                nbr_table_head
 .text.nbr_table_add_lladdr
                0x0000be9c      0x190 contiki-srf06-cc26xx.a(nbr-table.o)
                0x0000be9c                nbr_table_add_lladdr
 .text.nbr_table_get_from_lladdr
                0x0000c02c       0x34 contiki-srf06-cc26xx.a(nbr-table.o)
                0x0000c02c                nbr_table_get_from_lladdr
 .text.nbr_table_remove
                0x0000c060       0x2c contiki-srf06-cc26xx.a(nbr-table.o)
                0x0000c060                nbr_table_remove
 .text.nbr_table_lock
                0x0000c08c       0x14 contiki-srf06-cc26xx.a(nbr-table.o)
                0x0000c08c                nbr_table_lock
 .text.nbr_table_unlock
                0x0000c0a0       0x14 contiki-srf06-cc26xx.a(nbr-table.o)
                0x0000c0a0                nbr_table_unlock
 .text.nbr_table_get_lladdr
                0x0000c0b4       0x30 contiki-srf06-cc26xx.a(nbr-table.o)
                0x0000c0b4                nbr_table_get_lladdr
 .text.netstack_init
                0x0000c0e4       0x38 contiki-srf06-cc26xx.a(netstack.o)
                0x0000c0e4                netstack_init
 .text.packetbuf_copyto
                0x0000c11c       0x50 contiki-srf06-cc26xx.a(packetbuf.o)
                0x0000c11c                packetbuf_copyto
 .text.packetbuf_hdralloc
                0x0000c16c       0x48 contiki-srf06-cc26xx.a(packetbuf.o)
                0x0000c16c                packetbuf_hdralloc
 .text.packetbuf_hdrreduce
                0x0000c1b4       0x2c contiki-srf06-cc26xx.a(packetbuf.o)
                0x0000c1b4                packetbuf_hdrreduce
 .text.packetbuf_set_datalen
                0x0000c1e0        0xc contiki-srf06-cc26xx.a(packetbuf.o)
                0x0000c1e0                packetbuf_set_datalen
 .text.packetbuf_dataptr
                0x0000c1ec       0x14 contiki-srf06-cc26xx.a(packetbuf.o)
                0x0000c1ec                packetbuf_dataptr
 .text.packetbuf_hdrptr
                0x0000c200       0x14 contiki-srf06-cc26xx.a(packetbuf.o)
                0x0000c200                packetbuf_hdrptr
 .text.packetbuf_datalen
                0x0000c214        0xc contiki-srf06-cc26xx.a(packetbuf.o)
                0x0000c214                packetbuf_datalen
 .text.packetbuf_totlen
                0x0000c220       0x28 contiki-srf06-cc26xx.a(packetbuf.o)
                0x0000c220                packetbuf_totlen
 .text.packetbuf_attr_clear
                0x0000c248       0x38 contiki-srf06-cc26xx.a(packetbuf.o)
                0x0000c248                packetbuf_attr_clear
 .text.packetbuf_clear
                0x0000c280       0x34 contiki-srf06-cc26xx.a(packetbuf.o)
                0x0000c280                packetbuf_clear
 .text.packetbuf_copyfrom
                0x0000c2b4       0x2c contiki-srf06-cc26xx.a(packetbuf.o)
                0x0000c2b4                packetbuf_copyfrom
 .text.packetbuf_attr_copyto
                0x0000c2e0       0x44 contiki-srf06-cc26xx.a(packetbuf.o)
                0x0000c2e0                packetbuf_attr_copyto
 .text.packetbuf_attr_copyfrom
                0x0000c324       0x44 contiki-srf06-cc26xx.a(packetbuf.o)
                0x0000c324                packetbuf_attr_copyfrom
 .text.packetbuf_set_attr
                0x0000c368       0x10 contiki-srf06-cc26xx.a(packetbuf.o)
                0x0000c368                packetbuf_set_attr
 .text.packetbuf_attr
                0x0000c378        0xc contiki-srf06-cc26xx.a(packetbuf.o)
                0x0000c378                packetbuf_attr
 .text.packetbuf_set_addr
                0x0000c384       0x18 contiki-srf06-cc26xx.a(packetbuf.o)
                0x0000c384                packetbuf_set_addr
 .text.packetbuf_addr
                0x0000c39c       0x10 contiki-srf06-cc26xx.a(packetbuf.o)
                0x0000c39c                packetbuf_addr
 .text.packetbuf_holds_broadcast
                0x0000c3ac       0x10 contiki-srf06-cc26xx.a(packetbuf.o)
                0x0000c3ac                packetbuf_holds_broadcast
 .text.queuebuf_init
                0x0000c3bc       0x1c contiki-srf06-cc26xx.a(queuebuf.o)
                0x0000c3bc                queuebuf_init
 .text.queuebuf_numfree
                0x0000c3d8        0xc contiki-srf06-cc26xx.a(queuebuf.o)
                0x0000c3d8                queuebuf_numfree
 .text.queuebuf_new_from_packetbuf
                0x0000c3e4       0x48 contiki-srf06-cc26xx.a(queuebuf.o)
                0x0000c3e4                queuebuf_new_from_packetbuf
 .text.queuebuf_update_attr_from_packetbuf
                0x0000c42c        0xc contiki-srf06-cc26xx.a(queuebuf.o)
                0x0000c42c                queuebuf_update_attr_from_packetbuf
 .text.queuebuf_update_from_packetbuf
                0x0000c438       0x1c contiki-srf06-cc26xx.a(queuebuf.o)
                0x0000c438                queuebuf_update_from_packetbuf
 .text.queuebuf_free
                0x0000c454       0x2c contiki-srf06-cc26xx.a(queuebuf.o)
                0x0000c454                queuebuf_free
 .text.queuebuf_to_packetbuf
                0x0000c480       0x30 contiki-srf06-cc26xx.a(queuebuf.o)
                0x0000c480                queuebuf_to_packetbuf
 .text.queuebuf_attr
                0x0000c4b0        0xc contiki-srf06-cc26xx.a(queuebuf.o)
                0x0000c4b0                queuebuf_attr
 .text.input_packet
                0x0000c4bc        0xc contiki-srf06-cc26xx.a(csma.o)
 .text.on       0x0000c4c8        0xc contiki-srf06-cc26xx.a(csma.o)
 .text.off      0x0000c4d4        0xc contiki-srf06-cc26xx.a(csma.o)
 .text.channel_check_interval
                0x0000c4e0       0x10 contiki-srf06-cc26xx.a(csma.o)
 .text.transmit_packet_list
                0x0000c4f0       0x34 contiki-srf06-cc26xx.a(csma.o)
 .text.free_packet
                0x0000c524       0x98 contiki-srf06-cc26xx.a(csma.o)
 .text.packet_sent
                0x0000c5bc      0x100 contiki-srf06-cc26xx.a(csma.o)
 .text.send_packet
                0x0000c6bc      0x164 contiki-srf06-cc26xx.a(csma.o)
 .text.init     0x0000c820       0x24 contiki-srf06-cc26xx.a(csma.o)
 .text.parse    0x0000c844       0xa0 contiki-srf06-cc26xx.a(framer-802154.o)
 .text.create_frame.isra.0
                0x0000c8e4      0x13c contiki-srf06-cc26xx.a(framer-802154.o)
 .text.create   0x0000ca20        0x8 contiki-srf06-cc26xx.a(framer-802154.o)
 .text.hdr_length
                0x0000ca28        0x8 contiki-srf06-cc26xx.a(framer-802154.o)
 .text.mac_call_sent_callback
                0x0000ca30       0x10 contiki-srf06-cc26xx.a(mac.o)
                0x0000ca30                mac_call_sent_callback
 .text.duty_cycle
                0x0000ca40        0x4 contiki-srf06-cc26xx.a(contikimac.o)
 .text.init     0x0000ca44       0x40 contiki-srf06-cc26xx.a(contikimac.o)
 .text.on       0x0000ca84       0x2c contiki-srf06-cc26xx.a(contikimac.o)
 .text.off      0x0000cab0       0x38 contiki-srf06-cc26xx.a(contikimac.o)
 .text.recv_burst_off
                0x0000cae8       0x14 contiki-srf06-cc26xx.a(contikimac.o)
 .text.powercycle_turn_radio_off.part.2
                0x0000cafc       0x10 contiki-srf06-cc26xx.a(contikimac.o)
 .text.turn_off
                0x0000cb0c       0x48 contiki-srf06-cc26xx.a(contikimac.o)
 .text.turn_on  0x0000cb54       0x40 contiki-srf06-cc26xx.a(contikimac.o)
 .text.schedule_powercycle_fixed.part.5
                0x0000cb94       0x2c contiki-srf06-cc26xx.a(contikimac.o)
 .text.input_packet
                0x0000cbc0       0xac contiki-srf06-cc26xx.a(contikimac.o)
 .text.send_packet.isra.8
                0x0000cc6c      0x228 contiki-srf06-cc26xx.a(contikimac.o)
 .text.qsend_list
                0x0000ce94       0xe0 contiki-srf06-cc26xx.a(contikimac.o)
 .text.qsend_packet
                0x0000cf74       0x24 contiki-srf06-cc26xx.a(contikimac.o)
 .text.powercycle_wrapper
                0x0000cf98      0x234 contiki-srf06-cc26xx.a(contikimac.o)
 .text.init     0x0000d1cc        0x4 contiki-srf06-cc26xx.a(nullsec.o)
 .text.input    0x0000d1d0        0xc contiki-srf06-cc26xx.a(nullsec.o)
 .text.send     0x0000d1dc       0x20 contiki-srf06-cc26xx.a(nullsec.o)
 .text.sensor_common_read_reg
                0x0000d1fc       0x1c contiki-srf06-cc26xx.a(sensor-common.o)
                0x0000d1fc                sensor_common_read_reg
 .text.sensor_common_write_reg
                0x0000d218       0x38 contiki-srf06-cc26xx.a(sensor-common.o)
                0x0000d218                sensor_common_write_reg
 .text.sensor_common_set_error_data
                0x0000d250       0x10 contiki-srf06-cc26xx.a(sensor-common.o)
                0x0000d250                sensor_common_set_error_data
 .text.verify_part
                0x0000d260       0x6c contiki-srf06-cc26xx.a(ext-flash.o)
 .text.wait_ready
                0x0000d2cc       0x64 contiki-srf06-cc26xx.a(ext-flash.o)
 .text.power_down
                0x0000d330       0x50 contiki-srf06-cc26xx.a(ext-flash.o)
 .text.ext_flash_open
                0x0000d380       0x60 contiki-srf06-cc26xx.a(ext-flash.o)
                0x0000d380                ext_flash_open
 .text.ext_flash_init
                0x0000d3e0       0x14 contiki-srf06-cc26xx.a(ext-flash.o)
                0x0000d3e0                ext_flash_init
 .text.accessible
                0x0000d3f4       0x24 contiki-srf06-cc26xx.a(board-spi.o)
 .text.board_spi_write
                0x0000d418       0x3c contiki-srf06-cc26xx.a(board-spi.o)
                0x0000d418                board_spi_write
 .text.board_spi_read
                0x0000d454       0x48 contiki-srf06-cc26xx.a(board-spi.o)
                0x0000d454                board_spi_read
 .text.board_spi_flush
                0x0000d49c       0x24 contiki-srf06-cc26xx.a(board-spi.o)
                0x0000d49c                board_spi_flush
 .text.board_spi_open
                0x0000d4c0       0xc0 contiki-srf06-cc26xx.a(board-spi.o)
                0x0000d4c0                board_spi_open
 .text.board_spi_close
                0x0000d580       0x70 contiki-srf06-cc26xx.a(board-spi.o)
                0x0000d580                board_spi_close
 .text.process_thread_rf_core_process
                0x0000d5f0       0x58 contiki-srf06-cc26xx.a(rf-core.o)
 .text.rf_core_is_accessible
                0x0000d648       0x10 contiki-srf06-cc26xx.a(rf-core.o)
                0x0000d648                rf_core_is_accessible
 .text.rf_core_send_cmd
                0x0000d658       0xa4 contiki-srf06-cc26xx.a(rf-core.o)
                0x0000d658                rf_core_send_cmd
 .text.rf_core_wait_cmd_done
                0x0000d6fc       0x30 contiki-srf06-cc26xx.a(rf-core.o)
                0x0000d6fc                rf_core_wait_cmd_done
 .text.rf_core_power_up
                0x0000d72c       0xb4 contiki-srf06-cc26xx.a(rf-core.o)
                0x0000d72c                rf_core_power_up
 .text.rf_core_power_down
                0x0000d7e0       0xe8 contiki-srf06-cc26xx.a(rf-core.o)
                0x0000d7e0                rf_core_power_down
 .text.rf_core_set_modesel
                0x0000d8c8       0x68 contiki-srf06-cc26xx.a(rf-core.o)
                0x0000d8c8                rf_core_set_modesel
 .text.rf_core_boot
                0x0000d930       0x30 contiki-srf06-cc26xx.a(rf-core.o)
                0x0000d930                rf_core_boot
 .text.rf_core_setup_interrupts
                0x0000d960       0x6c contiki-srf06-cc26xx.a(rf-core.o)
                0x0000d960                rf_core_setup_interrupts
 .text.rf_core_cmd_done_en
                0x0000d9cc       0x28 contiki-srf06-cc26xx.a(rf-core.o)
                0x0000d9cc                rf_core_cmd_done_en
 .text.rf_core_cmd_done_dis
                0x0000d9f4       0x10 contiki-srf06-cc26xx.a(rf-core.o)
                0x0000d9f4                rf_core_cmd_done_dis
 .text.rf_core_get_last_radio_op
                0x0000da04        0xc contiki-srf06-cc26xx.a(rf-core.o)
                0x0000da04                rf_core_get_last_radio_op
 .text.rf_core_init_radio_op
                0x0000da10       0x20 contiki-srf06-cc26xx.a(rf-core.o)
                0x0000da10                rf_core_init_radio_op
 .text.rf_core_primary_mode_register
                0x0000da30        0xc contiki-srf06-cc26xx.a(rf-core.o)
                0x0000da30                rf_core_primary_mode_register
 .text.RFCCPE1IntHandler
                0x0000da3c       0x28 contiki-srf06-cc26xx.a(rf-core.o)
                0x0000da3c                RFCCPE1IntHandler
 .text.RFCCPE0IntHandler
                0x0000da64       0x5c contiki-srf06-cc26xx.a(rf-core.o)
                0x0000da64                RFCCPE0IntHandler
 .text.rf_ble_is_active
                0x0000dac0        0xc contiki-srf06-cc26xx.a(rf-ble.o)
                0x0000dac0                rf_ble_is_active
 .text.stimer_set
                0x0000dacc       0x10 contiki-srf06-cc26xx.a(stimer.o)
                0x0000dacc                stimer_set
 .text.stimer_expired
                0x0000dadc       0x20 contiki-srf06-cc26xx.a(stimer.o)
                0x0000dadc                stimer_expired
 .text.memb_init
                0x0000dafc       0x24 contiki-srf06-cc26xx.a(memb.o)
                0x0000dafc                memb_init
 .text.memb_alloc
                0x0000db20       0x3c contiki-srf06-cc26xx.a(memb.o)
                0x0000db20                memb_alloc
 .text.memb_free
                0x0000db5c       0x44 contiki-srf06-cc26xx.a(memb.o)
                0x0000db5c                memb_free
 .text.memb_inmemb
                0x0000dba0       0x1c contiki-srf06-cc26xx.a(memb.o)
                0x0000dba0                memb_inmemb
 .text.memb_numfree
                0x0000dbbc       0x1c contiki-srf06-cc26xx.a(memb.o)
                0x0000dbbc                memb_numfree
 .text.AONBatMonTemperatureGetDegC
                0x0000dbd8       0x30 contiki-srf06-cc26xx.a(aon_batmon.o)
                0x0000dbd8                AONBatMonTemperatureGetDegC
 .text.ChipInfo_GetSupportedProtocol_BV
                0x0000dc08       0x10 contiki-srf06-cc26xx.a(chipinfo.o)
                0x0000dc08                ChipInfo_GetSupportedProtocol_BV
 .text.ChipInfo_GetChipFamily
                0x0000dc18       0x38 contiki-srf06-cc26xx.a(chipinfo.o)
                0x0000dc18                ChipInfo_GetChipFamily
 .text.ChipInfo_GetHwRevision
                0x0000dc50       0x98 contiki-srf06-cc26xx.a(chipinfo.o)
                0x0000dc50                ChipInfo_GetHwRevision
 .text.ThisCodeIsBuiltForCC26xxHwRev22AndLater_HaltIfViolated
                0x0000dce8       0x2c contiki-srf06-cc26xx.a(chipinfo.o)
                0x0000dce8                ThisCodeIsBuiltForCC26xxHwRev22AndLater_HaltIfViolated
 .text.frame802154_get_pan_id
                0x0000dd14        0xc contiki-srf06-cc26xx.a(frame802154.o)
                0x0000dd14                frame802154_get_pan_id
 .text.frame802154_has_panid
                0x0000dd20       0x54 contiki-srf06-cc26xx.a(frame802154.o)
                0x0000dd20                frame802154_has_panid
 .text.field_len
                0x0000dd74       0x9c contiki-srf06-cc26xx.a(frame802154.o)
 .text.frame802154_is_broadcast_addr
                0x0000de10       0x20 contiki-srf06-cc26xx.a(frame802154.o)
                0x0000de10                frame802154_is_broadcast_addr
 .text.frame802154_hdrlen
                0x0000de30       0x34 contiki-srf06-cc26xx.a(frame802154.o)
                0x0000de30                frame802154_hdrlen
 .text.frame802154_create
                0x0000de64      0x10c contiki-srf06-cc26xx.a(frame802154.o)
                0x0000de64                frame802154_create
 .text.frame802154_parse
                0x0000df70      0x17c contiki-srf06-cc26xx.a(frame802154.o)
                0x0000df70                frame802154_parse
 .text.mac_sequence_is_duplicate
                0x0000e0ec       0x3c contiki-srf06-cc26xx.a(mac-sequence.o)
                0x0000e0ec                mac_sequence_is_duplicate
 .text.mac_sequence_register_seqno
                0x0000e128       0x70 contiki-srf06-cc26xx.a(mac-sequence.o)
                0x0000e128                mac_sequence_register_seqno
 .text.exp2     0x0000e198       0x10 /usr/bin/../lib/gcc/arm-none-eabi/4.9.3/../../../../arm-none-eabi/lib/armv7-m/libm.a(lib_a-w_exp2.o)
                0x0000e198                exp2
 .text.pow      0x0000e1a8      0x2f0 /usr/bin/../lib/gcc/arm-none-eabi/4.9.3/../../../../arm-none-eabi/lib/armv7-m/libm.a(lib_a-w_pow.o)
                0x0000e1a8                pow
 .text.__ieee754_sqrt
                0x0000e498      0x18c /usr/bin/../lib/gcc/arm-none-eabi/4.9.3/../../../../arm-none-eabi/lib/armv7-m/libm.a(lib_a-e_sqrt.o)
                0x0000e498                __ieee754_sqrt
 .text.fabs     0x0000e624        0x8 /usr/bin/../lib/gcc/arm-none-eabi/4.9.3/../../../../arm-none-eabi/lib/armv7-m/libm.a(lib_a-s_fabs.o)
                0x0000e624                fabs
 .text.finite   0x0000e62c        0xc /usr/bin/../lib/gcc/arm-none-eabi/4.9.3/../../../../arm-none-eabi/lib/armv7-m/libm.a(lib_a-s_finite.o)
                0x0000e62c                finite
 .text.__fpclassifyd
                0x0000e638       0x58 /usr/bin/../lib/gcc/arm-none-eabi/4.9.3/../../../../arm-none-eabi/lib/armv7-m/libm.a(lib_a-s_fpclassify.o)
                0x0000e638                __fpclassifyd
 .text.matherr  0x0000e690        0x4 /usr/bin/../lib/gcc/arm-none-eabi/4.9.3/../../../../arm-none-eabi/lib/armv7-m/libm.a(lib_a-s_matherr.o)
                0x0000e690                matherr
 .text.nan      0x0000e694        0xc /usr/bin/../lib/gcc/arm-none-eabi/4.9.3/../../../../arm-none-eabi/lib/armv7-m/libm.a(lib_a-s_nan.o)
                0x0000e694                nan
 .text.rint     0x0000e6a0      0x11c /usr/bin/../lib/gcc/arm-none-eabi/4.9.3/../../../../arm-none-eabi/lib/armv7-m/libm.a(lib_a-s_rint.o)
                0x0000e6a0                rint
 .text.copysign
                0x0000e7bc       0x10 /usr/bin/../lib/gcc/arm-none-eabi/4.9.3/../../../../arm-none-eabi/lib/armv7-m/libm.a(lib_a-s_copysign.o)
                0x0000e7bc                copysign
 .text          0x0000e7cc      0x370 /usr/bin/../lib/gcc/arm-none-eabi/4.9.3/armv7-m/libgcc.a(_arm_addsubdf3.o)
                0x0000e7cc                __aeabi_drsub
                0x0000e7d4                __aeabi_dsub
                0x0000e7d4                __subdf3
                0x0000e7d8                __adddf3
                0x0000e7d8                __aeabi_dadd
                0x0000ea50                __aeabi_ui2d
                0x0000ea50                __floatunsidf
                0x0000ea70                __floatsidf
                0x0000ea70                __aeabi_i2d
                0x0000ea94                __extendsfdf2
                0x0000ea94                __aeabi_f2d
                0x0000ead0                __aeabi_ul2d
                0x0000ead0                __floatundidf
                0x0000eae0                __floatdidf
                0x0000eae0                __aeabi_l2d
 .text          0x0000eb3c      0x424 /usr/bin/../lib/gcc/arm-none-eabi/4.9.3/armv7-m/libgcc.a(_arm_muldivdf3.o)
                0x0000eb3c                __aeabi_dmul
                0x0000eb3c                __muldf3
                0x0000ed90                __aeabi_ddiv
                0x0000ed90                __divdf3
 .text          0x0000ef60      0x110 /usr/bin/../lib/gcc/arm-none-eabi/4.9.3/armv7-m/libgcc.a(_arm_cmpdf2.o)
                0x0000ef60                __gtdf2
                0x0000ef60                __gedf2
                0x0000ef68                __ltdf2
                0x0000ef68                __ledf2
                0x0000ef70                __cmpdf2
                0x0000ef70                __eqdf2
                0x0000ef70                __nedf2
                0x0000efec                __aeabi_cdrcmple
                0x0000effc                __aeabi_cdcmple
                0x0000effc                __aeabi_cdcmpeq
                0x0000f00c                __aeabi_dcmpeq
                0x0000f020                __aeabi_dcmplt
                0x0000f034                __aeabi_dcmple
                0x0000f048                __aeabi_dcmpge
                0x0000f05c                __aeabi_dcmpgt
 .text          0x0000f070       0xa0 /usr/bin/../lib/gcc/arm-none-eabi/4.9.3/armv7-m/libgcc.a(_arm_truncdfsf2.o)
                0x0000f070                __aeabi_d2f
                0x0000f070                __truncdfsf2
 .text          0x0000f110      0x21c /usr/bin/../lib/gcc/arm-none-eabi/4.9.3/armv7-m/libgcc.a(_arm_addsubsf3.o)
                0x0000f110                __aeabi_frsub
                0x0000f118                __subsf3
                0x0000f118                __aeabi_fsub
                0x0000f11c                __aeabi_fadd
                0x0000f11c                __addsf3
                0x0000f27c                __aeabi_ui2f
                0x0000f27c                __floatunsisf
                0x0000f284                __aeabi_i2f
                0x0000f284                __floatsisf
                0x0000f2a0                __floatundisf
                0x0000f2a0                __aeabi_ul2f
                0x0000f2b0                __floatdisf
                0x0000f2b0                __aeabi_l2f
 .text          0x0000f32c      0x2a0 /usr/bin/../lib/gcc/arm-none-eabi/4.9.3/armv7-m/libgcc.a(_arm_muldivsf3.o)
                0x0000f32c                __mulsf3
                0x0000f32c                __aeabi_fmul
                0x0000f494                __divsf3
                0x0000f494                __aeabi_fdiv
 .text          0x0000f5cc       0x4c /usr/bin/../lib/gcc/arm-none-eabi/4.9.3/armv7-m/libgcc.a(_arm_fixsfsi.o)
                0x0000f5cc                __fixsfsi
                0x0000f5cc                __aeabi_f2iz
 .text          0x0000f618       0x30 /usr/bin/../lib/gcc/arm-none-eabi/4.9.3/armv7-m/libgcc.a(_aeabi_uldivmod.o)
                0x0000f618                __aeabi_uldivmod
 .text          0x0000f648       0x60 /usr/bin/../lib/gcc/arm-none-eabi/4.9.3/armv7-m/libgcc.a(bpabi.o)
                0x0000f648                __gnu_ldivmod_helper
                0x0000f678                __gnu_uldivmod_helper
 .text          0x0000f6a8        0x4 /usr/bin/../lib/gcc/arm-none-eabi/4.9.3/armv7-m/libgcc.a(_dvmd_tls.o)
                0x0000f6a8                __aeabi_ldiv0
                0x0000f6a8                __aeabi_idiv0
 .text          0x0000f6ac      0x2ac /usr/bin/../lib/gcc/arm-none-eabi/4.9.3/armv7-m/libgcc.a(_divdi3.o)
                0x0000f6ac                __divdi3
 .text          0x0000f958      0x270 /usr/bin/../lib/gcc/arm-none-eabi/4.9.3/armv7-m/libgcc.a(_udivdi3.o)
                0x0000f958                __udivdi3
 .text.__errno  0x0000fbc8        0xc /usr/bin/../lib/gcc/arm-none-eabi/4.9.3/../../../../arm-none-eabi/lib/armv7-m/libc.a(lib_a-errno.o)
                0x0000fbc8                __errno
 .text.memcmp   0x0000fbd4       0x64 /usr/bin/../lib/gcc/arm-none-eabi/4.9.3/../../../../arm-none-eabi/lib/armv7-m/libc.a(lib_a-memcmp.o)
                0x0000fbd4                memcmp
 .text          0x0000fc38       0xec /usr/bin/../lib/gcc/arm-none-eabi/4.9.3/../../../../arm-none-eabi/lib/armv7-m/libc.a(lib_a-memcpy.o)
                0x0000fc38                memcpy
 .text.memmove  0x0000fd24       0xc8 /usr/bin/../lib/gcc/arm-none-eabi/4.9.3/../../../../arm-none-eabi/lib/armv7-m/libc.a(lib_a-memmove.o)
                0x0000fd24                memmove
 .text.memset   0x0000fdec       0x9c /usr/bin/../lib/gcc/arm-none-eabi/4.9.3/../../../../arm-none-eabi/lib/armv7-m/libc.a(lib_a-memset.o)
                0x0000fdec                memset
 .text.srand    0x0000fe88       0x14 /usr/bin/../lib/gcc/arm-none-eabi/4.9.3/../../../../arm-none-eabi/lib/armv7-m/libc.a(lib_a-rand.o)
                0x0000fe88                srand
 .text.rand     0x0000fe9c       0x40 /usr/bin/../lib/gcc/arm-none-eabi/4.9.3/../../../../arm-none-eabi/lib/armv7-m/libc.a(lib_a-rand.o)
                0x0000fe9c                rand
 .text          0x0000fedc      0x1bc /usr/bin/../lib/gcc/arm-none-eabi/4.9.3/../../../../arm-none-eabi/lib/armv7-m/libc.a(lib_a-strcmp.o)
                0x0000fedc                strcmp
 .text.strlen   0x00010098       0x5c /usr/bin/../lib/gcc/arm-none-eabi/4.9.3/../../../../arm-none-eabi/lib/armv7-m/libc.a(lib_a-strlen.o)
                0x00010098                strlen
 *(SORT(.rodata*))
 *fill*         0x000100f4        0x4 00000000
 .rodata.dp_h   0x000100f8       0x10 /usr/bin/../lib/gcc/arm-none-eabi/4.9.3/../../../../arm-none-eabi/lib/armv7-m/libm.a(lib_a-e_pow.o)
 .rodata.dp_l   0x00010108       0x10 /usr/bin/../lib/gcc/arm-none-eabi/4.9.3/../../../../arm-none-eabi/lib/armv7-m/libm.a(lib_a-e_pow.o)
 .rodata.bp     0x00010118       0x10 /usr/bin/../lib/gcc/arm-none-eabi/4.9.3/../../../../arm-none-eabi/lib/armv7-m/libm.a(lib_a-e_pow.o)
 .rodata.TWO52  0x00010128       0x10 /usr/bin/../lib/gcc/arm-none-eabi/4.9.3/../../../../arm-none-eabi/lib/armv7-m/libm.a(lib_a-s_rint.o)
 .rodata.autostart_processes
                0x00010138        0x8 prac1.co
                0x00010138                autostart_processes
 .rodata.str1.4
                0x00010140       0x79 prac1.co
                                 0x7d (size before relaxing)
 *fill*         0x000101b9        0x3 00000000
 .rodata.str1.4
                0x000101bc       0xa1 contiki-srf06-cc26xx.a(contiki-main.o)
 *fill*         0x0001025d        0x3 00000000
 .rodata.str1.4
                0x00010260        0x8 contiki-srf06-cc26xx.a(sensors.o)
 .rodata.str1.4
                0x00010268        0x7 contiki-srf06-cc26xx.a(bmp-280-sensor.)
 *fill*         0x0001026f        0x1 00000000
 .rodata.bmp_280_sensor
                0x00010270       0x10 contiki-srf06-cc26xx.a(bmp-280-sensor.)
                0x00010270                bmp_280_sensor
 .rodata.tmp_007_sensor
                0x00010280       0x10 contiki-srf06-cc26xx.a(tmp-007-sensor.)
                0x00010280                tmp_007_sensor
 .rodata.str1.4
                0x00010290        0x7 contiki-srf06-cc26xx.a(tmp-007-sensor.)
 *fill*         0x00010297        0x1 00000000
 .rodata.str1.4
                0x00010298        0x8 contiki-srf06-cc26xx.a(opt-3001-sensor)
 .rodata.opt_3001_sensor
                0x000102a0       0x10 contiki-srf06-cc26xx.a(opt-3001-sensor)
                0x000102a0                opt_3001_sensor
 .rodata.hdc_1000_sensor
                0x000102b0       0x10 contiki-srf06-cc26xx.a(hdc-1000-sensor)
                0x000102b0                hdc_1000_sensor
 .rodata.str1.4
                0x000102c0        0x8 contiki-srf06-cc26xx.a(hdc-1000-sensor)
 .rodata.mpu_9250_sensor
                0x000102c8       0x10 contiki-srf06-cc26xx.a(mpu-9250-sensor)
                0x000102c8                mpu_9250_sensor
 .rodata.str1.4
                0x000102d8        0x8 contiki-srf06-cc26xx.a(mpu-9250-sensor)
 .rodata.str1.4
                0x000102e0        0x7 contiki-srf06-cc26xx.a(button-sensor.o)
 *fill*         0x000102e7        0x1 00000000
 .rodata.button_left_sensor
                0x000102e8       0x10 contiki-srf06-cc26xx.a(button-sensor.o)
                0x000102e8                button_left_sensor
 .rodata.button_right_sensor
                0x000102f8       0x10 contiki-srf06-cc26xx.a(button-sensor.o)
                0x000102f8                button_right_sensor
 .rodata.str1.4
                0x00010308        0x5 contiki-srf06-cc26xx.a(reed-relay.o)
 *fill*         0x0001030d        0x3 00000000
 .rodata.reed_relay_sensor
                0x00010310       0x10 contiki-srf06-cc26xx.a(reed-relay.o)
                0x00010310                reed_relay_sensor
 .rodata.output_power
                0x00010320       0x68 contiki-srf06-cc26xx.a(ieee-mode.o)
 .rodata.ieee_mode_driver
                0x00010388       0x38 contiki-srf06-cc26xx.a(ieee-mode.o)
                0x00010388                ieee_mode_driver
 .rodata.mode_ieee
                0x000103c0        0x8 contiki-srf06-cc26xx.a(ieee-mode.o)
 .rodata.str1.4
                0x000103c8       0x46 contiki-srf06-cc26xx.a(strformat.o)
 *fill*         0x0001040e        0x2 00000000
 .rodata.buffer.4019
                0x00010410       0x10 contiki-srf06-cc26xx.a(strformat.o)
 .rodata.buffer.4028
                0x00010420       0x10 contiki-srf06-cc26xx.a(strformat.o)
 .rodata.str1.4
                0x00010430        0xf contiki-srf06-cc26xx.a(ctimer.o)
 *fill*         0x0001043f        0x1 00000000
 .rodata.str1.4
                0x00010440        0xc contiki-srf06-cc26xx.a(etimer.o)
 .rodata.str1.4
                0x0001044c        0xe contiki-srf06-cc26xx.a(serial-line.o)
 *fill*         0x0001045a        0x2 00000000
 .rodata        0x0001045c        0x2 contiki-srf06-cc26xx.a(sicslowpan.o)
 *fill*         0x0001045e        0x2 00000000
 .rodata.ttl_values
                0x00010460        0x4 contiki-srf06-cc26xx.a(sicslowpan.o)
 .rodata.unc_llconf
                0x00010464        0x4 contiki-srf06-cc26xx.a(sicslowpan.o)
                0x00010464                unc_llconf
 .rodata.llprefix
                0x00010468        0x2 contiki-srf06-cc26xx.a(sicslowpan.o)
                0x00010468                llprefix
 *fill*         0x0001046a        0x2 00000000
 .rodata.sicslowpan_driver
                0x0001046c        0xc contiki-srf06-cc26xx.a(sicslowpan.o)
                0x0001046c                sicslowpan_driver
 .rodata.unc_mxconf
                0x00010478        0x4 contiki-srf06-cc26xx.a(sicslowpan.o)
                0x00010478                unc_mxconf
 .rodata.unc_ctxconf
                0x0001047c        0x4 contiki-srf06-cc26xx.a(sicslowpan.o)
                0x0001047c                unc_ctxconf
 .rodata.str1.4
                0x00010480        0xb contiki-srf06-cc26xx.a(sicslowpan.o)
 *fill*         0x0001048b        0x1 00000000
 .rodata.str1.4
                0x0001048c        0xd contiki-srf06-cc26xx.a(tcpip.o)
 *fill*         0x00010499        0x3 00000000
 .rodata.str1.4
                0x0001049c       0x41 contiki-srf06-cc26xx.a(uip-debug.o)
 *fill*         0x000104dd        0x3 00000000
 .rodata.linkaddr_null
                0x000104e0        0x8 contiki-srf06-cc26xx.a(linkaddr.o)
                0x000104e0                linkaddr_null
 .rodata.str1.4
                0x000104e8        0x5 contiki-srf06-cc26xx.a(csma.o)
 *fill*         0x000104ed        0x3 00000000
 .rodata.csma_driver
                0x000104f0       0x1c contiki-srf06-cc26xx.a(csma.o)
                0x000104f0                csma_driver
 .rodata.framer_802154
                0x0001050c        0xc contiki-srf06-cc26xx.a(framer-802154.o)
                0x0001050c                framer_802154
 .rodata.str1.4
                0x00010518        0xb contiki-srf06-cc26xx.a(contikimac.o)
 *fill*         0x00010523        0x1 00000000
 .rodata.contikimac_driver
                0x00010524       0x20 contiki-srf06-cc26xx.a(contikimac.o)
                0x00010524                contikimac_driver
 .rodata.str1.4
                0x00010544        0x8 contiki-srf06-cc26xx.a(nullsec.o)
 .rodata.nullsec_driver
                0x0001054c       0x10 contiki-srf06-cc26xx.a(nullsec.o)
                0x0001054c                nullsec_driver
 .rodata        0x0001055c        0x4 contiki-srf06-cc26xx.a(ext-flash.o)
 .rodata.str1.4
                0x00010560       0x46 contiki-srf06-cc26xx.a(rf-core.o)
 *fill*         0x000105a6        0x2 00000000
 .rodata.str1.4
                0x000105a8        0x4 /usr/bin/../lib/gcc/arm-none-eabi/4.9.3/../../../../arm-none-eabi/lib/armv7-m/libm.a(lib_a-w_pow.o)
 .rodata.str1.4
                0x00000000        0x4 /usr/bin/../lib/gcc/arm-none-eabi/4.9.3/../../../../arm-none-eabi/lib/armv7-m/libm.a(lib_a-e_pow.o)
                                  0x1 (size before relaxing)
 .rodata.str1.4
                0x000105ac        0x4 /usr/bin/../lib/gcc/arm-none-eabi/4.9.3/../../../../arm-none-eabi/lib/armv7-m/libc.a(lib_a-impure.o)
                                  0x2 (size before relaxing)
                0x000105b0                _etext = .

.glue_7         0x000105b0        0x0
 .glue_7        0x00000000        0x0 linker stubs

.glue_7t        0x000105b0        0x0
 .glue_7t       0x00000000        0x0 linker stubs

.vfp11_veneer   0x000105b0        0x0
 .vfp11_veneer  0x00000000        0x0 linker stubs

.v4_bx          0x000105b0        0x0
 .v4_bx         0x00000000        0x0 linker stubs

.iplt           0x000105b0        0x0
 .iplt          0x00000000        0x0 obj_srf06-cc26xx/startup_gcc.o

.data           0x20000000      0x661 load address 0x000105b0
                0x20000000                _data = .
 *(SORT(vtable))
 *(SORT(.data*))
 .data.impure_data
                0x20000000      0x428 /usr/bin/../lib/gcc/arm-none-eabi/4.9.3/../../../../arm-none-eabi/lib/armv7-m/libc.a(lib_a-impure.o)
 .data.test_serial
                0x20000428       0x10 prac1.co
                0x20000428                test_serial
 .data.buzz_freq
                0x20000438        0x4 prac1.co
                0x20000438                buzz_freq
 .data.led_colour
                0x2000043c        0x4 prac1.co
                0x2000043c                led_colour
 .data.sensors_process
                0x20000440       0x10 contiki-srf06-cc26xx.a(sensors.o)
                0x20000440                sensors_process
 .data.sensors  0x20000450       0x24 contiki-srf06-cc26xx.a(sensortag-senso)
                0x20000450                sensors
 .data.buzzer_module
                0x20000474       0x14 contiki-srf06-cc26xx.a(buzzer.o)
 .data.sensortag_module
                0x20000488       0x14 contiki-srf06-cc26xx.a(board.o)
 .data.uart_module
                0x2000049c       0x14 contiki-srf06-cc26xx.a(cc26xx-uart.o)
 .data.cc26xx_rf_lpm_module
                0x200004b0       0x14 contiki-srf06-cc26xx.a(ieee-mode.o)
 .data.tx_power_current
                0x200004c4        0x4 contiki-srf06-cc26xx.a(ieee-mode.o)
                0x200004c4                tx_power_current
 .data.ieee_overrides
                0x200004c8       0x2c contiki-srf06-cc26xx.a(ieee-mode.o)
 .data.ctxt     0x200004f4        0x8 contiki-srf06-cc26xx.a(dbg-printf.o)
 .data.ctimer_process
                0x200004fc       0x10 contiki-srf06-cc26xx.a(ctimer.o)
                0x200004fc                ctimer_process
 .data.etimer_process
                0x2000050c       0x10 contiki-srf06-cc26xx.a(etimer.o)
                0x2000050c                etimer_process
 .data.serial_line_process
                0x2000051c       0x10 contiki-srf06-cc26xx.a(serial-line.o)
                0x2000051c                serial_line_process
 .data.ds6_neighbors
                0x2000052c        0x4 contiki-srf06-cc26xx.a(uip-ds6-nbr.o)
                0x2000052c                ds6_neighbors
 .data.ds6_neighbors_struct
                0x20000530       0x10 contiki-srf06-cc26xx.a(uip-ds6-nbr.o)
 .data.defaultroutermemb
                0x20000540        0xc contiki-srf06-cc26xx.a(uip-ds6-route.o)
 .data.nbr_routes_struct
                0x2000054c       0x10 contiki-srf06-cc26xx.a(uip-ds6-route.o)
 .data.nbr_routes
                0x2000055c        0x4 contiki-srf06-cc26xx.a(uip-ds6-route.o)
                0x2000055c                nbr_routes
 .data.routememb
                0x20000560        0xc contiki-srf06-cc26xx.a(uip-ds6-route.o)
 .data.neighborroutememb
                0x2000056c        0xc contiki-srf06-cc26xx.a(uip-ds6-route.o)
 .data.echo_request_handler
                0x20000578        0xc contiki-srf06-cc26xx.a(uip-icmp6.o)
 .data.echo_reply_handler
                0x20000584        0xc contiki-srf06-cc26xx.a(uip-icmp6.o)
 .data.tcpip_process
                0x20000590       0x10 contiki-srf06-cc26xx.a(tcpip.o)
                0x20000590                tcpip_process
 .data.rpl_parents
                0x200005a0        0x4 contiki-srf06-cc26xx.a(rpl-dag.o)
                0x200005a0                rpl_parents
 .data.rpl_parents_struct
                0x200005a4       0x10 contiki-srf06-cc26xx.a(rpl-dag.o)
 .data.dao_ack_handler
                0x200005b4        0xc contiki-srf06-cc26xx.a(rpl-icmp6.o)
 .data.dis_handler
                0x200005c0        0xc contiki-srf06-cc26xx.a(rpl-icmp6.o)
 .data.dao_handler
                0x200005cc        0xc contiki-srf06-cc26xx.a(rpl-icmp6.o)
 .data.dio_handler
                0x200005d8        0xc contiki-srf06-cc26xx.a(rpl-icmp6.o)
 .data.rpl_mrhof
                0x200005e4       0x1c contiki-srf06-cc26xx.a(rpl-mrhof.o)
                0x200005e4                rpl_mrhof
 .data.neighbor_addr_mem
                0x20000600        0xc contiki-srf06-cc26xx.a(nbr-table.o)
 .data.bufmem   0x2000060c        0xc contiki-srf06-cc26xx.a(queuebuf.o)
 .data.buframmem
                0x20000618        0xc contiki-srf06-cc26xx.a(queuebuf.o)
 .data.metadata_memb
                0x20000624        0xc contiki-srf06-cc26xx.a(csma.o)
 .data.neighbor_memb
                0x20000630        0xc contiki-srf06-cc26xx.a(csma.o)
 .data.packet_memb
                0x2000063c        0xc contiki-srf06-cc26xx.a(csma.o)
 .data.rf_core_process
                0x20000648       0x10 contiki-srf06-cc26xx.a(rf-core.o)
                0x20000648                rf_core_process
 .data._impure_ptr
                0x20000658        0x4 /usr/bin/../lib/gcc/arm-none-eabi/4.9.3/../../../../arm-none-eabi/lib/armv7-m/libc.a(lib_a-impure.o)
                0x20000658                _impure_ptr
 .data.mac_pan_id
                0x2000065c        0x2 contiki-srf06-cc26xx.a(frame802154.o)
 .data.interface
                0x2000065e        0x1 contiki-srf06-cc26xx.a(board-i2c.o)
 .data.dao_sequence
                0x2000065f        0x1 contiki-srf06-cc26xx.a(rpl-icmp6.o)
 .data.__fdlib_version
                0x20000660        0x1 /usr/bin/../lib/gcc/arm-none-eabi/4.9.3/../../../../arm-none-eabi/lib/armv7-m/libm.a(lib_a-s_lib_ver.o)
                0x20000660                __fdlib_version
                0x20000661                _edata = .

.igot.plt       0x20000664        0x0 load address 0x00010c11
 .igot.plt      0x00000000        0x0 obj_srf06-cc26xx/startup_gcc.o

.ARM.exidx      0x00010c14        0x8
 *(SORT(.ARM.exidx*))
 .ARM.exidx     0x00010c14        0x8 /usr/bin/../lib/gcc/arm-none-eabi/4.9.3/armv7-m/libgcc.a(_divdi3.o)
 .ARM.exidx     0x00010c1c        0x0 /usr/bin/../lib/gcc/arm-none-eabi/4.9.3/armv7-m/libgcc.a(_udivdi3.o)
                                  0x8 (size before relaxing)

.bss            0x20000668     0x2e26
                0x20000668                _bss = .
 *(SORT(.bss*))
 .bss.count     0x20000668        0x8 contiki-srf06-cc26xx.a(clock.o)
 .bss.led_toggle
                0x20000670        0x4 prac1.co
                0x20000670                led_toggle
 .bss.buzz_state
                0x20000674        0x4 prac1.co
                0x20000674                buzz_state
 .bss.ledtimer  0x20000678       0x20 prac1.co
 .bss.dtimer    0x20000698       0x20 prac1.co
 .bss.itimer    0x200006b8       0x20 prac1.co
 .bss.i.4813    0x200006d8        0x4 contiki-srf06-cc26xx.a(sensors.o)
 .bss.events.4814
                0x200006dc        0x4 contiki-srf06-cc26xx.a(sensors.o)
 .bss.inited    0x200006e0        0x4 contiki-srf06-cc26xx.a(leds-arch.o)
 .bss.sensor_value
                0x200006e4        0x6 contiki-srf06-cc26xx.a(bmp-280-sensor.)
 *fill*         0x200006ea        0x2 
 .bss.calibration_data
                0x200006ec       0x18 contiki-srf06-cc26xx.a(bmp-280-sensor.)
 .bss.startup_timer
                0x20000704       0x20 contiki-srf06-cc26xx.a(bmp-280-sensor.)
 .bss.enabled   0x20000724        0x4 contiki-srf06-cc26xx.a(bmp-280-sensor.)
 .bss.obj_temp_latched
                0x20000728        0x4 contiki-srf06-cc26xx.a(tmp-007-sensor.)
 .bss.startup_timer
                0x2000072c       0x20 contiki-srf06-cc26xx.a(tmp-007-sensor.)
 .bss.enabled   0x2000074c        0x4 contiki-srf06-cc26xx.a(tmp-007-sensor.)
 .bss.buf       0x20000750        0x4 contiki-srf06-cc26xx.a(tmp-007-sensor.)
 .bss.amb_temp_latched
                0x20000754        0x4 contiki-srf06-cc26xx.a(tmp-007-sensor.)
 .bss.startup_timer
                0x20000758       0x20 contiki-srf06-cc26xx.a(opt-3001-sensor)
 .bss.state     0x20000778        0x4 contiki-srf06-cc26xx.a(opt-3001-sensor)
 .bss.startup_timer
                0x2000077c       0x20 contiki-srf06-cc26xx.a(hdc-1000-sensor)
 .bss.enabled   0x2000079c        0x4 contiki-srf06-cc26xx.a(hdc-1000-sensor)
 .bss.data      0x200007a0        0x4 contiki-srf06-cc26xx.a(hdc-1000-sensor)
 .bss.sensor_value
                0x200007a4        0x6 contiki-srf06-cc26xx.a(mpu-9250-sensor)
 *fill*         0x200007aa        0x2 