Archive member included because of file (symbol)

contiki-srf06-cc26xx.a(contiki-main.o)
                              obj_srf06-cc26xx/startup_gcc.o (main)
contiki-srf06-cc26xx.a(sensors.o)
                              contiki-srf06-cc26xx.a(contiki-main.o) (sensors_process)
contiki-srf06-cc26xx.a(leds.o)
                              contiki-srf06-cc26xx.a(contiki-main.o) (leds_init)
contiki-srf06-cc26xx.a(leds-arch.o)
                              contiki-srf06-cc26xx.a(leds.o) (leds_arch_init)
contiki-srf06-cc26xx.a(sensortag-senso)
                              contiki-srf06-cc26xx.a(sensors.o) (sensors_flags)
contiki-srf06-cc26xx.a(bmp-280-sensor.)
                              contiki-srf06-cc26xx.a(sensortag-senso) (bmp_280_sensor)
contiki-srf06-cc26xx.a(tmp-007-sensor.)
                              contiki-srf06-cc26xx.a(sensortag-senso) (tmp_007_sensor)
contiki-srf06-cc26xx.a(opt-3001-sensor)
                              contiki-srf06-cc26xx.a(sensortag-senso) (opt_3001_sensor)
contiki-srf06-cc26xx.a(hdc-1000-sensor)
                              contiki-srf06-cc26xx.a(sensortag-senso) (hdc_1000_sensor)
contiki-srf06-cc26xx.a(mpu-9250-sensor)
                              contiki-srf06-cc26xx.a(sensortag-senso) (mpu_9250_sensor)
contiki-srf06-cc26xx.a(button-sensor.o)
                              contiki-srf06-cc26xx.a(sensortag-senso) (button_right_sensor)
contiki-srf06-cc26xx.a(reed-relay.o)
                              contiki-srf06-cc26xx.a(sensortag-senso) (reed_relay_sensor)
contiki-srf06-cc26xx.a(buzzer.o)
                              prac2.co (buzzer_start)
contiki-srf06-cc26xx.a(board.o)
                              contiki-srf06-cc26xx.a(contiki-main.o) (board_init)
contiki-srf06-cc26xx.a(board-i2c.o)
                              contiki-srf06-cc26xx.a(board.o) (board_i2c_wakeup)
contiki-srf06-cc26xx.a(clock.o)
                              contiki-srf06-cc26xx.a(contiki-main.o) (clock_init)
contiki-srf06-cc26xx.a(rtimer-arch.o)
                              contiki-srf06-cc26xx.a(mpu-9250-sensor) (rtimer_arch_now)
contiki-srf06-cc26xx.a(soc-rtc.o)
                              contiki-srf06-cc26xx.a(contiki-main.o) (soc_rtc_init)
contiki-srf06-cc26xx.a(contiki-watchdo)
                              contiki-srf06-cc26xx.a(contiki-main.o) (watchdog_init)
contiki-srf06-cc26xx.a(putchar.o)
                              contiki-srf06-cc26xx.a(contiki-main.o) (putchar)
contiki-srf06-cc26xx.a(ieee-addr.o)
                              contiki-srf06-cc26xx.a(contiki-main.o) (ieee_addr_cpy_to)
contiki-srf06-cc26xx.a(cc26xx-uart.o)
                              contiki-srf06-cc26xx.a(contiki-main.o) (cc26xx_uart_init)
contiki-srf06-cc26xx.a(lpm.o)
                              contiki-srf06-cc26xx.a(button-sensor.o) (lpm_shutdown)
contiki-srf06-cc26xx.a(gpio-interrupt.)
                              contiki-srf06-cc26xx.a(button-sensor.o) (gpio_interrupt_register_handler)
contiki-srf06-cc26xx.a(oscillators.o)
                              contiki-srf06-cc26xx.a(contiki-main.o) (oscillators_select_lf_xosc)
contiki-srf06-cc26xx.a(ieee-mode.o)
                              contiki-srf06-cc26xx.a(contiki-main.o) (ieee_mode_driver)
contiki-srf06-cc26xx.a(dbg-printf.o)
                              prac2.co (printf)
contiki-srf06-cc26xx.a(strformat.o)
                              contiki-srf06-cc26xx.a(dbg-printf.o) (format_str_v)
contiki-srf06-cc26xx.a(autostart.o)
                              contiki-srf06-cc26xx.a(contiki-main.o) (autostart_start)
contiki-srf06-cc26xx.a(ctimer.o)
                              contiki-srf06-cc26xx.a(contiki-main.o) (ctimer_init)
contiki-srf06-cc26xx.a(energest.o)
                              contiki-srf06-cc26xx.a(contiki-main.o) (energest_init)
contiki-srf06-cc26xx.a(etimer.o)
                              contiki-srf06-cc26xx.a(clock.o) (etimer_request_poll)
contiki-srf06-cc26xx.a(process.o)
                              contiki-srf06-cc26xx.a(sensors.o) (process_alloc_event)
contiki-srf06-cc26xx.a(rtimer.o)
                              contiki-srf06-cc26xx.a(contiki-main.o) (rtimer_init)
contiki-srf06-cc26xx.a(timer.o)
                              contiki-srf06-cc26xx.a(button-sensor.o) (timer_set)
contiki-srf06-cc26xx.a(serial-line.o)
                              contiki-srf06-cc26xx.a(contiki-main.o) (serial_line_init)
contiki-srf06-cc26xx.a(list.o)
                              contiki-srf06-cc26xx.a(lpm.o) (list_init)
contiki-srf06-cc26xx.a(random.o)
                              contiki-srf06-cc26xx.a(contiki-main.o) (random_init)
contiki-srf06-cc26xx.a(ringbuf.o)
                              contiki-srf06-cc26xx.a(serial-line.o) (ringbuf_init)
contiki-srf06-cc26xx.a(sicslowpan.o)
                              contiki-srf06-cc26xx.a(contiki-main.o) (sicslowpan_driver)
contiki-srf06-cc26xx.a(uip6.o)
                              contiki-srf06-cc26xx.a(sicslowpan.o) (uip_aligned_buf)
contiki-srf06-cc26xx.a(uip-ds6.o)
[...]
Memory Configuration

Name             Origin             Length             Attributes
FLASH            0x00000000         0x0001ffa8         xr
FLASH_CCFG       0x0001ffa8         0x00000058         xr
SRAM             0x20000000         0x00005000         xrw
GPRAM            0x11000000         0x00002000         xrw
*default*        0x00000000         0xffffffff

Linker script and memory map

LOAD obj_srf06-cc26xx/fault-handlers.o
LOAD obj_srf06-cc26xx/ccfg.o
LOAD obj_srf06-cc26xx/startup_gcc.o
LOAD prac2.co
LOAD contiki-srf06-cc26xx.a
LOAD /usr/bin/../lib/gcc/arm-none-eabi/4.9.3/../../../../arm-none-eabi/lib/armv7-m/libm.a
START GROUP
LOAD /usr/bin/../lib/gcc/arm-none-eabi/4.9.3/armv7-m/libgcc.a
LOAD /usr/bin/../lib/gcc/arm-none-eabi/4.9.3/../../../../arm-none-eabi/lib/armv7-m/libc.a
END GROUP
                0x20005000                _estack = (ORIGIN (SRAM) + 0x5000)
                0x00000000                _Min_Heap_Size = 0x0
                0x00000100                _Min_Stack_Size = 0x100

.text           0x00000000    0x10a78
                0x00000000                _text = .
 *(SORT(.vectors))
 .vectors       0x00000000       0xc8 obj_srf06-cc26xx/startup_gcc.o
                0x00000000                gVectors
 *(SORT(.text*))
 .text.value    0x000000c8       0xb0 contiki-srf06-cc26xx.a(opt-3001-sensor)
 .text.value    0x00000178       0x9c contiki-srf06-cc26xx.a(hdc-1000-sensor)
 *fill*         0x00000214        0x4 00000000
 .text.value    0x00000218      0x1b4 contiki-srf06-cc26xx.a(mpu-9250-sensor)
 *fill*         0x000003cc        0x4 00000000
 .text.__ieee754_pow
                0x000003d0      0xaa0 /usr/bin/../lib/gcc/arm-none-eabi/4.9.3/../../../../arm-none-eabi/lib/armv7-m/libm.a(lib_a-e_pow.o)
                0x000003d0                __ieee754_pow
 .text.scalbn   0x00000e70       0xec /usr/bin/../lib/gcc/arm-none-eabi/4.9.3/../../../../arm-none-eabi/lib/armv7-m/libm.a(lib_a-s_scalbn.o)
                0x00000e70                scalbn
 .text.FaultISR
                0x00000f5c       0x18 obj_srf06-cc26xx/fault-handlers.o
                0x00000f5c                FaultISR
 .text.NmiSRHandler
                0x00000f74        0x4 obj_srf06-cc26xx/startup_gcc.o
                0x00000f74                NmiSR
 .text.IntDefaultHandler
                0x00000f78        0x4 obj_srf06-cc26xx/startup_gcc.o
                0x00000f78                TRNGIntHandler
                0x00000f78                SSI0IntHandler
                0x00000f78                SWEvent0IntHandler
                0x00000f78                uDMAIntHandler
                0x00000f78                WatchdogIntHandler
                0x00000f78                RFCHardwareIntHandler
                0x00000f78                Timer1BIntHandler
                0x00000f78                I2SIntHandler
                0x00000f78                Timer2BIntHandler
                0x00000f78                Timer2AIntHandler
                0x00000f78                Timer1AIntHandler
                0x00000f78                AONIntHandler
                0x00000f78                AUXSWEvent0IntHandler
                0x00000f78                AUXADCIntHandler
                0x00000f78                PendSVIntHandler
                0x00000f78                AUXSWEvent1IntHandler
                0x00000f78                SVCallIntHandler
                0x00000f78                MPUFaultIntHandler
                0x00000f78                SysTickIntHandler
                0x00000f78                BusFaultIntHandler
                0x00000f78                AONProgIntHandler
                0x00000f78                AUXCompAIntHandler
                0x00000f78                SSI1IntHandler
                0x00000f78                FlashIntHandler
                0x00000f78                uDMAErrIntHandler
                0x00000f78                UsageFaultIntHandler
                0x00000f78                RFCCmdAckIntHandler
                0x00000f78                CryptoIntHandler
                0x00000f78                Timer0AIntHandler
                0x00000f78                I2CIntHandler
                0x00000f78                DebugMonIntHandler
                0x00000f78                Timer0BIntHandler
                0x00000f78                AUXCombEventIntHandler
                0x00000f78                Timer3AIntHandler
                0x00000f78                DynProgIntHandler
                0x00000f78                Timer3BIntHandler
 .text.ResetISR
                0x00000f7c       0x5c obj_srf06-cc26xx/startup_gcc.o
                0x00000f7c                ResetISR
 .text.event    0x00000fd8        0xc prac2.co
 .text.process_thread_tcp_server_process
                0x00000fe4       0x84 prac2.co
 .text.do_itimer
                0x00001068       0x14 prac2.co
                0x00001068                do_itimer
 .text.do_dtimer
                0x0000107c       0x14 prac2.co
                0x0000107c                do_dtimer
 .text.do_ledtimer
                0x00001090       0x1c prac2.co
                0x00001090                do_ledtimer
 .text.parse    0x000010ac      0x194 prac2.co
                0x000010ac                parse
 .text.input    0x00001240       0x34 prac2.co
 .text.fade     0x00001274       0x64 contiki-srf06-cc26xx.a(contiki-main.o)
 .text.startup.main
                0x000012d8      0x1e4 contiki-srf06-cc26xx.a(contiki-main.o)
                0x000012d8                main
 .text.process_thread_sensors_process
                0x000014bc       0xf8 contiki-srf06-cc26xx.a(sensors.o)
 .text.sensors_changed
                0x000015b4       0x50 contiki-srf06-cc26xx.a(sensors.o)
                0x000015b4                sensors_changed
 .text.leds_init
                0x00001604       0x14 contiki-srf06-cc26xx.a(leds.o)
                0x00001604                leds_init
 .text.leds_on  0x00001618       0x14 contiki-srf06-cc26xx.a(leds.o)
                0x00001618                leds_on
 .text.leds_off
                0x0000162c       0x14 contiki-srf06-cc26xx.a(leds.o)
                0x0000162c                leds_off
 .text.leds_toggle
                0x00001640       0x14 contiki-srf06-cc26xx.a(leds.o)
                0x00001640                leds_toggle
 .text.leds_arch_init
                0x00001654       0x38 contiki-srf06-cc26xx.a(leds-arch.o)
                0x00001654                leds_arch_init
 .text.leds_arch_set
                0x0000168c       0x34 contiki-srf06-cc26xx.a(leds-arch.o)
                0x0000168c                leds_arch_set
 .text.status   0x000016c0       0x14 contiki-srf06-cc26xx.a(bmp-280-sensor.)
 .text.notify_ready
                0x000016d4       0x14 contiki-srf06-cc26xx.a(bmp-280-sensor.)
 .text.enable_sensor
                0x000016e8       0x2c contiki-srf06-cc26xx.a(bmp-280-sensor.)
 .text.configure
                0x00001714       0x94 contiki-srf06-cc26xx.a(bmp-280-sensor.)
 .text.value    0x000017a8      0x15c contiki-srf06-cc26xx.a(bmp-280-sensor.)
 .text.status   0x00001904       0x14 contiki-srf06-cc26xx.a(tmp-007-sensor.)
 .text.notify_ready
                0x00001918       0x14 contiki-srf06-cc26xx.a(tmp-007-sensor.)
 .text.enable_sensor
                0x0000192c       0x2c contiki-srf06-cc26xx.a(tmp-007-sensor.)
 .text.configure
                0x00001958       0x94 contiki-srf06-cc26xx.a(tmp-007-sensor.)
 .text.value    0x000019ec       0xec contiki-srf06-cc26xx.a(tmp-007-sensor.)
 .text.status   0x00001ad8        0xc contiki-srf06-cc26xx.a(opt-3001-sensor)
 .text.enable_sensor
                0x00001ae4       0x44 contiki-srf06-cc26xx.a(opt-3001-sensor)
 .text.notify_ready
                0x00001b28       0x54 contiki-srf06-cc26xx.a(opt-3001-sensor)
 .text.configure
                0x00001b7c       0x4c contiki-srf06-cc26xx.a(opt-3001-sensor)
 .text.status   0x00001bc8       0x14 contiki-srf06-cc26xx.a(hdc-1000-sensor)
 .text.notify_ready
                0x00001bdc       0x60 contiki-srf06-cc26xx.a(hdc-1000-sensor)
 .text.configure
                0x00001c3c       0xb8 contiki-srf06-cc26xx.a(hdc-1000-sensor)
 .text.acc_convert
                0x00001cf4       0x70 contiki-srf06-cc26xx.a(mpu-9250-sensor)
 .text.status   0x00001d64       0x14 contiki-srf06-cc26xx.a(mpu-9250-sensor)
 .text.notify_ready
                0x00001d78       0x14 contiki-srf06-cc26xx.a(mpu-9250-sensor)
 .text.sensor_sleep
                0x00001d8c       0x38 contiki-srf06-cc26xx.a(mpu-9250-sensor)
 .text.configure
                0x00001dc4       0xdc contiki-srf06-cc26xx.a(mpu-9250-sensor)
 .text.int_status
                0x00001ea0       0x28 contiki-srf06-cc26xx.a(mpu-9250-sensor)
 .text.initialise
                0x00001ec8       0xfc contiki-srf06-cc26xx.a(mpu-9250-sensor)
 .text.status.part.0
                0x00001fc4       0x14 contiki-srf06-cc26xx.a(button-sensor.o)
 .text.value_left
                0x00001fd8       0x24 contiki-srf06-cc26xx.a(button-sensor.o)
 .text.value_right
                0x00001ffc       0x18 contiki-srf06-cc26xx.a(button-sensor.o)
 .text.status_left
                0x00002014       0x10 contiki-srf06-cc26xx.a(button-sensor.o)
 .text.status_right
                0x00002024       0x10 contiki-srf06-cc26xx.a(button-sensor.o)
 .text.config_buttons
                0x00002034       0x8c contiki-srf06-cc26xx.a(button-sensor.o)
 .text.config_left
                0x000020c0        0xc contiki-srf06-cc26xx.a(button-sensor.o)
 .text.config_right
                0x000020cc        0xc contiki-srf06-cc26xx.a(button-sensor.o)
 .text.button_press_handler
                0x000020d8       0x64 contiki-srf06-cc26xx.a(button-sensor.o)
 .text.value    0x0000213c       0x10 contiki-srf06-cc26xx.a(reed-relay.o)
 .text.status   0x0000214c       0x20 contiki-srf06-cc26xx.a(reed-relay.o)
 .text.configure
                0x0000216c       0x6c contiki-srf06-cc26xx.a(reed-relay.o)
 .text.reed_interrupt_handler
                0x000021d8       0x28 contiki-srf06-cc26xx.a(reed-relay.o)
 .text.buzzer_init
                0x00002200        0xc contiki-srf06-cc26xx.a(buzzer.o)
                0x00002200                buzzer_init
 .text.buzzer_start
                0x0000220c       0xa4 contiki-srf06-cc26xx.a(buzzer.o)
                0x0000220c                buzzer_start
 .text.buzzer_stop
                0x000022b0       0x74 contiki-srf06-cc26xx.a(buzzer.o)
                0x000022b0                buzzer_stop
 .text.power_domains_on
                0x00002324       0x20 contiki-srf06-cc26xx.a(board.o)
 .text.lpm_wakeup_handler
                0x00002344        0x4 contiki-srf06-cc26xx.a(board.o)
 .text.shutdown_handler
                0x00002348       0x68 contiki-srf06-cc26xx.a(board.o)
 .text.board_init
                0x000023b0      0x118 contiki-srf06-cc26xx.a(board.o)
                0x000023b0                board_init
 .text.i2c_status
                0x000024c8       0x34 contiki-srf06-cc26xx.a(board-i2c.o)
 .text.accessible
                0x000024fc       0x24 contiki-srf06-cc26xx.a(board-i2c.o)
 .text.board_i2c_wakeup
                0x00002520       0x5c contiki-srf06-cc26xx.a(board-i2c.o)
                0x00002520                board_i2c_wakeup
 .text.board_i2c_shutdown
                0x0000257c       0xa4 contiki-srf06-cc26xx.a(board-i2c.o)
                0x0000257c                board_i2c_shutdown
 .text.board_i2c_write
                0x00002620       0xc0 contiki-srf06-cc26xx.a(board-i2c.o)
                0x00002620                board_i2c_write
 .text.board_i2c_write_single
                0x000026e0       0x44 contiki-srf06-cc26xx.a(board-i2c.o)
                0x000026e0                board_i2c_write_single
 .text.board_i2c_read
                0x00002724       0xb4 contiki-srf06-cc26xx.a(board-i2c.o)
                0x00002724                board_i2c_read
 .text.board_i2c_write_read
                0x000027d8      0x138 contiki-srf06-cc26xx.a(board-i2c.o)
                0x000027d8                board_i2c_write_read
 .text.board_i2c_select
                0x00002910       0xdc contiki-srf06-cc26xx.a(board-i2c.o)
                0x00002910                board_i2c_select
 .text.power_domain_on
                0x000029ec       0x20 contiki-srf06-cc26xx.a(clock.o)
 .text.clock_init
                0x00002a0c       0x90 contiki-srf06-cc26xx.a(clock.o)
                0x00002a0c                clock_init
 .text.clock_time
                0x00002a9c       0x34 contiki-srf06-cc26xx.a(clock.o)
                0x00002a9c                clock_time
 .text.clock_update
                0x00002ad0       0x3c contiki-srf06-cc26xx.a(clock.o)
                0x00002ad0                clock_update
 .text.clock_seconds
                0x00002b0c       0x18 contiki-srf06-cc26xx.a(clock.o)
                0x00002b0c                clock_seconds
 .text.rtimer_arch_init
                0x00002b24        0x4 contiki-srf06-cc26xx.a(rtimer-arch.o)
                0x00002b24                rtimer_arch_init
 .text.rtimer_arch_schedule
                0x00002b28        0x8 contiki-srf06-cc26xx.a(rtimer-arch.o)
                0x00002b28                rtimer_arch_schedule
 .text.rtimer_arch_now
                0x00002b30        0x4 contiki-srf06-cc26xx.a(rtimer-arch.o)
                0x00002b30                rtimer_arch_now
 .text.soc_rtc_init
                0x00002b34       0x94 contiki-srf06-cc26xx.a(soc-rtc.o)
                0x00002b34                soc_rtc_init
 .text.soc_rtc_get_next_trigger
                0x00002bc8       0x28 contiki-srf06-cc26xx.a(soc-rtc.o)
                0x00002bc8                soc_rtc_get_next_trigger
 .text.soc_rtc_schedule_one_shot
                0x00002bf0       0x4c contiki-srf06-cc26xx.a(soc-rtc.o)
                0x00002bf0                soc_rtc_schedule_one_shot
 .text.soc_rtc_last_isr_time
                0x00002c3c        0xc contiki-srf06-cc26xx.a(soc-rtc.o)
                0x00002c3c                soc_rtc_last_isr_time
 .text.AONRTCIntHandler
                0x00002c48       0x68 contiki-srf06-cc26xx.a(soc-rtc.o)
                0x00002c48                AONRTCIntHandler
 .text.lock_config
                0x00002cb0       0x18 contiki-srf06-cc26xx.a(contiki-watchdo)
 .text.unlock_config
                0x00002cc8       0x2c contiki-srf06-cc26xx.a(contiki-watchdo)
 .text.watchdog_init
                0x00002cf4       0x1c contiki-srf06-cc26xx.a(contiki-watchdo)
                0x00002cf4                watchdog_init
 .text.watchdog_start
                0x00002d10       0x30 contiki-srf06-cc26xx.a(contiki-watchdo)
                0x00002d10                watchdog_start
 .text.watchdog_periodic
                0x00002d40       0x1c contiki-srf06-cc26xx.a(contiki-watchdo)
                0x00002d40                watchdog_periodic
 .text.putchar  0x00002d5c       0x10 contiki-srf06-cc26xx.a(putchar.o)
                0x00002d5c                putchar
 .text.puts     0x00002d6c       0x30 contiki-srf06-cc26xx.a(putchar.o)
                0x00002d6c                puts
 .text.dbg_send_bytes
                0x00002d9c       0x40 contiki-srf06-cc26xx.a(putchar.o)
                0x00002d9c                dbg_send_bytes
 .text.ieee_addr_cpy_to
                0x00002ddc       0x40 contiki-srf06-cc26xx.a(ieee-addr.o)
                0x00002ddc                ieee_addr_cpy_to
 .text.power_and_clock
                0x00002e1c       0x40 contiki-srf06-cc26xx.a(cc26xx-uart.o)
 .text.enable   0x00002e5c       0xf4 contiki-srf06-cc26xx.a(cc26xx-uart.o)
 .text.accessible
                0x00002f50       0x24 contiki-srf06-cc26xx.a(cc26xx-uart.o)
 .text.lpm_drop_handler
                0x00002f74       0xcc contiki-srf06-cc26xx.a(cc26xx-uart.o)
 .text.cc26xx_uart_init
                0x00003040       0x28 contiki-srf06-cc26xx.a(cc26xx-uart.o)
                0x00003040                cc26xx_uart_init
 .text.cc26xx_uart_write_byte
                0x00003068       0x28 contiki-srf06-cc26xx.a(cc26xx-uart.o)
                0x00003068                cc26xx_uart_write_byte
 .text.cc26xx_uart_busy
                0x00003090       0x18 contiki-srf06-cc26xx.a(cc26xx-uart.o)
                0x00003090                cc26xx_uart_busy
 .text.UART0IntHandler
                0x000030a8       0x54 contiki-srf06-cc26xx.a(cc26xx-uart.o)
                0x000030a8                UART0IntHandler
 .text.lpm_shutdown
                0x000030fc      0x1b8 contiki-srf06-cc26xx.a(lpm.o)
                0x000030fc                lpm_shutdown
 .text.lpm_drop
                0x000032b4      0x1fc contiki-srf06-cc26xx.a(lpm.o)
                0x000032b4                lpm_drop
 .text.lpm_sleep
                0x000034b0       0x14 contiki-srf06-cc26xx.a(lpm.o)
                0x000034b0                lpm_sleep
 .text.lpm_register_module
                0x000034c4        0xc contiki-srf06-cc26xx.a(lpm.o)
                0x000034c4                lpm_register_module
 .text.lpm_unregister_module
                0x000034d0        0xc contiki-srf06-cc26xx.a(lpm.o)
                0x000034d0                lpm_unregister_module
 .text.lpm_init
                0x000034dc       0x20 contiki-srf06-cc26xx.a(lpm.o)
                0x000034dc                lpm_init
 .text.lpm_pin_set_default_state
                0x000034fc       0x30 contiki-srf06-cc26xx.a(lpm.o)
                0x000034fc                lpm_pin_set_default_state
 .text.gpio_interrupt_register_handler
                0x0000352c       0x2c contiki-srf06-cc26xx.a(gpio-interrupt.)
                0x0000352c                gpio_interrupt_register_handler
 .text.gpio_interrupt_init
                0x00003558       0x24 contiki-srf06-cc26xx.a(gpio-interrupt.)
                0x00003558                gpio_interrupt_init
 .text.GPIOIntHandler
                0x0000357c       0x30 contiki-srf06-cc26xx.a(gpio-interrupt.)
                0x0000357c                GPIOIntHandler
 .text.osc_interface_dis
                0x000035ac       0x28 contiki-srf06-cc26xx.a(oscillators.o)
 .text.osc_interface_en
                0x000035d4       0x30 contiki-srf06-cc26xx.a(oscillators.o)
 .text.oscillators_select_lf_xosc
                0x00003604       0x48 contiki-srf06-cc26xx.a(oscillators.o)
                0x00003604                oscillators_select_lf_xosc
 .text.oscillators_select_lf_rcosc
                0x0000364c       0x30 contiki-srf06-cc26xx.a(oscillators.o)
                0x0000364c                oscillators_select_lf_rcosc
 .text.oscillators_request_hf_xosc
                0x0000367c       0x24 contiki-srf06-cc26xx.a(oscillators.o)
                0x0000367c                oscillators_request_hf_xosc
 .text.oscillators_switch_to_hf_xosc
                0x000036a0       0x28 contiki-srf06-cc26xx.a(oscillators.o)
                0x000036a0                oscillators_switch_to_hf_xosc
 .text.oscillators_switch_to_hf_rc
                0x000036c8       0x2c contiki-srf06-cc26xx.a(oscillators.o)
                0x000036c8                oscillators_switch_to_hf_rc
 .text.request  0x000036f4       0x20 contiki-srf06-cc26xx.a(ieee-mode.o)
 .text.rx_on    0x00003714       0x60 contiki-srf06-cc26xx.a(ieee-mode.o)
 .text.rf_radio_setup
                0x00003774       0x74 contiki-srf06-cc26xx.a(ieee-mode.o)
 .text.soft_on  0x000037e8       0x18 contiki-srf06-cc26xx.a(ieee-mode.o)
 .text.pending_packet
                0x00003800       0x34 contiki-srf06-cc26xx.a(ieee-mode.o)
 .text.prepare  0x00003834       0x1c contiki-srf06-cc26xx.a(ieee-mode.o)
 .text.read_frame
                0x00003850       0x58 contiki-srf06-cc26xx.a(ieee-mode.o)
 .text.soft_off
                0x000038a8       0x3c contiki-srf06-cc26xx.a(ieee-mode.o)
 .text.get_object
                0x000038e4       0x30 contiki-srf06-cc26xx.a(ieee-mode.o)
 .text.transmitting
                0x00003914       0x4c contiki-srf06-cc26xx.a(ieee-mode.o)
 .text.rx_off   0x00003960       0x5c contiki-srf06-cc26xx.a(ieee-mode.o)
 .text.get_cca_info
                0x000039bc       0x44 contiki-srf06-cc26xx.a(ieee-mode.o)
 .text.off      0x00003a00       0x4c contiki-srf06-cc26xx.a(ieee-mode.o)
 .text.receiving_packet
                0x00003a4c       0x40 contiki-srf06-cc26xx.a(ieee-mode.o)
 .text.on       0x00003a8c       0x9c contiki-srf06-cc26xx.a(ieee-mode.o)
 .text.set_value
                0x00003b28      0x158 contiki-srf06-cc26xx.a(ieee-mode.o)
 .text.get_value
                0x00003c80      0x138 contiki-srf06-cc26xx.a(ieee-mode.o)
 .text.transmit
                0x00003db8       0xbc contiki-srf06-cc26xx.a(ieee-mode.o)
 .text.send     0x00003e74       0x24 contiki-srf06-cc26xx.a(ieee-mode.o)
 .text.set_object
                0x00003e98       0x68 contiki-srf06-cc26xx.a(ieee-mode.o)
 .text.channel_clear
                0x00003f00       0x68 contiki-srf06-cc26xx.a(ieee-mode.o)
 .text.init     0x00003f68       0xe0 contiki-srf06-cc26xx.a(ieee-mode.o)
 .text.write_str
                0x00004048       0x14 contiki-srf06-cc26xx.a(dbg-printf.o)
 .text.printf   0x0000405c       0x24 contiki-srf06-cc26xx.a(dbg-printf.o)
                0x0000405c                printf
 .text.fill_space
                0x00004080       0x3c contiki-srf06-cc26xx.a(strformat.o)
 .text.format_str_v
                0x000040bc      0x95c contiki-srf06-cc26xx.a(strformat.o)
                0x000040bc                format_str_v
 .text.autostart_start
                0x00004a18       0x18 contiki-srf06-cc26xx.a(autostart.o)
                0x00004a18                autostart_start
 .text.process_thread_ctimer_process
                0x00004a30       0x94 contiki-srf06-cc26xx.a(ctimer.o)
 .text.ctimer_init
                0x00004ac4       0x28 contiki-srf06-cc26xx.a(ctimer.o)
                0x00004ac4                ctimer_init
 .text.ctimer_set_with_process
                0x00004aec       0x4c contiki-srf06-cc26xx.a(ctimer.o)
                0x00004aec                ctimer_set_with_process
 .text.ctimer_set
                0x00004b38       0x18 contiki-srf06-cc26xx.a(ctimer.o)
                0x00004b38                ctimer_set
 .text.ctimer_reset
                0x00004b50       0x38 contiki-srf06-cc26xx.a(ctimer.o)
                0x00004b50                ctimer_reset
 .text.ctimer_stop
                0x00004b88       0x34 contiki-srf06-cc26xx.a(ctimer.o)
                0x00004b88                ctimer_stop
 .text.energest_init
                0x00004bbc        0x4 contiki-srf06-cc26xx.a(energest.o)
                0x00004bbc                energest_init
 .text.update_time
                0x00004bc0       0x44 contiki-srf06-cc26xx.a(etimer.o)
 .text.process_thread_etimer_process
                0x00004c04       0xc8 contiki-srf06-cc26xx.a(etimer.o)
 .text.add_timer
                0x00004ccc       0x54 contiki-srf06-cc26xx.a(etimer.o)
 .text.etimer_request_poll
                0x00004d20        0xc contiki-srf06-cc26xx.a(etimer.o)
                0x00004d20                etimer_request_poll
 .text.etimer_set
                0x00004d2c       0x14 contiki-srf06-cc26xx.a(etimer.o)
                0x00004d2c                etimer_set
 .text.etimer_reset
                0x00004d40       0x14 contiki-srf06-cc26xx.a(etimer.o)
                0x00004d40                etimer_reset
 .text.etimer_restart
                0x00004d54       0x14 contiki-srf06-cc26xx.a(etimer.o)
                0x00004d54                etimer_restart
 .text.etimer_expired
                0x00004d68        0xc contiki-srf06-cc26xx.a(etimer.o)
                0x00004d68                etimer_expired
 .text.etimer_expiration_time
                0x00004d74        0x8 contiki-srf06-cc26xx.a(etimer.o)
                0x00004d74                etimer_expiration_time
 .text.etimer_pending
                0x00004d7c       0x10 contiki-srf06-cc26xx.a(etimer.o)
                0x00004d7c                etimer_pending
 .text.etimer_next_expiration_time
                0x00004d8c       0x14 contiki-srf06-cc26xx.a(etimer.o)
                0x00004d8c                etimer_next_expiration_time
 .text.etimer_stop
                0x00004da0       0x4c contiki-srf06-cc26xx.a(etimer.o)
                0x00004da0                etimer_stop
 .text.exit_process
                0x00004dec       0xb0 contiki-srf06-cc26xx.a(process.o)
 .text.call_process.part.0
                0x00004e9c       0x38 contiki-srf06-cc26xx.a(process.o)
 .text.do_poll  0x00004ed4       0x3c contiki-srf06-cc26xx.a(process.o)
 .text.process_alloc_event
                0x00004f10       0x10 contiki-srf06-cc26xx.a(process.o)
                0x00004f10                process_alloc_event
 .text.process_init
                0x00004f20       0x34 contiki-srf06-cc26xx.a(process.o)
                0x00004f20                process_init
 .text.process_run
                0x00004f54       0xd8 contiki-srf06-cc26xx.a(process.o)
                0x00004f54                process_run
 .text.process_nevents
                0x0000502c       0x14 contiki-srf06-cc26xx.a(process.o)
                0x0000502c                process_nevents
 .text.process_post
                0x00005040       0x50 contiki-srf06-cc26xx.a(process.o)
                0x00005040                process_post
 .text.process_post_synch
                0x00005090       0x18 contiki-srf06-cc26xx.a(process.o)
                0x00005090                process_post_synch
 .text.process_start
                0x000050a8       0x40 contiki-srf06-cc26xx.a(process.o)
                0x000050a8                process_start
 .text.process_poll
                0x000050e8       0x18 contiki-srf06-cc26xx.a(process.o)
                0x000050e8                process_poll
 .text.rtimer_init
                0x00005100        0x4 contiki-srf06-cc26xx.a(rtimer.o)
                0x00005100                rtimer_init
 .text.rtimer_set
                0x00005104       0x2c contiki-srf06-cc26xx.a(rtimer.o)
                0x00005104                rtimer_set
 .text.rtimer_run_next
                0x00005130       0x28 contiki-srf06-cc26xx.a(rtimer.o)
                0x00005130                rtimer_run_next
 .text.timer_set
                0x00005158       0x10 contiki-srf06-cc26xx.a(timer.o)
                0x00005158                timer_set
 .text.timer_reset
                0x00005168        0xc contiki-srf06-cc26xx.a(timer.o)
                0x00005168                timer_reset
 .text.timer_restart
                0x00005174        0xc contiki-srf06-cc26xx.a(timer.o)
                0x00005174                timer_restart
 .text.timer_expired
                0x00005180       0x1c contiki-srf06-cc26xx.a(timer.o)
                0x00005180                timer_expired
 .text.process_thread_serial_line_process
                0x0000519c       0xac contiki-srf06-cc26xx.a(serial-line.o)
 .text.serial_line_init
                0x00005248       0x24 contiki-srf06-cc26xx.a(serial-line.o)
                0x00005248                serial_line_init
 .text.list_init
                0x0000526c        0x8 contiki-srf06-cc26xx.a(list.o)
                0x0000526c                list_init
 .text.list_head
                0x00005274        0x4 contiki-srf06-cc26xx.a(list.o)
                0x00005274                list_head
 .text.list_tail
                0x00005278       0x14 contiki-srf06-cc26xx.a(list.o)
                0x00005278                list_tail
 .text.list_add
                0x0000528c       0x48 contiki-srf06-cc26xx.a(list.o)
                0x0000528c                list_add
 .text.list_push
                0x000052d4       0x40 contiki-srf06-cc26xx.a(list.o)
                0x000052d4                list_push
 .text.list_remove
                0x00005314       0x2c contiki-srf06-cc26xx.a(list.o)
                0x00005314                list_remove
 .text.list_length
                0x00005340       0x14 contiki-srf06-cc26xx.a(list.o)
                0x00005340                list_length
 .text.list_item_next
                0x00005354        0x8 contiki-srf06-cc26xx.a(list.o)
                0x00005354                list_item_next
 .text.random_init
                0x0000535c        0x4 contiki-srf06-cc26xx.a(random.o)
                0x0000535c                random_init
 .text.random_rand
                0x00005360        0xc contiki-srf06-cc26xx.a(random.o)
                0x00005360                random_rand
 .text.ringbuf_init
                0x0000536c       0x10 contiki-srf06-cc26xx.a(ringbuf.o)
                0x0000536c                ringbuf_init
 .text.ringbuf_get
                0x0000537c       0x28 contiki-srf06-cc26xx.a(ringbuf.o)
                0x0000537c                ringbuf_get
 .text.sicslowpan_init
                0x000053a4       0x24 contiki-srf06-cc26xx.a(sicslowpan.o)
                0x000053a4                sicslowpan_init
 .text.set_packet_attrs
                0x000053c8       0x4c contiki-srf06-cc26xx.a(sicslowpan.o)
 .text.compress_addr_64
                0x00005414       0x9c contiki-srf06-cc26xx.a(sicslowpan.o)
 .text.addr_context_lookup_by_prefix
                0x000054b0       0x28 contiki-srf06-cc26xx.a(sicslowpan.o)
 .text.send_packet
                0x000054d8       0x24 contiki-srf06-cc26xx.a(sicslowpan.o)
 .text.packet_sent
                0x000054fc       0x28 contiki-srf06-cc26xx.a(sicslowpan.o)
 .text.store_fragment
                0x00005524       0x68 contiki-srf06-cc26xx.a(sicslowpan.o)
 .text.add_fragment
                0x0000558c      0x19c contiki-srf06-cc26xx.a(sicslowpan.o)
 .text.uncompress_addr
                0x00005728       0xb8 contiki-srf06-cc26xx.a(sicslowpan.o)
 .text.input    0x000057e0      0x654 contiki-srf06-cc26xx.a(sicslowpan.o)
 .text.output   0x00005e34      0x738 contiki-srf06-cc26xx.a(sicslowpan.o)
 .text.chksum   0x0000656c       0x50 contiki-srf06-cc26xx.a(uip6.o)
 .text.upper_layer_chksum
                0x000065bc       0x58 contiki-srf06-cc26xx.a(uip6.o)
 .text.ext_hdr_options_process
                0x00006614       0xc8 contiki-srf06-cc26xx.a(uip6.o)
 .text.uip_add32
                0x000066dc       0x58 contiki-srf06-cc26xx.a(uip6.o)
                0x000066dc                uip_add32
 .text.unlikely.uip_add_rcv_nxt
                0x00006734       0x2c contiki-srf06-cc26xx.a(uip6.o)
 .text.uip_icmp6chksum
                0x00006760        0x8 contiki-srf06-cc26xx.a(uip6.o)
                0x00006760                uip_icmp6chksum
 .text.uip_init
                0x00006768       0x64 contiki-srf06-cc26xx.a(uip6.o)
                0x00006768                uip_init
 .text.remove_ext_hdr
                0x000067cc       0x60 contiki-srf06-cc26xx.a(uip6.o)
                0x000067cc                remove_ext_hdr
 .text.uip_unlisten
                0x0000682c       0x44 contiki-srf06-cc26xx.a(uip6.o)
                0x0000682c                uip_unlisten
 .text.uip_listen
                0x00006870       0x3c contiki-srf06-cc26xx.a(uip6.o)
                0x00006870                uip_listen
 .text.uip_process
                0x000068ac     0x119c contiki-srf06-cc26xx.a(uip6.o)
                0x000068ac                uip_process
 .text.uip_htons
                0x00007a48        0x8 contiki-srf06-cc26xx.a(uip6.o)
                0x00007a48                uip_htons
 .text.uip_htonl
                0x00007a50       0x14 contiki-srf06-cc26xx.a(uip6.o)
                0x00007a50                uip_htonl
 .text.uip_send
                0x00007a64       0x50 contiki-srf06-cc26xx.a(uip6.o)
                0x00007a64                uip_send
 .text.uip_ds6_list_loop
                0x00007ab4       0x60 contiki-srf06-cc26xx.a(uip-ds6.o)
                0x00007ab4                uip_ds6_list_loop
 .text.uip_ds6_prefix_add
                0x00007b14       0x6c contiki-srf06-cc26xx.a(uip-ds6.o)
                0x00007b14                uip_ds6_prefix_add
 .text.uip_ds6_is_addr_onlink
                0x00007b80       0x3c contiki-srf06-cc26xx.a(uip-ds6.o)
                0x00007b80                uip_ds6_is_addr_onlink
 .text.uip_ds6_addr_lookup
                0x00007bbc       0x30 contiki-srf06-cc26xx.a(uip-ds6.o)
                0x00007bbc                uip_ds6_addr_lookup
 .text.uip_ds6_get_link_local
                0x00007bec       0x44 contiki-srf06-cc26xx.a(uip-ds6.o)
                0x00007bec                uip_ds6_get_link_local
 .text.uip_ds6_maddr_add
                0x00007c30       0x50 contiki-srf06-cc26xx.a(uip-ds6.o)
                0x00007c30                uip_ds6_maddr_add
 .text.uip_ds6_addr_add
                0x00007c80       0xa8 contiki-srf06-cc26xx.a(uip-ds6.o)
                0x00007c80                uip_ds6_addr_add
 .text.uip_ds6_maddr_lookup
                0x00007d28       0x30 contiki-srf06-cc26xx.a(uip-ds6.o)
                0x00007d28                uip_ds6_maddr_lookup
 .text.uip_ds6_addr_rm
                0x00007d58       0x48 contiki-srf06-cc26xx.a(uip-ds6.o)
                0x00007d58                uip_ds6_addr_rm
 .text.uip_ds6_periodic
                0x00007da0       0x60 contiki-srf06-cc26xx.a(uip-ds6.o)
                0x00007da0                uip_ds6_periodic
 .text.uip_ds6_select_src
                0x00007e00       0xf4 contiki-srf06-cc26xx.a(uip-ds6.o)
                0x00007e00                uip_ds6_select_src
 .text.uip_ds6_set_addr_iid
                0x00007ef4       0x14 contiki-srf06-cc26xx.a(uip-ds6.o)
                0x00007ef4                uip_ds6_set_addr_iid
 .text.uip_ds6_compute_reachable_time
                0x00007f08       0x28 contiki-srf06-cc26xx.a(uip-ds6.o)
                0x00007f08                uip_ds6_compute_reachable_time
 .text.uip_ds6_init
                0x00007f30       0xf8 contiki-srf06-cc26xx.a(uip-ds6.o)
                0x00007f30                uip_ds6_init
 .text.uip_ds6_nbr_rm
                0x00008028       0x20 contiki-srf06-cc26xx.a(uip-ds6-nbr.o)
                0x00008028                uip_ds6_nbr_rm
 .text.uip_ds6_neighbors_init
                0x00008048       0x14 contiki-srf06-cc26xx.a(uip-ds6-nbr.o)
                0x00008048                uip_ds6_neighbors_init
 .text.uip_ds6_nbr_add
                0x0000805c       0x54 contiki-srf06-cc26xx.a(uip-ds6-nbr.o)
                0x0000805c                uip_ds6_nbr_add
 .text.uip_ds6_nbr_get_ll
                0x000080b0       0x10 contiki-srf06-cc26xx.a(uip-ds6-nbr.o)
                0x000080b0                uip_ds6_nbr_get_ll
 .text.uip_ds6_nbr_lookup
                0x000080c0       0x3c contiki-srf06-cc26xx.a(uip-ds6-nbr.o)
                0x000080c0                uip_ds6_nbr_lookup
 .text.uip_ds6_nbr_ipaddr_from_lladdr
                0x000080fc       0x10 contiki-srf06-cc26xx.a(uip-ds6-nbr.o)
                0x000080fc                uip_ds6_nbr_ipaddr_from_lladdr
 .text.uip_ds6_nbr_lladdr_from_ipaddr
                0x0000810c       0x1c contiki-srf06-cc26xx.a(uip-ds6-nbr.o)
                0x0000810c                uip_ds6_nbr_lladdr_from_ipaddr
 .text.uip_ds6_link_neighbor_callback
                0x00008128       0x2c contiki-srf06-cc26xx.a(uip-ds6-nbr.o)
                0x00008128                uip_ds6_link_neighbor_callback
 .text.uip_ds6_neighbor_periodic
                0x00008154       0x70 contiki-srf06-cc26xx.a(uip-ds6-nbr.o)
                0x00008154                uip_ds6_neighbor_periodic
 .text.call_route_callback
                0x000081c4       0x50 contiki-srf06-cc26xx.a(uip-ds6-route.o)
 .text.uip_ds6_route_init
                0x00008214       0x4c contiki-srf06-cc26xx.a(uip-ds6-route.o)
                0x00008214                uip_ds6_route_init
 .text.uip_ds6_route_nexthop
                0x00008260       0x1c contiki-srf06-cc26xx.a(uip-ds6-route.o)
                0x00008260                uip_ds6_route_nexthop
 .text.uip_ds6_route_head
                0x0000827c        0xc contiki-srf06-cc26xx.a(uip-ds6-route.o)
                0x0000827c                uip_ds6_route_head
 .text.uip_ds6_route_next
                0x00008288        0x8 contiki-srf06-cc26xx.a(uip-ds6-route.o)
                0x00008288                uip_ds6_route_next
 .text.uip_ds6_route_lookup
                0x00008290       0x78 contiki-srf06-cc26xx.a(uip-ds6-route.o)
                0x00008290                uip_ds6_route_lookup
 .text.uip_ds6_route_rm
                0x00008308       0xac contiki-srf06-cc26xx.a(uip-ds6-route.o)
                0x00008308                uip_ds6_route_rm
 .text.rm_routelist
                0x000083b4       0x38 contiki-srf06-cc26xx.a(uip-ds6-route.o)
 .text.rm_routelist_callback
                0x000083ec        0x4 contiki-srf06-cc26xx.a(uip-ds6-route.o)
 .text.uip_ds6_route_add
                0x000083f0      0x134 contiki-srf06-cc26xx.a(uip-ds6-route.o)
                0x000083f0                uip_ds6_route_add
 .text.uip_ds6_defrt_rm
                0x00008524       0x48 contiki-srf06-cc26xx.a(uip-ds6-route.o)
                0x00008524                uip_ds6_defrt_rm
 .text.uip_ds6_defrt_lookup
                0x0000856c       0x34 contiki-srf06-cc26xx.a(uip-ds6-route.o)
                0x0000856c                uip_ds6_defrt_lookup
 .text.uip_ds6_defrt_add
                0x000085a0       0x5c contiki-srf06-cc26xx.a(uip-ds6-route.o)
                0x000085a0                uip_ds6_defrt_add
 .text.uip_ds6_defrt_choose
                0x000085fc       0x34 contiki-srf06-cc26xx.a(uip-ds6-route.o)
                0x000085fc                uip_ds6_defrt_choose
 .text.uip_ds6_defrt_periodic
                0x00008630       0x3c contiki-srf06-cc26xx.a(uip-ds6-route.o)
                0x00008630                uip_ds6_defrt_periodic
 .text.echo_reply_input
                0x0000866c      0x110 contiki-srf06-cc26xx.a(uip-icmp6.o)
 .text.echo_request_input
                0x0000877c      0x118 contiki-srf06-cc26xx.a(uip-icmp6.o)
 .text.uip_icmp6_input
                0x00008894       0x3c contiki-srf06-cc26xx.a(uip-icmp6.o)
                0x00008894                uip_icmp6_input
 .text.uip_icmp6_register_input_handler
                0x000088d0        0xc contiki-srf06-cc26xx.a(uip-icmp6.o)
                0x000088d0                uip_icmp6_register_input_handler
 .text.uip_icmp6_error_output
                0x000088dc      0x158 contiki-srf06-cc26xx.a(uip-icmp6.o)
                0x000088dc                uip_icmp6_error_output
 .text.uip_icmp6_send
                0x00008a34       0x84 contiki-srf06-cc26xx.a(uip-icmp6.o)
                0x00008a34                uip_icmp6_send
 .text.uip_icmp6_init
                0x00008ab8       0x24 contiki-srf06-cc26xx.a(uip-icmp6.o)
                0x00008ab8                uip_icmp6_init
 .text.uip_nd6_init
                0x00008adc        0x4 contiki-srf06-cc26xx.a(uip-nd6.o)
                0x00008adc                uip_nd6_init
 .text.start_periodic_tcp_timer
                0x00008ae0       0x1c contiki-srf06-cc26xx.a(tcpip.o)
 .text.tcpip_set_outputfunc
                0x00008afc        0xc contiki-srf06-cc26xx.a(tcpip.o)
                0x00008afc                tcpip_set_outputfunc
 .text.tcp_listen
                0x00008b08       0x50 contiki-srf06-cc26xx.a(tcpip.o)
                0x00008b08                tcp_listen
 .text.tcp_attach
                0x00008b58       0x10 contiki-srf06-cc26xx.a(tcpip.o)
                0x00008b58                tcp_attach
 .text.tcpip_icmp6_call
                0x00008b68       0x28 contiki-srf06-cc26xx.a(tcpip.o)
                0x00008b68                tcpip_icmp6_call
 .text.tcpip_input
                0x00008b90       0x24 contiki-srf06-cc26xx.a(tcpip.o)
                0x00008b90                tcpip_input
 .text.tcpip_ipv6_output
                0x00008bb4       0xc8 contiki-srf06-cc26xx.a(tcpip.o)
                0x00008bb4                tcpip_ipv6_output
 .text.process_thread_tcpip_process
                0x00008c7c      0x208 contiki-srf06-cc26xx.a(tcpip.o)
 .text.tcpip_uipcall
                0x00008e84       0x90 contiki-srf06-cc26xx.a(tcpip.o)
                0x00008e84                tcpip_uipcall
 .text.newdata  0x00008f14       0x54 contiki-srf06-cc26xx.a(tcp-socket.o)
 .text.senddata
                0x00008f68       0x34 contiki-srf06-cc26xx.a(tcp-socket.o)
 .text.process_thread_tcp_socket_process
                0x00008f9c      0x2b0 contiki-srf06-cc26xx.a(tcp-socket.o)
 .text.tcp_socket_register
                0x0000924c       0x70 contiki-srf06-cc26xx.a(tcp-socket.o)
                0x0000924c                tcp_socket_register
 .text.tcp_socket_listen
                0x000092bc       0x3c contiki-srf06-cc26xx.a(tcp-socket.o)
                0x000092bc                tcp_socket_listen
 .text.tcp_socket_send
                0x000092f8       0x38 contiki-srf06-cc26xx.a(tcp-socket.o)
                0x000092f8                tcp_socket_send
 .text.tcp_socket_send_str
                0x00009330       0x1c contiki-srf06-cc26xx.a(tcp-socket.o)
                0x00009330                tcp_socket_send_str
 .text.uip_debug_ipaddr_print
                0x0000934c       0xb0 contiki-srf06-cc26xx.a(uip-debug.o)
                0x0000934c                uip_debug_ipaddr_print
 .text.rpl_get_mode
                0x000093fc        0xc contiki-srf06-cc26xx.a(rpl.o)
                0x000093fc                rpl_get_mode
 .text.rpl_purge_routes
                0x00009408       0x7c contiki-srf06-cc26xx.a(rpl.o)
                0x00009408                rpl_purge_routes
 .text.rpl_remove_routes
                0x00009484       0x24 contiki-srf06-cc26xx.a(rpl.o)
                0x00009484                rpl_remove_routes
 .text.rpl_remove_routes_by_nexthop
                0x000094a8       0x40 contiki-srf06-cc26xx.a(rpl.o)
                0x000094a8                rpl_remove_routes_by_nexthop
 .text.rpl_add_route
                0x000094e8       0x2c contiki-srf06-cc26xx.a(rpl.o)
                0x000094e8                rpl_add_route
 .text.rpl_link_neighbor_callback
                0x00009514       0x78 contiki-srf06-cc26xx.a(rpl.o)
                0x00009514                rpl_link_neighbor_callback
 .text.rpl_ipv6_neighbor_callback
                0x0000958c       0x30 contiki-srf06-cc26xx.a(rpl.o)
                0x0000958c                rpl_ipv6_neighbor_callback
 .text.rpl_purge_dags
                0x000095bc       0x40 contiki-srf06-cc26xx.a(rpl.o)
                0x000095bc                rpl_purge_dags
 .text.rpl_init
                0x000095fc       0x58 contiki-srf06-cc26xx.a(rpl.o)
                0x000095fc                rpl_init
 .text.lollipop_greater_than
                0x00009654       0x3c contiki-srf06-cc26xx.a(rpl-dag.o)
 .text.rpl_set_preferred_parent
                0x00009690       0x2c contiki-srf06-cc26xx.a(rpl-dag.o)
 .text.set_ip_from_prefix
                0x000096bc       0x2c contiki-srf06-cc26xx.a(rpl-dag.o)
 .text.check_prefix
                0x000096e8       0x78 contiki-srf06-cc26xx.a(rpl-dag.o)
 .text.find_parent_any_dag_any_instance
                0x00009760       0x1c contiki-srf06-cc26xx.a(rpl-dag.o)
 .text.rpl_get_nbr
                0x0000977c       0x28 contiki-srf06-cc26xx.a(rpl-dag.o)
                0x0000977c                rpl_get_nbr
 .text.rpl_dag_init
                0x000097a4       0x14 contiki-srf06-cc26xx.a(rpl-dag.o)
                0x000097a4                rpl_dag_init
 .text.rpl_get_parent
                0x000097b8       0x10 contiki-srf06-cc26xx.a(rpl-dag.o)
                0x000097b8                rpl_get_parent
 .text.rpl_get_parent_ipaddr
                0x000097c8       0x18 contiki-srf06-cc26xx.a(rpl-dag.o)
                0x000097c8                rpl_get_parent_ipaddr
 .text.rpl_repair_root
                0x000097e0       0x5c contiki-srf06-cc26xx.a(rpl-dag.o)
                0x000097e0                rpl_repair_root
 .text.rpl_set_prefix
                0x0000983c       0x98 contiki-srf06-cc26xx.a(rpl-dag.o)
                0x0000983c                rpl_set_prefix
 .text.rpl_set_default_route
                0x000098d4       0x3c contiki-srf06-cc26xx.a(rpl-dag.o)
                0x000098d4                rpl_set_default_route
 .text.rpl_alloc_instance
                0x00009910       0x34 contiki-srf06-cc26xx.a(rpl-dag.o)
                0x00009910                rpl_alloc_instance
 .text.rpl_alloc_dag
                0x00009944       0x5c contiki-srf06-cc26xx.a(rpl-dag.o)
                0x00009944                rpl_alloc_dag
 .text.rpl_add_parent
                0x000099a0       0x44 contiki-srf06-cc26xx.a(rpl-dag.o)
                0x000099a0                rpl_add_parent
 .text.rpl_find_parent
                0x000099e4       0x18 contiki-srf06-cc26xx.a(rpl-dag.o)
                0x000099e4                rpl_find_parent
 .text.rpl_find_parent_any_dag
                0x000099fc       0x20 contiki-srf06-cc26xx.a(rpl-dag.o)
                0x000099fc                rpl_find_parent_any_dag
 .text.rpl_select_parent
                0x00009a1c       0x84 contiki-srf06-cc26xx.a(rpl-dag.o)
                0x00009a1c                rpl_select_parent
 .text.rpl_select_dag
                0x00009aa0      0x17c contiki-srf06-cc26xx.a(rpl-dag.o)
                0x00009aa0                rpl_select_dag
 .text.rpl_nullify_parent
                0x00009c1c       0x4c contiki-srf06-cc26xx.a(rpl-dag.o)
                0x00009c1c                rpl_nullify_parent
 .text.rpl_remove_parent
                0x00009c68       0x1c contiki-srf06-cc26xx.a(rpl-dag.o)
                0x00009c68                rpl_remove_parent
 .text.nbr_callback
                0x00009c84        0x4 contiki-srf06-cc26xx.a(rpl-dag.o)
 .text.remove_parents.constprop.5
                0x00009c88       0x44 contiki-srf06-cc26xx.a(rpl-dag.o)
 .text.rpl_free_dag
                0x00009ccc       0x38 contiki-srf06-cc26xx.a(rpl-dag.o)
                0x00009ccc                rpl_free_dag
 .text.rpl_move_parent
                0x00009d04       0x4c contiki-srf06-cc26xx.a(rpl-dag.o)
                0x00009d04                rpl_move_parent
 .text.rpl_get_any_dag
                0x00009d50       0x18 contiki-srf06-cc26xx.a(rpl-dag.o)
                0x00009d50                rpl_get_any_dag
 .text.rpl_get_instance
                0x00009d68       0x20 contiki-srf06-cc26xx.a(rpl-dag.o)
                0x00009d68                rpl_get_instance
 .text.rpl_join_instance
                0x00009d88      0x144 contiki-srf06-cc26xx.a(rpl-dag.o)
                0x00009d88                rpl_join_instance
 .text.rpl_local_repair
                0x00009ecc       0x68 contiki-srf06-cc26xx.a(rpl-dag.o)
                0x00009ecc                rpl_local_repair
 .text.rpl_process_parent_event
                0x00009f34       0x60 contiki-srf06-cc26xx.a(rpl-dag.o)
                0x00009f34                rpl_process_parent_event
 .text.rpl_add_dag
                0x00009f94      0x150 contiki-srf06-cc26xx.a(rpl-dag.o)
                0x00009f94                rpl_add_dag
 .text.rpl_recalculate_ranks
                0x0000a0e4       0x50 contiki-srf06-cc26xx.a(rpl-dag.o)
                0x0000a0e4                rpl_recalculate_ranks
 .text.rpl_process_dio
                0x0000a134      0x318 contiki-srf06-cc26xx.a(rpl-dag.o)
                0x0000a134                rpl_process_dio
 .text.rpl_verify_header
                0x0000a44c      0x104 contiki-srf06-cc26xx.a(rpl-ext-header.)
                0x0000a44c                rpl_verify_header
 .text.rpl_update_header_empty
                0x0000a550      0x12c contiki-srf06-cc26xx.a(rpl-ext-header.)
                0x0000a550                rpl_update_header_empty
 .text.rpl_update_header_final
                0x0000a67c       0x88 contiki-srf06-cc26xx.a(rpl-ext-header.)
                0x0000a67c                rpl_update_header_final
 .text.rpl_invert_header
                0x0000a704       0x68 contiki-srf06-cc26xx.a(rpl-ext-header.)
                0x0000a704                rpl_invert_header
 .text.rpl_insert_header
                0x0000a76c       0x1c contiki-srf06-cc26xx.a(rpl-ext-header.)
                0x0000a76c                rpl_insert_header
 .text.get32    0x0000a788       0x20 contiki-srf06-cc26xx.a(rpl-icmp6.o)
 .text.dao_ack_input
                0x0000a7a8       0x14 contiki-srf06-cc26xx.a(rpl-icmp6.o)
 .text.dio_input
                0x0000a7bc      0x2b8 contiki-srf06-cc26xx.a(rpl-icmp6.o)
 .text.dis_output
                0x0000aa74       0x58 contiki-srf06-cc26xx.a(rpl-icmp6.o)
                0x0000aa74                dis_output
 .text.dio_output
                0x0000aacc      0x2dc contiki-srf06-cc26xx.a(rpl-icmp6.o)
                0x0000aacc                dio_output
 .text.dis_input
                0x0000ada8       0x40 contiki-srf06-cc26xx.a(rpl-icmp6.o)
 .text.dao_output_target
                0x0000ade8      0x104 contiki-srf06-cc26xx.a(rpl-icmp6.o)
                0x0000ade8                dao_output_target
 .text.dao_output
                0x0000aeec       0x58 contiki-srf06-cc26xx.a(rpl-icmp6.o)
                0x0000aeec                dao_output
 .text.dao_ack_output
                0x0000af44       0x30 contiki-srf06-cc26xx.a(rpl-icmp6.o)
                0x0000af44                dao_ack_output
 .text.dao_input
                0x0000af74      0x218 contiki-srf06-cc26xx.a(rpl-icmp6.o)
 .text.rpl_icmp6_register_handlers
                0x0000b18c       0x30 contiki-srf06-cc26xx.a(rpl-icmp6.o)
                0x0000b18c                rpl_icmp6_register_handlers
 .text.reset    0x0000b1bc        0x4 contiki-srf06-cc26xx.a(rpl-mrhof.o)
 .text.update_metric_container
                0x0000b1c0        0x8 contiki-srf06-cc26xx.a(rpl-mrhof.o)
 .text.calculate_rank
                0x0000b1c8       0x44 contiki-srf06-cc26xx.a(rpl-mrhof.o)
 .text.neighbor_link_callback
                0x0000b20c       0x54 contiki-srf06-cc26xx.a(rpl-mrhof.o)
 .text.best_dag
                0x0000b260       0x2c contiki-srf06-cc26xx.a(rpl-mrhof.o)
 .text.best_parent
                0x0000b28c       0x60 contiki-srf06-cc26xx.a(rpl-mrhof.o)
 .text.new_dio_interval
                0x0000b2ec       0x60 contiki-srf06-cc26xx.a(rpl-timers.o)
 .text.handle_periodic_timer
                0x0000b34c       0x3c contiki-srf06-cc26xx.a(rpl-timers.o)
 .text.set_dao_lifetime_timer
                0x0000b388       0x3c contiki-srf06-cc26xx.a(rpl-timers.o)
 .text.handle_unicast_dio_timer
                0x0000b3c4       0x1c contiki-srf06-cc26xx.a(rpl-timers.o)
 .text.handle_dio_timer
                0x0000b3e0       0x8c contiki-srf06-cc26xx.a(rpl-timers.o)
 .text.schedule_dao
                0x0000b46c       0x54 contiki-srf06-cc26xx.a(rpl-timers.o)
 .text.handle_dao_timer
                0x0000b4c0       0x5c contiki-srf06-cc26xx.a(rpl-timers.o)
 .text.rpl_reset_periodic_timer
                0x0000b51c       0x3c contiki-srf06-cc26xx.a(rpl-timers.o)
                0x0000b51c                rpl_reset_periodic_timer
 .text.rpl_reset_dio_timer
                0x0000b558       0x1c contiki-srf06-cc26xx.a(rpl-timers.o)
                0x0000b558                rpl_reset_dio_timer
 .text.rpl_schedule_dao
                0x0000b574        0x8 contiki-srf06-cc26xx.a(rpl-timers.o)
                0x0000b574                rpl_schedule_dao
 .text.rpl_schedule_unicast_dio_immediately
                0x0000b57c       0x14 contiki-srf06-cc26xx.a(rpl-timers.o)
                0x0000b57c                rpl_schedule_unicast_dio_immediately
 .text.rpl_schedule_probing
                0x0000b590       0x38 contiki-srf06-cc26xx.a(rpl-timers.o)
                0x0000b590                rpl_schedule_probing
 .text.handle_probing_timer
                0x0000b5c8       0xdc contiki-srf06-cc26xx.a(rpl-timers.o)
 .text.NOROM_AONRTCCurrentCompareValueGet
                0x0000b6a4       0x24 contiki-srf06-cc26xx.a(aon_rtc.o)
                0x0000b6a4                NOROM_AONRTCCurrentCompareValueGet
 .text.NOROM_CPUcpsid
                0x0000b6c8        0x8 contiki-srf06-cc26xx.a(cpu.o)
                0x0000b6c8                NOROM_CPUcpsid
 .text.NOROM_CPUcpsie
                0x0000b6d0        0x8 contiki-srf06-cc26xx.a(cpu.o)
                0x0000b6d0                NOROM_CPUcpsie
 .text.NOROM_CPUdelay
                0x0000b6d8        0x8 contiki-srf06-cc26xx.a(cpu.o)
                0x0000b6d8                NOROM_CPUdelay
 .text.NOROM_DDI16BitfieldWrite
                0x0000b6e0       0x4c contiki-srf06-cc26xx.a(ddi.o)
                0x0000b6e0                NOROM_DDI16BitfieldWrite
 .text.NOROM_DDI16BitfieldRead
                0x0000b72c       0x48 contiki-srf06-cc26xx.a(ddi.o)
                0x0000b72c                NOROM_DDI16BitfieldRead
 .text.NOROM_OSCClockSourceSet
                0x0000b774       0x50 contiki-srf06-cc26xx.a(osc.o)
                0x0000b774                NOROM_OSCClockSourceSet
 .text.NOROM_OSCClockSourceGet
                0x0000b7c4       0x24 contiki-srf06-cc26xx.a(osc.o)
                0x0000b7c4                NOROM_OSCClockSourceGet
 .text.NOROM_OSCInterfaceEnable
                0x0000b7e8       0x34 contiki-srf06-cc26xx.a(osc.o)
                0x0000b7e8                NOROM_OSCInterfaceEnable
 .text.NOROM_PowerCtrlSourceSet
                0x0000b81c       0x30 contiki-srf06-cc26xx.a(pwr_ctrl.o)
                0x0000b81c                NOROM_PowerCtrlSourceSet
 .text.HapiTrimDeviceShutDown
                0x0000b84c      0x4f4 contiki-srf06-cc26xx.a(setup.o)
 .text.trimDevice
                0x0000bd40       0xfc contiki-srf06-cc26xx.a(setup.o)
                0x0000bd40                trimDevice
 .text.SysCtrlSetRechargeBeforePowerDown
                0x0000be3c      0x1e8 contiki-srf06-cc26xx.a(sys_ctrl.o)
                0x0000be3c                SysCtrlSetRechargeBeforePowerDown
 .text.SysCtrlAdjustRechargeAfterPowerDown
                0x0000c024       0x64 contiki-srf06-cc26xx.a(sys_ctrl.o)
                0x0000c024                SysCtrlAdjustRechargeAfterPowerDown
 .text.SysCtrl_DCDC_VoltageConditionalControl
                0x0000c088       0x78 contiki-srf06-cc26xx.a(sys_ctrl.o)
                0x0000c088                SysCtrl_DCDC_VoltageConditionalControl
 .text.linkaddr_copy
                0x0000c100        0xc contiki-srf06-cc26xx.a(linkaddr.o)
                0x0000c100                linkaddr_copy
 .text.linkaddr_cmp
                0x0000c10c       0x10 contiki-srf06-cc26xx.a(linkaddr.o)
                0x0000c10c                linkaddr_cmp
 .text.nbr_set_bit
                0x0000c11c       0x4c contiki-srf06-cc26xx.a(nbr-table.o)
 .text.index_from_lladdr
                0x0000c168       0x50 contiki-srf06-cc26xx.a(nbr-table.o)
 .text.nbr_get_bit.constprop.0
                0x0000c1b8       0x2c contiki-srf06-cc26xx.a(nbr-table.o)
 .text.nbr_table_register
                0x0000c1e4       0x2c contiki-srf06-cc26xx.a(nbr-table.o)
                0x0000c1e4                nbr_table_register
 .text.nbr_table_next
                0x0000c210       0x70 contiki-srf06-cc26xx.a(nbr-table.o)
                0x0000c210                nbr_table_next
 .text.nbr_table_head
                0x0000c280       0x58 contiki-srf06-cc26xx.a(nbr-table.o)
                0x0000c280                nbr_table_head
 .text.nbr_table_add_lladdr
                0x0000c2d8      0x190 contiki-srf06-cc26xx.a(nbr-table.o)
                0x0000c2d8                nbr_table_add_lladdr
 .text.nbr_table_get_from_lladdr
                0x0000c468       0x34 contiki-srf06-cc26xx.a(nbr-table.o)
                0x0000c468                nbr_table_get_from_lladdr
 .text.nbr_table_remove
                0x0000c49c       0x2c contiki-srf06-cc26xx.a(nbr-table.o)
                0x0000c49c                nbr_table_remove
 .text.nbr_table_lock
                0x0000c4c8       0x14 contiki-srf06-cc26xx.a(nbr-table.o)
                0x0000c4c8                nbr_table_lock
 .text.nbr_table_unlock
                0x0000c4dc       0x14 contiki-srf06-cc26xx.a(nbr-table.o)
                0x0000c4dc                nbr_table_unlock
 .text.nbr_table_get_lladdr
                0x0000c4f0       0x30 contiki-srf06-cc26xx.a(nbr-table.o)
                0x0000c4f0                nbr_table_get_lladdr
 .text.netstack_init
                0x0000c520       0x38 contiki-srf06-cc26xx.a(netstack.o)
                0x0000c520                netstack_init
 .text.packetbuf_copyto
                0x0000c558       0x50 contiki-srf06-cc26xx.a(packetbuf.o)
                0x0000c558                packetbuf_copyto
 .text.packetbuf_hdralloc
                0x0000c5a8       0x48 contiki-srf06-cc26xx.a(packetbuf.o)
                0x0000c5a8                packetbuf_hdralloc
 .text.packetbuf_hdrreduce
                0x0000c5f0       0x2c contiki-srf06-cc26xx.a(packetbuf.o)
                0x0000c5f0                packetbuf_hdrreduce
 .text.packetbuf_set_datalen
                0x0000c61c        0xc contiki-srf06-cc26xx.a(packetbuf.o)
                0x0000c61c                packetbuf_set_datalen
 .text.packetbuf_dataptr
                0x0000c628       0x14 contiki-srf06-cc26xx.a(packetbuf.o)
                0x0000c628                packetbuf_dataptr
 .text.packetbuf_hdrptr
                0x0000c63c       0x14 contiki-srf06-cc26xx.a(packetbuf.o)
                0x0000c63c                packetbuf_hdrptr
 .text.packetbuf_datalen
                0x0000c650        0xc contiki-srf06-cc26xx.a(packetbuf.o)
                0x0000c650                packetbuf_datalen
 .text.packetbuf_totlen
                0x0000c65c       0x28 contiki-srf06-cc26xx.a(packetbuf.o)
                0x0000c65c                packetbuf_totlen
 .text.packetbuf_attr_clear
                0x0000c684       0x38 contiki-srf06-cc26xx.a(packetbuf.o)
                0x0000c684                packetbuf_attr_clear
 .text.packetbuf_clear
                0x0000c6bc       0x34 contiki-srf06-cc26xx.a(packetbuf.o)
                0x0000c6bc                packetbuf_clear
 .text.packetbuf_copyfrom
                0x0000c6f0       0x2c contiki-srf06-cc26xx.a(packetbuf.o)
                0x0000c6f0                packetbuf_copyfrom
 .text.packetbuf_attr_copyto
                0x0000c71c       0x44 contiki-srf06-cc26xx.a(packetbuf.o)
                0x0000c71c                packetbuf_attr_copyto
 .text.packetbuf_attr_copyfrom
                0x0000c760       0x44 contiki-srf06-cc26xx.a(packetbuf.o)
                0x0000c760                packetbuf_attr_copyfrom
 .text.packetbuf_set_attr
                0x0000c7a4       0x10 contiki-srf06-cc26xx.a(packetbuf.o)
                0x0000c7a4                packetbuf_set_attr
 .text.packetbuf_attr
                0x0000c7b4        0xc contiki-srf06-cc26xx.a(packetbuf.o)
                0x0000c7b4                packetbuf_attr
 .text.packetbuf_set_addr
                0x0000c7c0       0x18 contiki-srf06-cc26xx.a(packetbuf.o)
                0x0000c7c0                packetbuf_set_addr
 .text.packetbuf_addr
                0x0000c7d8       0x10 contiki-srf06-cc26xx.a(packetbuf.o)
                0x0000c7d8                packetbuf_addr
 .text.packetbuf_holds_broadcast
                0x0000c7e8       0x10 contiki-srf06-cc26xx.a(packetbuf.o)
                0x0000c7e8                packetbuf_holds_broadcast
 .text.queuebuf_init
                0x0000c7f8       0x1c contiki-srf06-cc26xx.a(queuebuf.o)
                0x0000c7f8                queuebuf_init
 .text.queuebuf_numfree
                0x0000c814        0xc contiki-srf06-cc26xx.a(queuebuf.o)
                0x0000c814                queuebuf_numfree
 .text.queuebuf_new_from_packetbuf
                0x0000c820       0x48 contiki-srf06-cc26xx.a(queuebuf.o)
                0x0000c820                queuebuf_new_from_packetbuf
 .text.queuebuf_update_attr_from_packetbuf
                0x0000c868        0xc contiki-srf06-cc26xx.a(queuebuf.o)
                0x0000c868                queuebuf_update_attr_from_packetbuf
 .text.queuebuf_update_from_packetbuf
                0x0000c874       0x1c contiki-srf06-cc26xx.a(queuebuf.o)
                0x0000c874                queuebuf_update_from_packetbuf
 .text.queuebuf_free
                0x0000c890       0x2c contiki-srf06-cc26xx.a(queuebuf.o)
                0x0000c890                queuebuf_free
 .text.queuebuf_to_packetbuf
                0x0000c8bc       0x30 contiki-srf06-cc26xx.a(queuebuf.o)
                0x0000c8bc                queuebuf_to_packetbuf
 .text.queuebuf_attr
                0x0000c8ec        0xc contiki-srf06-cc26xx.a(queuebuf.o)
                0x0000c8ec                queuebuf_attr
 .text.input_packet
                0x0000c8f8        0xc contiki-srf06-cc26xx.a(csma.o)
 .text.on       0x0000c904        0xc contiki-srf06-cc26xx.a(csma.o)
 .text.off      0x0000c910        0xc contiki-srf06-cc26xx.a(csma.o)
 .text.channel_check_interval
                0x0000c91c       0x10 contiki-srf06-cc26xx.a(csma.o)
 .text.transmit_packet_list
                0x0000c92c       0x34 contiki-srf06-cc26xx.a(csma.o)
 .text.free_packet
                0x0000c960       0x98 contiki-srf06-cc26xx.a(csma.o)
 .text.packet_sent
                0x0000c9f8      0x100 contiki-srf06-cc26xx.a(csma.o)
 .text.send_packet
                0x0000caf8      0x164 contiki-srf06-cc26xx.a(csma.o)
 .text.init     0x0000cc5c       0x24 contiki-srf06-cc26xx.a(csma.o)
 .text.parse    0x0000cc80       0xa0 contiki-srf06-cc26xx.a(framer-802154.o)
 .text.create_frame.isra.0
                0x0000cd20      0x13c contiki-srf06-cc26xx.a(framer-802154.o)
 .text.create   0x0000ce5c        0x8 contiki-srf06-cc26xx.a(framer-802154.o)
 .text.hdr_length
                0x0000ce64        0x8 contiki-srf06-cc26xx.a(framer-802154.o)
 .text.mac_call_sent_callback
                0x0000ce6c       0x10 contiki-srf06-cc26xx.a(mac.o)
                0x0000ce6c                mac_call_sent_callback
 .text.duty_cycle
                0x0000ce7c        0x4 contiki-srf06-cc26xx.a(contikimac.o)
 .text.init     0x0000ce80       0x40 contiki-srf06-cc26xx.a(contikimac.o)
 .text.on       0x0000cec0       0x2c contiki-srf06-cc26xx.a(contikimac.o)
 .text.off      0x0000ceec       0x38 contiki-srf06-cc26xx.a(contikimac.o)
 .text.recv_burst_off
                0x0000cf24       0x14 contiki-srf06-cc26xx.a(contikimac.o)
 .text.powercycle_turn_radio_off.part.2
                0x0000cf38       0x10 contiki-srf06-cc26xx.a(contikimac.o)
 .text.turn_off
                0x0000cf48       0x48 contiki-srf06-cc26xx.a(contikimac.o)
 .text.turn_on  0x0000cf90       0x40 contiki-srf06-cc26xx.a(contikimac.o)
 .text.schedule_powercycle_fixed.part.5
                0x0000cfd0       0x2c contiki-srf06-cc26xx.a(contikimac.o)
 .text.input_packet
                0x0000cffc       0xac contiki-srf06-cc26xx.a(contikimac.o)
 .text.send_packet.isra.8
                0x0000d0a8      0x228 contiki-srf06-cc26xx.a(contikimac.o)
 .text.qsend_list
                0x0000d2d0       0xe0 contiki-srf06-cc26xx.a(contikimac.o)
 .text.qsend_packet
                0x0000d3b0       0x24 contiki-srf06-cc26xx.a(contikimac.o)
 .text.powercycle_wrapper
                0x0000d3d4      0x234 contiki-srf06-cc26xx.a(contikimac.o)
 .text.init     0x0000d608        0x4 contiki-srf06-cc26xx.a(nullsec.o)
 .text.input    0x0000d60c        0xc contiki-srf06-cc26xx.a(nullsec.o)
 .text.send     0x0000d618       0x20 contiki-srf06-cc26xx.a(nullsec.o)
 .text.sensor_common_read_reg
                0x0000d638       0x1c contiki-srf06-cc26xx.a(sensor-common.o)
                0x0000d638                sensor_common_read_reg
 .text.sensor_common_write_reg
                0x0000d654       0x38 contiki-srf06-cc26xx.a(sensor-common.o)
                0x0000d654                sensor_common_write_reg
 .text.sensor_common_set_error_data
                0x0000d68c       0x10 contiki-srf06-cc26xx.a(sensor-common.o)
                0x0000d68c                sensor_common_set_error_data
 .text.verify_part
                0x0000d69c       0x6c contiki-srf06-cc26xx.a(ext-flash.o)
 .text.wait_ready
                0x0000d708       0x64 contiki-srf06-cc26xx.a(ext-flash.o)
 .text.power_down
                0x0000d76c       0x50 contiki-srf06-cc26xx.a(ext-flash.o)
 .text.ext_flash_open
                0x0000d7bc       0x60 contiki-srf06-cc26xx.a(ext-flash.o)
                0x0000d7bc                ext_flash_open
 .text.ext_flash_init
                0x0000d81c       0x14 contiki-srf06-cc26xx.a(ext-flash.o)
                0x0000d81c                ext_flash_init
 .text.accessible
                0x0000d830       0x24 contiki-srf06-cc26xx.a(board-spi.o)
 .text.board_spi_write
                0x0000d854       0x3c contiki-srf06-cc26xx.a(board-spi.o)
                0x0000d854                board_spi_write
 .text.board_spi_read
                0x0000d890       0x48 contiki-srf06-cc26xx.a(board-spi.o)
                0x0000d890                board_spi_read
 .text.board_spi_flush
                0x0000d8d8       0x24 contiki-srf06-cc26xx.a(board-spi.o)
                0x0000d8d8                board_spi_flush
 .text.board_spi_open
                0x0000d8fc       0xc0 contiki-srf06-cc26xx.a(board-spi.o)
                0x0000d8fc                board_spi_open
 .text.board_spi_close
                0x0000d9bc       0x70 contiki-srf06-cc26xx.a(board-spi.o)
                0x0000d9bc                board_spi_close
 .text.process_thread_rf_core_process
                0x0000da2c       0x58 contiki-srf06-cc26xx.a(rf-core.o)
 .text.rf_core_is_accessible
                0x0000da84       0x10 contiki-srf06-cc26xx.a(rf-core.o)
                0x0000da84                rf_core_is_accessible
 .text.rf_core_send_cmd
                0x0000da94       0xa4 contiki-srf06-cc26xx.a(rf-core.o)
                0x0000da94                rf_core_send_cmd
 .text.rf_core_wait_cmd_done
                0x0000db38       0x30 contiki-srf06-cc26xx.a(rf-core.o)
                0x0000db38                rf_core_wait_cmd_done
 .text.rf_core_power_up
                0x0000db68       0xb4 contiki-srf06-cc26xx.a(rf-core.o)
                0x0000db68                rf_core_power_up
 .text.rf_core_power_down
                0x0000dc1c       0xe8 contiki-srf06-cc26xx.a(rf-core.o)
                0x0000dc1c                rf_core_power_down
 .text.rf_core_set_modesel
                0x0000dd04       0x68 contiki-srf06-cc26xx.a(rf-core.o)
                0x0000dd04                rf_core_set_modesel
 .text.rf_core_boot
                0x0000dd6c       0x30 contiki-srf06-cc26xx.a(rf-core.o)
                0x0000dd6c                rf_core_boot
 .text.rf_core_setup_interrupts
                0x0000dd9c       0x6c contiki-srf06-cc26xx.a(rf-core.o)
                0x0000dd9c                rf_core_setup_interrupts
 .text.rf_core_cmd_done_en
                0x0000de08       0x28 contiki-srf06-cc26xx.a(rf-core.o)
                0x0000de08                rf_core_cmd_done_en
 .text.rf_core_cmd_done_dis
                0x0000de30       0x10 contiki-srf06-cc26xx.a(rf-core.o)
                0x0000de30                rf_core_cmd_done_dis
 .text.rf_core_get_last_radio_op
                0x0000de40        0xc contiki-srf06-cc26xx.a(rf-core.o)
                0x0000de40                rf_core_get_last_radio_op
 .text.rf_core_init_radio_op
                0x0000de4c       0x20 contiki-srf06-cc26xx.a(rf-core.o)
                0x0000de4c                rf_core_init_radio_op
 .text.rf_core_primary_mode_register
                0x0000de6c        0xc contiki-srf06-cc26xx.a(rf-core.o)
                0x0000de6c                rf_core_primary_mode_register
 .text.RFCCPE1IntHandler
                0x0000de78       0x28 contiki-srf06-cc26xx.a(rf-core.o)
                0x0000de78                RFCCPE1IntHandler
 .text.RFCCPE0IntHandler
                0x0000dea0       0x5c contiki-srf06-cc26xx.a(rf-core.o)
                0x0000dea0                RFCCPE0IntHandler
 .text.rf_ble_is_active
                0x0000defc        0xc contiki-srf06-cc26xx.a(rf-ble.o)
                0x0000defc                rf_ble_is_active
 .text.stimer_set
                0x0000df08       0x10 contiki-srf06-cc26xx.a(stimer.o)
                0x0000df08                stimer_set
 .text.stimer_expired
                0x0000df18       0x20 contiki-srf06-cc26xx.a(stimer.o)
                0x0000df18                stimer_expired
 .text.memb_init
                0x0000df38       0x24 contiki-srf06-cc26xx.a(memb.o)
                0x0000df38                memb_init
 .text.memb_alloc
                0x0000df5c       0x3c contiki-srf06-cc26xx.a(memb.o)
                0x0000df5c                memb_alloc
 .text.memb_free
                0x0000df98       0x44 contiki-srf06-cc26xx.a(memb.o)
                0x0000df98                memb_free
 .text.memb_inmemb
                0x0000dfdc       0x1c contiki-srf06-cc26xx.a(memb.o)
                0x0000dfdc                memb_inmemb
 .text.memb_numfree
                0x0000dff8       0x1c contiki-srf06-cc26xx.a(memb.o)
                0x0000dff8                memb_numfree
 .text.AONBatMonTemperatureGetDegC
                0x0000e014       0x30 contiki-srf06-cc26xx.a(aon_batmon.o)
                0x0000e014                AONBatMonTemperatureGetDegC
 .text.ChipInfo_GetSupportedProtocol_BV
                0x0000e044       0x10 contiki-srf06-cc26xx.a(chipinfo.o)
                0x0000e044                ChipInfo_GetSupportedProtocol_BV
 .text.ChipInfo_GetChipFamily
                0x0000e054       0x38 contiki-srf06-cc26xx.a(chipinfo.o)
                0x0000e054                ChipInfo_GetChipFamily
 .text.ChipInfo_GetHwRevision
                0x0000e08c       0x98 contiki-srf06-cc26xx.a(chipinfo.o)
                0x0000e08c                ChipInfo_GetHwRevision
 .text.ThisCodeIsBuiltForCC26xxHwRev22AndLater_HaltIfViolated
                0x0000e124       0x2c contiki-srf06-cc26xx.a(chipinfo.o)
                0x0000e124                ThisCodeIsBuiltForCC26xxHwRev22AndLater_HaltIfViolated
 .text.frame802154_get_pan_id
                0x0000e150        0xc contiki-srf06-cc26xx.a(frame802154.o)
                0x0000e150                frame802154_get_pan_id
 .text.frame802154_has_panid
                0x0000e15c       0x54 contiki-srf06-cc26xx.a(frame802154.o)
                0x0000e15c                frame802154_has_panid
 .text.field_len
                0x0000e1b0       0x9c contiki-srf06-cc26xx.a(frame802154.o)
 .text.frame802154_is_broadcast_addr
                0x0000e24c       0x20 contiki-srf06-cc26xx.a(frame802154.o)
                0x0000e24c                frame802154_is_broadcast_addr
 .text.frame802154_hdrlen
                0x0000e26c       0x34 contiki-srf06-cc26xx.a(frame802154.o)
                0x0000e26c                frame802154_hdrlen
 .text.frame802154_create
                0x0000e2a0      0x10c contiki-srf06-cc26xx.a(frame802154.o)
                0x0000e2a0                frame802154_create
 .text.frame802154_parse
                0x0000e3ac      0x17c contiki-srf06-cc26xx.a(frame802154.o)
                0x0000e3ac                frame802154_parse
 .text.mac_sequence_is_duplicate
                0x0000e528       0x3c contiki-srf06-cc26xx.a(mac-sequence.o)
                0x0000e528                mac_sequence_is_duplicate
 .text.mac_sequence_register_seqno
                0x0000e564       0x70 contiki-srf06-cc26xx.a(mac-sequence.o)
                0x0000e564                mac_sequence_register_seqno
 .text.exp2     0x0000e5d4       0x10 /usr/bin/../lib/gcc/arm-none-eabi/4.9.3/../../../../arm-none-eabi/lib/armv7-m/libm.a(lib_a-w_exp2.o)
                0x0000e5d4                exp2
 .text.pow      0x0000e5e4      0x2f0 /usr/bin/../lib/gcc/arm-none-eabi/4.9.3/../../../../arm-none-eabi/lib/armv7-m/libm.a(lib_a-w_pow.o)
                0x0000e5e4                pow
 .text.__ieee754_sqrt
                0x0000e8d4      0x18c /usr/bin/../lib/gcc/arm-none-eabi/4.9.3/../../../../arm-none-eabi/lib/armv7-m/libm.a(lib_a-e_sqrt.o)
                0x0000e8d4                __ieee754_sqrt
 .text.fabs     0x0000ea60        0x8 /usr/bin/../lib/gcc/arm-none-eabi/4.9.3/../../../../arm-none-eabi/lib/armv7-m/libm.a(lib_a-s_fabs.o)
                0x0000ea60                fabs
 .text.finite   0x0000ea68        0xc /usr/bin/../lib/gcc/arm-none-eabi/4.9.3/../../../../arm-none-eabi/lib/armv7-m/libm.a(lib_a-s_finite.o)
                0x0000ea68                finite
 .text.__fpclassifyd
                0x0000ea74       0x58 /usr/bin/../lib/gcc/arm-none-eabi/4.9.3/../../../../arm-none-eabi/lib/armv7-m/libm.a(lib_a-s_fpclassify.o)
                0x0000ea74                __fpclassifyd
 .text.matherr  0x0000eacc        0x4 /usr/bin/../lib/gcc/arm-none-eabi/4.9.3/../../../../arm-none-eabi/lib/armv7-m/libm.a(lib_a-s_matherr.o)
                0x0000eacc                matherr
 .text.nan      0x0000ead0        0xc /usr/bin/../lib/gcc/arm-none-eabi/4.9.3/../../../../arm-none-eabi/lib/armv7-m/libm.a(lib_a-s_nan.o)
                0x0000ead0                nan
 .text.rint     0x0000eadc      0x11c /usr/bin/../lib/gcc/arm-none-eabi/4.9.3/../../../../arm-none-eabi/lib/armv7-m/libm.a(lib_a-s_rint.o)
                0x0000eadc                rint
 .text.copysign
                0x0000ebf8       0x10 /usr/bin/../lib/gcc/arm-none-eabi/4.9.3/../../../../arm-none-eabi/lib/armv7-m/libm.a(lib_a-s_copysign.o)
                0x0000ebf8                copysign
 .text          0x0000ec08      0x370 /usr/bin/../lib/gcc/arm-none-eabi/4.9.3/armv7-m/libgcc.a(_arm_addsubdf3.o)
                0x0000ec08                __aeabi_drsub
                0x0000ec10                __aeabi_dsub
                0x0000ec10                __subdf3
                0x0000ec14                __adddf3
                0x0000ec14                __aeabi_dadd
                0x0000ee8c                __aeabi_ui2d
                0x0000ee8c                __floatunsidf
                0x0000eeac                __floatsidf
                0x0000eeac                __aeabi_i2d
                0x0000eed0                __extendsfdf2
                0x0000eed0                __aeabi_f2d
                0x0000ef0c                __aeabi_ul2d
                0x0000ef0c                __floatundidf
                0x0000ef1c                __floatdidf
                0x0000ef1c                __aeabi_l2d
 .text          0x0000ef78      0x424 /usr/bin/../lib/gcc/arm-none-eabi/4.9.3/armv7-m/libgcc.a(_arm_muldivdf3.o)
                0x0000ef78                __aeabi_dmul
                0x0000ef78                __muldf3
                0x0000f1cc                __aeabi_ddiv
                0x0000f1cc                __divdf3
 .text          0x0000f39c      0x110 /usr/bin/../lib/gcc/arm-none-eabi/4.9.3/armv7-m/libgcc.a(_arm_cmpdf2.o)
                0x0000f39c                __gtdf2
                0x0000f39c                __gedf2
                0x0000f3a4                __ltdf2
                0x0000f3a4                __ledf2
                0x0000f3ac                __cmpdf2
                0x0000f3ac                __eqdf2
                0x0000f3ac                __nedf2
                0x0000f428                __aeabi_cdrcmple
                0x0000f438                __aeabi_cdcmple
                0x0000f438                __aeabi_cdcmpeq
                0x0000f448                __aeabi_dcmpeq
                0x0000f45c                __aeabi_dcmplt
                0x0000f470                __aeabi_dcmple
                0x0000f484                __aeabi_dcmpge
                0x0000f498                __aeabi_dcmpgt
 .text          0x0000f4ac       0xa0 /usr/bin/../lib/gcc/arm-none-eabi/4.9.3/armv7-m/libgcc.a(_arm_truncdfsf2.o)
                0x0000f4ac                __aeabi_d2f
                0x0000f4ac                __truncdfsf2
 .text          0x0000f54c      0x21c /usr/bin/../lib/gcc/arm-none-eabi/4.9.3/armv7-m/libgcc.a(_arm_addsubsf3.o)
                0x0000f54c                __aeabi_frsub
                0x0000f554                __subsf3
                0x0000f554                __aeabi_fsub
                0x0000f558                __aeabi_fadd
                0x0000f558                __addsf3
                0x0000f6b8                __aeabi_ui2f
                0x0000f6b8                __floatunsisf
                0x0000f6c0                __aeabi_i2f
                0x0000f6c0                __floatsisf
                0x0000f6dc                __floatundisf
                0x0000f6dc                __aeabi_ul2f
                0x0000f6ec                __floatdisf
                0x0000f6ec                __aeabi_l2f
 .text          0x0000f768      0x2a0 /usr/bin/../lib/gcc/arm-none-eabi/4.9.3/armv7-m/libgcc.a(_arm_muldivsf3.o)
                0x0000f768                __mulsf3
                0x0000f768                __aeabi_fmul
                0x0000f8d0                __divsf3
                0x0000f8d0                __aeabi_fdiv
 .text          0x0000fa08       0x4c /usr/bin/../lib/gcc/arm-none-eabi/4.9.3/armv7-m/libgcc.a(_arm_fixsfsi.o)
                0x0000fa08                __fixsfsi
                0x0000fa08                __aeabi_f2iz
 .text          0x0000fa54       0x30 /usr/bin/../lib/gcc/arm-none-eabi/4.9.3/armv7-m/libgcc.a(_aeabi_uldivmod.o)
                0x0000fa54                __aeabi_uldivmod
 .text          0x0000fa84       0x60 /usr/bin/../lib/gcc/arm-none-eabi/4.9.3/armv7-m/libgcc.a(bpabi.o)
                0x0000fa84                __gnu_ldivmod_helper
                0x0000fab4                __gnu_uldivmod_helper
 .text          0x0000fae4        0x4 /usr/bin/../lib/gcc/arm-none-eabi/4.9.3/armv7-m/libgcc.a(_dvmd_tls.o)
                0x0000fae4                __aeabi_ldiv0
                0x0000fae4                __aeabi_idiv0
 .text          0x0000fae8      0x2ac /usr/bin/../lib/gcc/arm-none-eabi/4.9.3/armv7-m/libgcc.a(_divdi3.o)
                0x0000fae8                __divdi3
 .text          0x0000fd94      0x270 /usr/bin/../lib/gcc/arm-none-eabi/4.9.3/armv7-m/libgcc.a(_udivdi3.o)
                0x0000fd94                __udivdi3
 .text.__errno  0x00010004        0xc /usr/bin/../lib/gcc/arm-none-eabi/4.9.3/../../../../arm-none-eabi/lib/armv7-m/libc.a(lib_a-errno.o)
                0x00010004                __errno
 .text.memcmp   0x00010010       0x64 /usr/bin/../lib/gcc/arm-none-eabi/4.9.3/../../../../arm-none-eabi/lib/armv7-m/libc.a(lib_a-memcmp.o)
                0x00010010                memcmp
 .text          0x00010074       0xec /usr/bin/../lib/gcc/arm-none-eabi/4.9.3/../../../../arm-none-eabi/lib/armv7-m/libc.a(lib_a-memcpy.o)
                0x00010074                memcpy
 .text.memmove  0x00010160       0xc8 /usr/bin/../lib/gcc/arm-none-eabi/4.9.3/../../../../arm-none-eabi/lib/armv7-m/libc.a(lib_a-memmove.o)
                0x00010160                memmove
 .text.memset   0x00010228       0x9c /usr/bin/../lib/gcc/arm-none-eabi/4.9.3/../../../../arm-none-eabi/lib/armv7-m/libc.a(lib_a-memset.o)
                0x00010228                memset
 .text.srand    0x000102c4       0x14 /usr/bin/../lib/gcc/arm-none-eabi/4.9.3/../../../../arm-none-eabi/lib/armv7-m/libc.a(lib_a-rand.o)
                0x000102c4                srand
 .text.rand     0x000102d8       0x40 /usr/bin/../lib/gcc/arm-none-eabi/4.9.3/../../../../arm-none-eabi/lib/armv7-m/libc.a(lib_a-rand.o)
                0x000102d8                rand
 .text          0x00010318      0x1bc /usr/bin/../lib/gcc/arm-none-eabi/4.9.3/../../../../arm-none-eabi/lib/armv7-m/libc.a(lib_a-strcmp.o)
                0x00010318                strcmp
 .text.strlen   0x000104d4       0x5c /usr/bin/../lib/gcc/arm-none-eabi/4.9.3/../../../../arm-none-eabi/lib/armv7-m/libc.a(lib_a-strlen.o)
                0x000104d4                strlen
 *(SORT(.rodata*))
 .rodata.dp_h   0x00010530       0x10 /usr/bin/../lib/gcc/arm-none-eabi/4.9.3/../../../../arm-none-eabi/lib/armv7-m/libm.a(lib_a-e_pow.o)
 .rodata.dp_l   0x00010540       0x10 /usr/bin/../lib/gcc/arm-none-eabi/4.9.3/../../../../arm-none-eabi/lib/armv7-m/libm.a(lib_a-e_pow.o)
 .rodata.bp     0x00010550       0x10 /usr/bin/../lib/gcc/arm-none-eabi/4.9.3/../../../../arm-none-eabi/lib/armv7-m/libm.a(lib_a-e_pow.o)
 .rodata.TWO52  0x00010560       0x10 /usr/bin/../lib/gcc/arm-none-eabi/4.9.3/../../../../arm-none-eabi/lib/armv7-m/libm.a(lib_a-s_rint.o)
 .rodata.autostart_processes
                0x00010570        0x8 prac2.co
                0x00010570                autostart_processes
 .rodata.str1.4
                0x00010578       0x6d prac2.co
                                 0x71 (size before relaxing)
 *fill*         0x000105e5        0x3 00000000
 .rodata.str1.4
                0x000105e8       0xa1 contiki-srf06-cc26xx.a(contiki-main.o)
 *fill*         0x00010689        0x3 00000000
 .rodata.str1.4
                0x0001068c        0x8 contiki-srf06-cc26xx.a(sensors.o)
 .rodata.str1.4
                0x00010694        0x7 contiki-srf06-cc26xx.a(bmp-280-sensor.)
 *fill*         0x0001069b        0x1 00000000
 .rodata.bmp_280_sensor
                0x0001069c       0x10 contiki-srf06-cc26xx.a(bmp-280-sensor.)
                0x0001069c                bmp_280_sensor
 .rodata.tmp_007_sensor
                0x000106ac       0x10 contiki-srf06-cc26xx.a(tmp-007-sensor.)
                0x000106ac                tmp_007_sensor
 .rodata.str1.4
                0x000106bc        0x7 contiki-srf06-cc26xx.a(tmp-007-sensor.)
 *fill*         0x000106c3        0x1 00000000
 .rodata.str1.4
                0x000106c4        0x8 contiki-srf06-cc26xx.a(opt-3001-sensor)
 .rodata.opt_3001_sensor
                0x000106cc       0x10 contiki-srf06-cc26xx.a(opt-3001-sensor)
                0x000106cc                opt_3001_sensor
 .rodata.hdc_1000_sensor
                0x000106dc       0x10 contiki-srf06-cc26xx.a(hdc-1000-sensor)
                0x000106dc                hdc_1000_sensor
 .rodata.str1.4
                0x000106ec        0x8 contiki-srf06-cc26xx.a(hdc-1000-sensor)
 .rodata.mpu_9250_sensor
                0x000106f4       0x10 contiki-srf06-cc26xx.a(mpu-9250-sensor)
                0x000106f4                mpu_9250_sensor
 .rodata.str1.4
                0x00010704        0x8 contiki-srf06-cc26xx.a(mpu-9250-sensor)
 .rodata.str1.4
                0x0001070c        0x7 contiki-srf06-cc26xx.a(button-sensor.o)
 *fill*         0x00010713        0x1 00000000
 .rodata.button_left_sensor
                0x00010714       0x10 contiki-srf06-cc26xx.a(button-sensor.o)
                0x00010714                button_left_sensor
 .rodata.button_right_sensor
                0x00010724       0x10 contiki-srf06-cc26xx.a(button-sensor.o)
                0x00010724                button_right_sensor
 .rodata.str1.4
                0x00010734        0x5 contiki-srf06-cc26xx.a(reed-relay.o)
 *fill*         0x00010739        0x3 00000000
 .rodata.reed_relay_sensor
                0x0001073c       0x10 contiki-srf06-cc26xx.a(reed-relay.o)
                0x0001073c                reed_relay_sensor
 .rodata.output_power
                0x0001074c       0x68 contiki-srf06-cc26xx.a(ieee-mode.o)
 .rodata.ieee_mode_driver
                0x000107b4       0x38 contiki-srf06-cc26xx.a(ieee-mode.o)
                0x000107b4                ieee_mode_driver
 .rodata.mode_ieee
                0x000107ec        0x8 contiki-srf06-cc26xx.a(ieee-mode.o)
 .rodata.str1.4
                0x000107f4       0x46 contiki-srf06-cc26xx.a(strformat.o)
 *fill*         0x0001083a        0x2 00000000
 .rodata.buffer.4019
                0x0001083c       0x10 contiki-srf06-cc26xx.a(strformat.o)
 .rodata.buffer.4028
                0x0001084c       0x10 contiki-srf06-cc26xx.a(strformat.o)
 .rodata.str1.4
                0x0001085c        0xf contiki-srf06-cc26xx.a(ctimer.o)
 *fill*         0x0001086b        0x1 00000000
 .rodata.str1.4
                0x0001086c        0xc contiki-srf06-cc26xx.a(etimer.o)
 .rodata.str1.4
                0x00010878        0xe contiki-srf06-cc26xx.a(serial-line.o)
 *fill*         0x00010886        0x2 00000000
 .rodata        0x00010888        0x2 contiki-srf06-cc26xx.a(sicslowpan.o)
 *fill*         0x0001088a        0x2 00000000
 .rodata.ttl_values
                0x0001088c        0x4 contiki-srf06-cc26xx.a(sicslowpan.o)
 .rodata.unc_llconf
                0x00010890        0x4 contiki-srf06-cc26xx.a(sicslowpan.o)
                0x00010890                unc_llconf
 .rodata.llprefix
                0x00010894        0x2 contiki-srf06-cc26xx.a(sicslowpan.o)
                0x00010894                llprefix
 *fill*         0x00010896        0x2 00000000
 .rodata.sicslowpan_driver
                0x00010898        0xc contiki-srf06-cc26xx.a(sicslowpan.o)
                0x00010898                sicslowpan_driver
 .rodata.unc_mxconf
                0x000108a4        0x4 contiki-srf06-cc26xx.a(sicslowpan.o)
                0x000108a4                unc_mxconf
 .rodata.unc_ctxconf
                0x000108a8        0x4 contiki-srf06-cc26xx.a(sicslowpan.o)
                0x000108a8                unc_ctxconf
 .rodata.str1.4
                0x000108ac        0xb contiki-srf06-cc26xx.a(sicslowpan.o)
 *fill*         0x000108b7        0x1 00000000
 .rodata.str1.4
                0x000108b8        0xd contiki-srf06-cc26xx.a(tcpip.o)
 *fill*         0x000108c5        0x3 00000000
 .rodata.str1.4
                0x000108c8       0x9b contiki-srf06-cc26xx.a(tcp-socket.o)
 *fill*         0x00010963        0x1 00000000
 .rodata.str1.4
                0x00010964       0x41 contiki-srf06-cc26xx.a(uip-debug.o)
 *fill*         0x000109a5        0x3 00000000
 .rodata.linkaddr_null
                0x000109a8        0x8 contiki-srf06-cc26xx.a(linkaddr.o)
                0x000109a8                linkaddr_null
 .rodata.str1.4
                0x000109b0        0x5 contiki-srf06-cc26xx.a(csma.o)
 *fill*         0x000109b5        0x3 00000000
 .rodata.csma_driver
                0x000109b8       0x1c contiki-srf06-cc26xx.a(csma.o)
                0x000109b8                csma_driver
 .rodata.framer_802154
                0x000109d4        0xc contiki-srf06-cc26xx.a(framer-802154.o)
                0x000109d4                framer_802154
 .rodata.str1.4
                0x000109e0        0xb contiki-srf06-cc26xx.a(contikimac.o)
 *fill*         0x000109eb        0x1 00000000
 .rodata.contikimac_driver
                0x000109ec       0x20 contiki-srf06-cc26xx.a(contikimac.o)
                0x000109ec                contikimac_driver
 .rodata.str1.4
                0x00010a0c        0x8 contiki-srf06-cc26xx.a(nullsec.o)
 .rodata.nullsec_driver
                0x00010a14       0x10 contiki-srf06-cc26xx.a(nullsec.o)
                0x00010a14                nullsec_driver
 .rodata        0x00010a24        0x4 contiki-srf06-cc26xx.a(ext-flash.o)
 .rodata.str1.4
                0x00010a28       0x46 contiki-srf06-cc26xx.a(rf-core.o)
 *fill*         0x00010a6e        0x2 00000000
 .rodata.str1.4
                0x00010a70        0x4 /usr/bin/../lib/gcc/arm-none-eabi/4.9.3/../../../../arm-none-eabi/lib/armv7-m/libm.a(lib_a-w_pow.o)
 .rodata.str1.4
                0x00000000        0x4 /usr/bin/../lib/gcc/arm-none-eabi/4.9.3/../../../../arm-none-eabi/lib/armv7-m/libm.a(lib_a-e_pow.o)
                                  0x1 (size before relaxing)
 .rodata.str1.4
                0x00010a74        0x4 /usr/bin/../lib/gcc/arm-none-eabi/4.9.3/../../../../arm-none-eabi/lib/armv7-m/libc.a(lib_a-impure.o)
                                  0x2 (size before relaxing)
                0x00010a78                _etext = .

.glue_7         0x00010a78        0x0
 .glue_7        0x00000000        0x0 linker stubs

.glue_7t        0x00010a78        0x0
 .glue_7t       0x00000000        0x0 linker stubs

.vfp11_veneer   0x00010a78        0x0
 .vfp11_veneer  0x00000000        0x0 linker stubs

.v4_bx          0x00010a78        0x0
 .v4_bx         0x00000000        0x0 linker stubs

.iplt           0x00010a78        0x0
 .iplt          0x00000000        0x0 obj_srf06-cc26xx/startup_gcc.o

.data           0x20000000      0x671 load address 0x00010a78
                0x20000000                _data = .
 *(SORT(vtable))
 *(SORT(.data*))
 .data.impure_data
                0x20000000      0x428 /usr/bin/../lib/gcc/arm-none-eabi/4.9.3/../../../../arm-none-eabi/lib/armv7-m/libc.a(lib_a-impure.o)
 .data.tcp_server_process
                0x20000428       0x10 prac2.co
                0x20000428                tcp_server_process
 .data.buzz_freq
                0x20000438        0x4 prac2.co
                0x20000438                buzz_freq
 .data.led_colour
                0x2000043c        0x4 prac2.co
                0x2000043c                led_colour
 .data.sensors_process
                0x20000440       0x10 contiki-srf06-cc26xx.a(sensors.o)
                0x20000440                sensors_process
 .data.sensors  0x20000450       0x24 contiki-srf06-cc26xx.a(sensortag-senso)
                0x20000450                sensors
 .data.buzzer_module
                0x20000474       0x14 contiki-srf06-cc26xx.a(buzzer.o)
 .data.sensortag_module
                0x20000488       0x14 contiki-srf06-cc26xx.a(board.o)
 .data.uart_module
                0x2000049c       0x14 contiki-srf06-cc26xx.a(cc26xx-uart.o)
 .data.cc26xx_rf_lpm_module
                0x200004b0       0x14 contiki-srf06-cc26xx.a(ieee-mode.o)
 .data.tx_power_current
                0x200004c4        0x4 contiki-srf06-cc26xx.a(ieee-mode.o)
                0x200004c4                tx_power_current
 .data.ieee_overrides
                0x200004c8       0x2c contiki-srf06-cc26xx.a(ieee-mode.o)
 .data.ctxt     0x200004f4        0x8 contiki-srf06-cc26xx.a(dbg-printf.o)
 .data.ctimer_process
                0x200004fc       0x10 contiki-srf06-cc26xx.a(ctimer.o)
                0x200004fc                ctimer_process
 .data.etimer_process
                0x2000050c       0x10 contiki-srf06-cc26xx.a(etimer.o)
                0x2000050c                etimer_process
 .data.serial_line_process
                0x2000051c       0x10 contiki-srf06-cc26xx.a(serial-line.o)
                0x2000051c                serial_line_process
 .data.ds6_neighbors
                0x2000052c        0x4 contiki-srf06-cc26xx.a(uip-ds6-nbr.o)
                0x2000052c                ds6_neighbors
 .data.ds6_neighbors_struct
                0x20000530       0x10 contiki-srf06-cc26xx.a(uip-ds6-nbr.o)
 .data.defaultroutermemb
                0x20000540        0xc contiki-srf06-cc26xx.a(uip-ds6-route.o)
 .data.nbr_routes_struct
                0x2000054c       0x10 contiki-srf06-cc26xx.a(uip-ds6-route.o)
 .data.nbr_routes
                0x2000055c        0x4 contiki-srf06-cc26xx.a(uip-ds6-route.o)
                0x2000055c                nbr_routes
 .data.routememb
                0x20000560        0xc contiki-srf06-cc26xx.a(uip-ds6-route.o)
 .data.neighborroutememb
                0x2000056c        0xc contiki-srf06-cc26xx.a(uip-ds6-route.o)
 .data.echo_request_handler
                0x20000578        0xc contiki-srf06-cc26xx.a(uip-icmp6.o)
 .data.echo_reply_handler
                0x20000584        0xc contiki-srf06-cc26xx.a(uip-icmp6.o)
 .data.tcpip_process
                0x20000590       0x10 contiki-srf06-cc26xx.a(tcpip.o)
                0x20000590                tcpip_process
 .data.tcp_socket_process
                0x200005a0       0x10 contiki-srf06-cc26xx.a(tcp-socket.o)
                0x200005a0                tcp_socket_process
 .data.rpl_parents
                0x200005b0        0x4 contiki-srf06-cc26xx.a(rpl-dag.o)
                0x200005b0                rpl_parents
 .data.rpl_parents_struct
                0x200005b4       0x10 contiki-srf06-cc26xx.a(rpl-dag.o)
 .data.dao_ack_handler
                0x200005c4        0xc contiki-srf06-cc26xx.a(rpl-icmp6.o)
 .data.dis_handler
                0x200005d0        0xc contiki-srf06-cc26xx.a(rpl-icmp6.o)
 .data.dao_handler
                0x200005dc        0xc contiki-srf06-cc26xx.a(rpl-icmp6.o)
 .data.dio_handler
                0x200005e8        0xc contiki-srf06-cc26xx.a(rpl-icmp6.o)
 .data.rpl_mrhof
                0x200005f4       0x1c contiki-srf06-cc26xx.a(rpl-mrhof.o)
                0x200005f4                rpl_mrhof
 .data.neighbor_addr_mem
                0x20000610        0xc contiki-srf06-cc26xx.a(nbr-table.o)
 .data.bufmem   0x2000061c        0xc contiki-srf06-cc26xx.a(queuebuf.o)
 .data.buframmem
                0x20000628        0xc contiki-srf06-cc26xx.a(queuebuf.o)
 .data.metadata_memb
                0x20000634        0xc contiki-srf06-cc26xx.a(csma.o)
 .data.neighbor_memb
                0x20000640        0xc contiki-srf06-cc26xx.a(csma.o)
 .data.packet_memb
                0x2000064c        0xc contiki-srf06-cc26xx.a(csma.o)
 .data.rf_core_process
                0x20000658       0x10 contiki-srf06-cc26xx.a(rf-core.o)
                0x20000658                rf_core_process
 .data._impure_ptr
                0x20000668        0x4 /usr/bin/../lib/gcc/arm-none-eabi/4.9.3/../../../../arm-none-eabi/lib/armv7-m/libc.a(lib_a-impure.o)
                0x20000668                _impure_ptr
 .data.mac_pan_id
                0x2000066c        0x2 contiki-srf06-cc26xx.a(frame802154.o)
 .data.interface
                0x2000066e        0x1 contiki-srf06-cc26xx.a(board-i2c.o)
 .data.dao_sequence
                0x2000066f        0x1 contiki-srf06-cc26xx.a(rpl-icmp6.o)
 .data.__fdlib_version
                0x20000670        0x1 /usr/bin/../lib/gcc/arm-none-eabi/4.9.3/../../../../arm-none-eabi/lib/armv7-m/libm.a(lib_a-s_lib_ver.o)
                0x20000670                __fdlib_version
                0x20000671                _edata = .

.igot.plt       0x20000674        0x0 load address 0x000110e9
 .igot.plt      0x00000000        0x0 obj_srf06-cc26xx/startup_gcc.o

.ARM.exidx      0x000110ec        0x8
 *(SORT(.ARM.exidx*))
 .ARM.exidx     0x000110ec        0x8 /usr/bin/../lib/gcc/arm-none-eabi/4.9.3/armv7-m/libgcc.a(_divdi3.o)
 .ARM.exidx     0x000110f4        0x0 /usr/bin/../lib/gcc/arm-none-eabi/4.9.3/armv7-m/libgcc.a(_udivdi3.o)
                                  0x8 (size before relaxing)

.bss            0x20000678     0x3182
                0x20000678                _bss = .
 *(SORT(.bss*))
 .bss.count     0x20000678        0x8 contiki-srf06-cc26xx.a(clock.o)
 .bss.inputbuf  0x20000680      0x190 prac2.co
 .bss.led_toggle
                0x20000810        0x4 prac2.co
                0x20000810                led_toggle
 .bss.buzz_state
                0x20000814        0x4 prac2.co
                0x20000814                buzz_state
 .bss.socket    0x20000818       0x34 prac2.co
 .bss.ledtimer  0x2000084c       0x20 prac2.co
 .bss.outputbuf
                0x2000086c      0x190 prac2.co
 .bss.dtimer    0x200009fc       0x20 prac2.co
 .bss.itimer    0x20000a1c       0x20 prac2.co