Archive member included because of file (symbol)

contiki-srf06-cc26xx.a(contiki-main.o)
                              obj_srf06-cc26xx/startup_gcc.o (main)
contiki-srf06-cc26xx.a(sensors.o)
                              contiki-srf06-cc26xx.a(contiki-main.o) (sensors_process)
contiki-srf06-cc26xx.a(leds.o)
                              contiki-srf06-cc26xx.a(contiki-main.o) (leds_init)
contiki-srf06-cc26xx.a(leds-arch.o)
                              contiki-srf06-cc26xx.a(leds.o) (leds_arch_init)
contiki-srf06-cc26xx.a(sensortag-senso)
                              contiki-srf06-cc26xx.a(sensors.o) (sensors_flags)
contiki-srf06-cc26xx.a(bmp-280-sensor.)
                              contiki-srf06-cc26xx.a(sensortag-senso) (bmp_280_sensor)
contiki-srf06-cc26xx.a(tmp-007-sensor.)
                              contiki-srf06-cc26xx.a(sensortag-senso) (tmp_007_sensor)
contiki-srf06-cc26xx.a(opt-3001-sensor)
                              contiki-srf06-cc26xx.a(sensortag-senso) (opt_3001_sensor)
contiki-srf06-cc26xx.a(hdc-1000-sensor)
                              contiki-srf06-cc26xx.a(sensortag-senso) (hdc_1000_sensor)
contiki-srf06-cc26xx.a(mpu-9250-sensor)
                              contiki-srf06-cc26xx.a(sensortag-senso) (mpu_9250_sensor)
contiki-srf06-cc26xx.a(button-sensor.o)
                              contiki-srf06-cc26xx.a(sensortag-senso) (button_right_sensor)
contiki-srf06-cc26xx.a(reed-relay.o)
                              contiki-srf06-cc26xx.a(sensortag-senso) (reed_relay_sensor)
contiki-srf06-cc26xx.a(board.o)
                              contiki-srf06-cc26xx.a(contiki-main.o) (board_init)
contiki-srf06-cc26xx.a(board-i2c.o)
                              contiki-srf06-cc26xx.a(board.o) (board_i2c_wakeup)
contiki-srf06-cc26xx.a(clock.o)
                              contiki-srf06-cc26xx.a(contiki-main.o) (clock_init)
contiki-srf06-cc26xx.a(rtimer-arch.o)
                              contiki-srf06-cc26xx.a(mpu-9250-sensor) (rtimer_arch_now)
contiki-srf06-cc26xx.a(soc-rtc.o)
                              contiki-srf06-cc26xx.a(contiki-main.o) (soc_rtc_init)
contiki-srf06-cc26xx.a(contiki-watchdo)
                              contiki-srf06-cc26xx.a(contiki-main.o) (watchdog_init)
contiki-srf06-cc26xx.a(putchar.o)
                              prac4.co (putchar)
contiki-srf06-cc26xx.a(ieee-addr.o)
                              contiki-srf06-cc26xx.a(contiki-main.o) (ieee_addr_cpy_to)
contiki-srf06-cc26xx.a(cc26xx-uart.o)
                              contiki-srf06-cc26xx.a(contiki-main.o) (cc26xx_uart_init)
contiki-srf06-cc26xx.a(lpm.o)
                              contiki-srf06-cc26xx.a(button-sensor.o) (lpm_shutdown)
contiki-srf06-cc26xx.a(gpio-interrupt.)
                              contiki-srf06-cc26xx.a(button-sensor.o) (gpio_interrupt_register_handler)
contiki-srf06-cc26xx.a(oscillators.o)
                              contiki-srf06-cc26xx.a(contiki-main.o) (oscillators_select_lf_xosc)
contiki-srf06-cc26xx.a(ieee-mode.o)
                              contiki-srf06-cc26xx.a(contiki-main.o) (ieee_mode_driver)
contiki-srf06-cc26xx.a(dbg-printf.o)
                              prac4.co (printf)
contiki-srf06-cc26xx.a(dbg-sprintf.o)
                              prac4.co (sprintf)
contiki-srf06-cc26xx.a(strformat.o)
                              contiki-srf06-cc26xx.a(dbg-printf.o) (format_str_v)
contiki-srf06-cc26xx.a(autostart.o)
                              contiki-srf06-cc26xx.a(contiki-main.o) (autostart_start)
contiki-srf06-cc26xx.a(ctimer.o)
                              contiki-srf06-cc26xx.a(contiki-main.o) (ctimer_init)
contiki-srf06-cc26xx.a(energest.o)
                              contiki-srf06-cc26xx.a(contiki-main.o) (energest_init)
contiki-srf06-cc26xx.a(etimer.o)
                              contiki-srf06-cc26xx.a(clock.o) (etimer_request_poll)
contiki-srf06-cc26xx.a(process.o)
                              contiki-srf06-cc26xx.a(sensors.o) (process_alloc_event)
contiki-srf06-cc26xx.a(rtimer.o)
                              contiki-srf06-cc26xx.a(contiki-main.o) (rtimer_init)
contiki-srf06-cc26xx.a(timer.o)
                              contiki-srf06-cc26xx.a(button-sensor.o) (timer_set)
contiki-srf06-cc26xx.a(serial-line.o)
                              contiki-srf06-cc26xx.a(contiki-main.o) (serial_line_init)
contiki-srf06-cc26xx.a(list.o)
                              contiki-srf06-cc26xx.a(lpm.o) (list_init)
contiki-srf06-cc26xx.a(random.o)
                              contiki-srf06-cc26xx.a(contiki-main.o) (random_init)
contiki-srf06-cc26xx.a(ringbuf.o)
                              contiki-srf06-cc26xx.a(serial-line.o) (ringbuf_init)
contiki-srf06-cc26xx.a(sicslowpan.o)
                              contiki-srf06-cc26xx.a(contiki-main.o) (sicslowpan_driver)
contiki-srf06-cc26xx.a(uip6.o)
                              prac4.co (uip_aligned_buf)
contiki-srf06-cc26xx.a(uip-ds6.o)
                              contiki-srf06-cc26xx.a(uip6.o) (uip_ds6_is_addr_onlink)
[...]
Memory Configuration

Name             Origin             Length             Attributes
FLASH            0x00000000         0x0001ffa8         xr
FLASH_CCFG       0x0001ffa8         0x00000058         xr
SRAM             0x20000000         0x00005000         xrw
GPRAM            0x11000000         0x00002000         xrw
*default*        0x00000000         0xffffffff

Linker script and memory map

LOAD obj_srf06-cc26xx/fault-handlers.o
LOAD obj_srf06-cc26xx/ccfg.o
LOAD obj_srf06-cc26xx/startup_gcc.o
LOAD prac4.co
LOAD contiki-srf06-cc26xx.a
LOAD /usr/bin/../lib/gcc/arm-none-eabi/4.9.3/../../../../arm-none-eabi/lib/armv7-m/libm.a
START GROUP
LOAD /usr/bin/../lib/gcc/arm-none-eabi/4.9.3/armv7-m/libgcc.a
LOAD /usr/bin/../lib/gcc/arm-none-eabi/4.9.3/../../../../arm-none-eabi/lib/armv7-m/libc.a
END GROUP
                0x20005000                _estack = (ORIGIN (SRAM) + 0x5000)
                0x00000000                _Min_Heap_Size = 0x0
                0x00000100                _Min_Stack_Size = 0x100

.text           0x00000000    0x117d4
                0x00000000                _text = .
 *(SORT(.vectors))
 .vectors       0x00000000       0xc8 obj_srf06-cc26xx/startup_gcc.o
                0x00000000                gVectors
 *(SORT(.text*))
 .text.value    0x000000c8       0xb0 contiki-srf06-cc26xx.a(opt-3001-sensor)
 .text.value    0x00000178       0x9c contiki-srf06-cc26xx.a(hdc-1000-sensor)
 *fill*         0x00000214        0x4 00000000
 .text.value    0x00000218      0x1b4 contiki-srf06-cc26xx.a(mpu-9250-sensor)
 *fill*         0x000003cc        0x4 00000000
 .text.__ieee754_pow
                0x000003d0      0xaa0 /usr/bin/../lib/gcc/arm-none-eabi/4.9.3/../../../../arm-none-eabi/lib/armv7-m/libm.a(lib_a-e_pow.o)
                0x000003d0                __ieee754_pow
 .text.scalbn   0x00000e70       0xec /usr/bin/../lib/gcc/arm-none-eabi/4.9.3/../../../../arm-none-eabi/lib/armv7-m/libm.a(lib_a-s_scalbn.o)
                0x00000e70                scalbn
 .text.FaultISR
                0x00000f5c       0x18 obj_srf06-cc26xx/fault-handlers.o
                0x00000f5c                FaultISR
 .text.NmiSRHandler
                0x00000f74        0x4 obj_srf06-cc26xx/startup_gcc.o
                0x00000f74                NmiSR
 .text.IntDefaultHandler
                0x00000f78        0x4 obj_srf06-cc26xx/startup_gcc.o
                0x00000f78                TRNGIntHandler
                0x00000f78                SSI0IntHandler
                0x00000f78                SWEvent0IntHandler
                0x00000f78                uDMAIntHandler
                0x00000f78                WatchdogIntHandler
                0x00000f78                RFCHardwareIntHandler
                0x00000f78                Timer1BIntHandler
                0x00000f78                I2SIntHandler
                0x00000f78                Timer2BIntHandler
                0x00000f78                Timer2AIntHandler
                0x00000f78                Timer1AIntHandler
                0x00000f78                AONIntHandler
                0x00000f78                AUXSWEvent0IntHandler
                0x00000f78                AUXADCIntHandler
                0x00000f78                PendSVIntHandler
                0x00000f78                AUXSWEvent1IntHandler
                0x00000f78                SVCallIntHandler
                0x00000f78                MPUFaultIntHandler
                0x00000f78                SysTickIntHandler
                0x00000f78                BusFaultIntHandler
                0x00000f78                AONProgIntHandler
                0x00000f78                AUXCompAIntHandler
                0x00000f78                SSI1IntHandler
                0x00000f78                FlashIntHandler
                0x00000f78                uDMAErrIntHandler
                0x00000f78                UsageFaultIntHandler
                0x00000f78                RFCCmdAckIntHandler
                0x00000f78                CryptoIntHandler
                0x00000f78                Timer0AIntHandler
                0x00000f78                I2CIntHandler
                0x00000f78                DebugMonIntHandler
                0x00000f78                Timer0BIntHandler
                0x00000f78                AUXCombEventIntHandler
                0x00000f78                Timer3AIntHandler
                0x00000f78                DynProgIntHandler
                0x00000f78                Timer3BIntHandler
 .text.ResetISR
                0x00000f7c       0x5c obj_srf06-cc26xx/startup_gcc.o
                0x00000f7c                ResetISR
 .text.process_thread_udp_server_process
                0x00000fd8      0x1cc prac4.co
 .text.utctime_tick
                0x000011a4       0x18 prac4.co
                0x000011a4                utctime_tick
 .text.utctime_response
                0x000011bc       0x34 prac4.co
                0x000011bc                utctime_response
 .text.fade     0x000011f0       0x64 contiki-srf06-cc26xx.a(contiki-main.o)
 .text.startup.main
                0x00001254      0x1e4 contiki-srf06-cc26xx.a(contiki-main.o)
                0x00001254                main
 .text.process_thread_sensors_process
                0x00001438       0xf8 contiki-srf06-cc26xx.a(sensors.o)
 .text.sensors_changed
                0x00001530       0x50 contiki-srf06-cc26xx.a(sensors.o)
                0x00001530                sensors_changed
 .text.leds_init
                0x00001580       0x14 contiki-srf06-cc26xx.a(leds.o)
                0x00001580                leds_init
 .text.leds_on  0x00001594       0x14 contiki-srf06-cc26xx.a(leds.o)
                0x00001594                leds_on
 .text.leds_off
                0x000015a8       0x14 contiki-srf06-cc26xx.a(leds.o)
                0x000015a8                leds_off
 .text.leds_arch_init
                0x000015bc       0x38 contiki-srf06-cc26xx.a(leds-arch.o)
                0x000015bc                leds_arch_init
 .text.leds_arch_set
                0x000015f4       0x34 contiki-srf06-cc26xx.a(leds-arch.o)
                0x000015f4                leds_arch_set
 .text.status   0x00001628       0x14 contiki-srf06-cc26xx.a(bmp-280-sensor.)
 .text.notify_ready
                0x0000163c       0x14 contiki-srf06-cc26xx.a(bmp-280-sensor.)
 .text.enable_sensor
                0x00001650       0x2c contiki-srf06-cc26xx.a(bmp-280-sensor.)
 .text.configure
                0x0000167c       0x94 contiki-srf06-cc26xx.a(bmp-280-sensor.)
 .text.value    0x00001710      0x15c contiki-srf06-cc26xx.a(bmp-280-sensor.)
 .text.status   0x0000186c       0x14 contiki-srf06-cc26xx.a(tmp-007-sensor.)
 .text.notify_ready
                0x00001880       0x14 contiki-srf06-cc26xx.a(tmp-007-sensor.)
 .text.enable_sensor
                0x00001894       0x2c contiki-srf06-cc26xx.a(tmp-007-sensor.)
 .text.configure
                0x000018c0       0x94 contiki-srf06-cc26xx.a(tmp-007-sensor.)
 .text.value    0x00001954       0xec contiki-srf06-cc26xx.a(tmp-007-sensor.)
 .text.status   0x00001a40        0xc contiki-srf06-cc26xx.a(opt-3001-sensor)
 .text.enable_sensor
                0x00001a4c       0x44 contiki-srf06-cc26xx.a(opt-3001-sensor)
 .text.notify_ready
                0x00001a90       0x54 contiki-srf06-cc26xx.a(opt-3001-sensor)
 .text.configure
                0x00001ae4       0x4c contiki-srf06-cc26xx.a(opt-3001-sensor)
 .text.status   0x00001b30       0x14 contiki-srf06-cc26xx.a(hdc-1000-sensor)
 .text.notify_ready
                0x00001b44       0x60 contiki-srf06-cc26xx.a(hdc-1000-sensor)
 .text.configure
                0x00001ba4       0xb8 contiki-srf06-cc26xx.a(hdc-1000-sensor)
 .text.acc_convert
                0x00001c5c       0x70 contiki-srf06-cc26xx.a(mpu-9250-sensor)
 .text.status   0x00001ccc       0x14 contiki-srf06-cc26xx.a(mpu-9250-sensor)
 .text.notify_ready
                0x00001ce0       0x14 contiki-srf06-cc26xx.a(mpu-9250-sensor)
 .text.sensor_sleep
                0x00001cf4       0x38 contiki-srf06-cc26xx.a(mpu-9250-sensor)
 .text.configure
                0x00001d2c       0xdc contiki-srf06-cc26xx.a(mpu-9250-sensor)
 .text.int_status
                0x00001e08       0x28 contiki-srf06-cc26xx.a(mpu-9250-sensor)
 .text.initialise
                0x00001e30       0xfc contiki-srf06-cc26xx.a(mpu-9250-sensor)
 .text.status.part.0
                0x00001f2c       0x14 contiki-srf06-cc26xx.a(button-sensor.o)
 .text.value_left
                0x00001f40       0x24 contiki-srf06-cc26xx.a(button-sensor.o)
 .text.value_right
                0x00001f64       0x18 contiki-srf06-cc26xx.a(button-sensor.o)
 .text.status_left
                0x00001f7c       0x10 contiki-srf06-cc26xx.a(button-sensor.o)
 .text.status_right
                0x00001f8c       0x10 contiki-srf06-cc26xx.a(button-sensor.o)
 .text.config_buttons
                0x00001f9c       0x8c contiki-srf06-cc26xx.a(button-sensor.o)
 .text.config_left
                0x00002028        0xc contiki-srf06-cc26xx.a(button-sensor.o)
 .text.config_right
                0x00002034        0xc contiki-srf06-cc26xx.a(button-sensor.o)
 .text.button_press_handler
                0x00002040       0x64 contiki-srf06-cc26xx.a(button-sensor.o)
 .text.value    0x000020a4       0x10 contiki-srf06-cc26xx.a(reed-relay.o)
 .text.status   0x000020b4       0x20 contiki-srf06-cc26xx.a(reed-relay.o)
 .text.configure
                0x000020d4       0x6c contiki-srf06-cc26xx.a(reed-relay.o)
 .text.reed_interrupt_handler
                0x00002140       0x28 contiki-srf06-cc26xx.a(reed-relay.o)
 .text.power_domains_on
                0x00002168       0x20 contiki-srf06-cc26xx.a(board.o)
 .text.lpm_wakeup_handler
                0x00002188        0x4 contiki-srf06-cc26xx.a(board.o)
 .text.shutdown_handler
                0x0000218c       0x68 contiki-srf06-cc26xx.a(board.o)
 .text.board_init
                0x000021f4      0x118 contiki-srf06-cc26xx.a(board.o)
                0x000021f4                board_init
 .text.i2c_status
                0x0000230c       0x34 contiki-srf06-cc26xx.a(board-i2c.o)
 .text.accessible
                0x00002340       0x24 contiki-srf06-cc26xx.a(board-i2c.o)
 .text.board_i2c_wakeup
                0x00002364       0x5c contiki-srf06-cc26xx.a(board-i2c.o)
                0x00002364                board_i2c_wakeup
 .text.board_i2c_shutdown
                0x000023c0       0xa4 contiki-srf06-cc26xx.a(board-i2c.o)
                0x000023c0                board_i2c_shutdown
 .text.board_i2c_write
                0x00002464       0xc0 contiki-srf06-cc26xx.a(board-i2c.o)
                0x00002464                board_i2c_write
 .text.board_i2c_write_single
                0x00002524       0x44 contiki-srf06-cc26xx.a(board-i2c.o)
                0x00002524                board_i2c_write_single
 .text.board_i2c_read
                0x00002568       0xb4 contiki-srf06-cc26xx.a(board-i2c.o)
                0x00002568                board_i2c_read
 .text.board_i2c_write_read
                0x0000261c      0x138 contiki-srf06-cc26xx.a(board-i2c.o)
                0x0000261c                board_i2c_write_read
 .text.board_i2c_select
                0x00002754       0xdc contiki-srf06-cc26xx.a(board-i2c.o)
                0x00002754                board_i2c_select
 .text.power_domain_on
                0x00002830       0x20 contiki-srf06-cc26xx.a(clock.o)
 .text.clock_init
                0x00002850       0x90 contiki-srf06-cc26xx.a(clock.o)
                0x00002850                clock_init
 .text.clock_time
                0x000028e0       0x34 contiki-srf06-cc26xx.a(clock.o)
                0x000028e0                clock_time
 .text.clock_update
                0x00002914       0x3c contiki-srf06-cc26xx.a(clock.o)
                0x00002914                clock_update
 .text.clock_seconds
                0x00002950       0x18 contiki-srf06-cc26xx.a(clock.o)
                0x00002950                clock_seconds
 .text.rtimer_arch_init
                0x00002968        0x4 contiki-srf06-cc26xx.a(rtimer-arch.o)
                0x00002968                rtimer_arch_init
 .text.rtimer_arch_schedule
                0x0000296c        0x8 contiki-srf06-cc26xx.a(rtimer-arch.o)
                0x0000296c                rtimer_arch_schedule
 .text.rtimer_arch_now
                0x00002974        0x4 contiki-srf06-cc26xx.a(rtimer-arch.o)
                0x00002974                rtimer_arch_now
 .text.soc_rtc_init
                0x00002978       0x94 contiki-srf06-cc26xx.a(soc-rtc.o)
                0x00002978                soc_rtc_init
 .text.soc_rtc_get_next_trigger
                0x00002a0c       0x28 contiki-srf06-cc26xx.a(soc-rtc.o)
                0x00002a0c                soc_rtc_get_next_trigger
 .text.soc_rtc_schedule_one_shot
                0x00002a34       0x4c contiki-srf06-cc26xx.a(soc-rtc.o)
                0x00002a34                soc_rtc_schedule_one_shot
 .text.soc_rtc_last_isr_time
                0x00002a80        0xc contiki-srf06-cc26xx.a(soc-rtc.o)
                0x00002a80                soc_rtc_last_isr_time
 .text.AONRTCIntHandler
                0x00002a8c       0x68 contiki-srf06-cc26xx.a(soc-rtc.o)
                0x00002a8c                AONRTCIntHandler
 .text.lock_config
                0x00002af4       0x18 contiki-srf06-cc26xx.a(contiki-watchdo)
 .text.unlock_config
                0x00002b0c       0x2c contiki-srf06-cc26xx.a(contiki-watchdo)
 .text.watchdog_init
                0x00002b38       0x1c contiki-srf06-cc26xx.a(contiki-watchdo)
                0x00002b38                watchdog_init
 .text.watchdog_start
                0x00002b54       0x30 contiki-srf06-cc26xx.a(contiki-watchdo)
                0x00002b54                watchdog_start
 .text.watchdog_periodic
                0x00002b84       0x1c contiki-srf06-cc26xx.a(contiki-watchdo)
                0x00002b84                watchdog_periodic
 .text.putchar  0x00002ba0       0x10 contiki-srf06-cc26xx.a(putchar.o)
                0x00002ba0                putchar
 .text.puts     0x00002bb0       0x30 contiki-srf06-cc26xx.a(putchar.o)
                0x00002bb0                puts
 .text.dbg_send_bytes
                0x00002be0       0x40 contiki-srf06-cc26xx.a(putchar.o)
                0x00002be0                dbg_send_bytes
 .text.ieee_addr_cpy_to
                0x00002c20       0x40 contiki-srf06-cc26xx.a(ieee-addr.o)
                0x00002c20                ieee_addr_cpy_to
 .text.power_and_clock
                0x00002c60       0x40 contiki-srf06-cc26xx.a(cc26xx-uart.o)
 .text.enable   0x00002ca0       0xf4 contiki-srf06-cc26xx.a(cc26xx-uart.o)
 .text.accessible
                0x00002d94       0x24 contiki-srf06-cc26xx.a(cc26xx-uart.o)
 .text.lpm_drop_handler
                0x00002db8       0xcc contiki-srf06-cc26xx.a(cc26xx-uart.o)
 .text.cc26xx_uart_init
                0x00002e84       0x28 contiki-srf06-cc26xx.a(cc26xx-uart.o)
                0x00002e84                cc26xx_uart_init
 .text.cc26xx_uart_write_byte
                0x00002eac       0x28 contiki-srf06-cc26xx.a(cc26xx-uart.o)
                0x00002eac                cc26xx_uart_write_byte
 .text.cc26xx_uart_busy
                0x00002ed4       0x18 contiki-srf06-cc26xx.a(cc26xx-uart.o)
                0x00002ed4                cc26xx_uart_busy
 .text.UART0IntHandler
                0x00002eec       0x54 contiki-srf06-cc26xx.a(cc26xx-uart.o)
                0x00002eec                UART0IntHandler
 .text.lpm_shutdown
                0x00002f40      0x1b8 contiki-srf06-cc26xx.a(lpm.o)
                0x00002f40                lpm_shutdown
 .text.lpm_drop
                0x000030f8      0x1fc contiki-srf06-cc26xx.a(lpm.o)
                0x000030f8                lpm_drop
 .text.lpm_sleep
                0x000032f4       0x14 contiki-srf06-cc26xx.a(lpm.o)
                0x000032f4                lpm_sleep
 .text.lpm_register_module
                0x00003308        0xc contiki-srf06-cc26xx.a(lpm.o)
                0x00003308                lpm_register_module
 .text.lpm_unregister_module
                0x00003314        0xc contiki-srf06-cc26xx.a(lpm.o)
                0x00003314                lpm_unregister_module
 .text.lpm_init
                0x00003320       0x20 contiki-srf06-cc26xx.a(lpm.o)
                0x00003320                lpm_init
 .text.lpm_pin_set_default_state
                0x00003340       0x30 contiki-srf06-cc26xx.a(lpm.o)
                0x00003340                lpm_pin_set_default_state
 .text.gpio_interrupt_register_handler
                0x00003370       0x2c contiki-srf06-cc26xx.a(gpio-interrupt.)
                0x00003370                gpio_interrupt_register_handler
 .text.gpio_interrupt_init
                0x0000339c       0x24 contiki-srf06-cc26xx.a(gpio-interrupt.)
                0x0000339c                gpio_interrupt_init
 .text.GPIOIntHandler
                0x000033c0       0x30 contiki-srf06-cc26xx.a(gpio-interrupt.)
                0x000033c0                GPIOIntHandler
 .text.osc_interface_dis
                0x000033f0       0x28 contiki-srf06-cc26xx.a(oscillators.o)
 .text.osc_interface_en
                0x00003418       0x30 contiki-srf06-cc26xx.a(oscillators.o)
 .text.oscillators_select_lf_xosc
                0x00003448       0x48 contiki-srf06-cc26xx.a(oscillators.o)
                0x00003448                oscillators_select_lf_xosc
 .text.oscillators_select_lf_rcosc
                0x00003490       0x30 contiki-srf06-cc26xx.a(oscillators.o)
                0x00003490                oscillators_select_lf_rcosc
 .text.oscillators_request_hf_xosc
                0x000034c0       0x24 contiki-srf06-cc26xx.a(oscillators.o)
                0x000034c0                oscillators_request_hf_xosc
 .text.oscillators_switch_to_hf_xosc
                0x000034e4       0x28 contiki-srf06-cc26xx.a(oscillators.o)
                0x000034e4                oscillators_switch_to_hf_xosc
 .text.oscillators_switch_to_hf_rc
                0x0000350c       0x2c contiki-srf06-cc26xx.a(oscillators.o)
                0x0000350c                oscillators_switch_to_hf_rc
 .text.request  0x00003538       0x20 contiki-srf06-cc26xx.a(ieee-mode.o)
 .text.rx_on    0x00003558       0x60 contiki-srf06-cc26xx.a(ieee-mode.o)
 .text.rf_radio_setup
                0x000035b8       0x74 contiki-srf06-cc26xx.a(ieee-mode.o)
 .text.soft_on  0x0000362c       0x18 contiki-srf06-cc26xx.a(ieee-mode.o)
 .text.pending_packet
                0x00003644       0x34 contiki-srf06-cc26xx.a(ieee-mode.o)
 .text.prepare  0x00003678       0x1c contiki-srf06-cc26xx.a(ieee-mode.o)
 .text.read_frame
                0x00003694       0x58 contiki-srf06-cc26xx.a(ieee-mode.o)
 .text.soft_off
                0x000036ec       0x3c contiki-srf06-cc26xx.a(ieee-mode.o)
 .text.get_object
                0x00003728       0x30 contiki-srf06-cc26xx.a(ieee-mode.o)
 .text.transmitting
                0x00003758       0x4c contiki-srf06-cc26xx.a(ieee-mode.o)
 .text.rx_off   0x000037a4       0x5c contiki-srf06-cc26xx.a(ieee-mode.o)
 .text.get_cca_info
                0x00003800       0x44 contiki-srf06-cc26xx.a(ieee-mode.o)
 .text.off      0x00003844       0x4c contiki-srf06-cc26xx.a(ieee-mode.o)
 .text.receiving_packet
                0x00003890       0x40 contiki-srf06-cc26xx.a(ieee-mode.o)
 .text.on       0x000038d0       0x9c contiki-srf06-cc26xx.a(ieee-mode.o)
 .text.set_value
                0x0000396c      0x158 contiki-srf06-cc26xx.a(ieee-mode.o)
 .text.get_value
                0x00003ac4      0x138 contiki-srf06-cc26xx.a(ieee-mode.o)
 .text.transmit
                0x00003bfc       0xbc contiki-srf06-cc26xx.a(ieee-mode.o)
 .text.send     0x00003cb8       0x24 contiki-srf06-cc26xx.a(ieee-mode.o)
 .text.set_object
                0x00003cdc       0x68 contiki-srf06-cc26xx.a(ieee-mode.o)
 .text.channel_clear
                0x00003d44       0x68 contiki-srf06-cc26xx.a(ieee-mode.o)
 .text.init     0x00003dac       0xe0 contiki-srf06-cc26xx.a(ieee-mode.o)
 .text.write_str
                0x00003e8c       0x14 contiki-srf06-cc26xx.a(dbg-printf.o)
 .text.printf   0x00003ea0       0x24 contiki-srf06-cc26xx.a(dbg-printf.o)
                0x00003ea0                printf
 .text.buffer_str
                0x00003ec4       0x18 contiki-srf06-cc26xx.a(dbg-sprintf.o)
 .text.sprintf  0x00003edc       0x34 contiki-srf06-cc26xx.a(dbg-sprintf.o)
                0x00003edc                sprintf
 .text.fill_space
                0x00003f10       0x3c contiki-srf06-cc26xx.a(strformat.o)
 .text.format_str_v
                0x00003f4c      0x95c contiki-srf06-cc26xx.a(strformat.o)
                0x00003f4c                format_str_v
 .text.autostart_start
                0x000048a8       0x18 contiki-srf06-cc26xx.a(autostart.o)
                0x000048a8                autostart_start
 .text.process_thread_ctimer_process
                0x000048c0       0x94 contiki-srf06-cc26xx.a(ctimer.o)
 .text.ctimer_init
                0x00004954       0x28 contiki-srf06-cc26xx.a(ctimer.o)
                0x00004954                ctimer_init
 .text.ctimer_set_with_process
                0x0000497c       0x4c contiki-srf06-cc26xx.a(ctimer.o)
                0x0000497c                ctimer_set_with_process
 .text.ctimer_set
                0x000049c8       0x18 contiki-srf06-cc26xx.a(ctimer.o)
                0x000049c8                ctimer_set
 .text.ctimer_reset
                0x000049e0       0x38 contiki-srf06-cc26xx.a(ctimer.o)
                0x000049e0                ctimer_reset
 .text.ctimer_stop
                0x00004a18       0x34 contiki-srf06-cc26xx.a(ctimer.o)
                0x00004a18                ctimer_stop
 .text.energest_init
                0x00004a4c        0x4 contiki-srf06-cc26xx.a(energest.o)
                0x00004a4c                energest_init
 .text.update_time
                0x00004a50       0x44 contiki-srf06-cc26xx.a(etimer.o)
 .text.process_thread_etimer_process
                0x00004a94       0xc8 contiki-srf06-cc26xx.a(etimer.o)
 .text.add_timer
                0x00004b5c       0x54 contiki-srf06-cc26xx.a(etimer.o)
 .text.etimer_request_poll
                0x00004bb0        0xc contiki-srf06-cc26xx.a(etimer.o)
                0x00004bb0                etimer_request_poll
 .text.etimer_set
                0x00004bbc       0x14 contiki-srf06-cc26xx.a(etimer.o)
                0x00004bbc                etimer_set
 .text.etimer_reset
                0x00004bd0       0x14 contiki-srf06-cc26xx.a(etimer.o)
                0x00004bd0                etimer_reset
 .text.etimer_restart
                0x00004be4       0x14 contiki-srf06-cc26xx.a(etimer.o)
                0x00004be4                etimer_restart
 .text.etimer_expired
                0x00004bf8        0xc contiki-srf06-cc26xx.a(etimer.o)
                0x00004bf8                etimer_expired
 .text.etimer_expiration_time
                0x00004c04        0x8 contiki-srf06-cc26xx.a(etimer.o)
                0x00004c04                etimer_expiration_time
 .text.etimer_pending
                0x00004c0c       0x10 contiki-srf06-cc26xx.a(etimer.o)
                0x00004c0c                etimer_pending
 .text.etimer_next_expiration_time
                0x00004c1c       0x14 contiki-srf06-cc26xx.a(etimer.o)
                0x00004c1c                etimer_next_expiration_time
 .text.etimer_stop
                0x00004c30       0x4c contiki-srf06-cc26xx.a(etimer.o)
                0x00004c30                etimer_stop
 .text.exit_process
                0x00004c7c       0xb0 contiki-srf06-cc26xx.a(process.o)
 .text.call_process.part.0
                0x00004d2c       0x38 contiki-srf06-cc26xx.a(process.o)
 .text.do_poll  0x00004d64       0x3c contiki-srf06-cc26xx.a(process.o)
 .text.process_alloc_event
                0x00004da0       0x10 contiki-srf06-cc26xx.a(process.o)
                0x00004da0                process_alloc_event
 .text.process_exit
                0x00004db0        0xc contiki-srf06-cc26xx.a(process.o)
                0x00004db0                process_exit
 .text.process_init
                0x00004dbc       0x34 contiki-srf06-cc26xx.a(process.o)
                0x00004dbc                process_init
 .text.process_run
                0x00004df0       0xd8 contiki-srf06-cc26xx.a(process.o)
                0x00004df0                process_run
 .text.process_nevents
                0x00004ec8       0x14 contiki-srf06-cc26xx.a(process.o)
                0x00004ec8                process_nevents
 .text.process_post
                0x00004edc       0x50 contiki-srf06-cc26xx.a(process.o)
                0x00004edc                process_post
 .text.process_post_synch
                0x00004f2c       0x18 contiki-srf06-cc26xx.a(process.o)
                0x00004f2c                process_post_synch
 .text.process_start
                0x00004f44       0x40 contiki-srf06-cc26xx.a(process.o)
                0x00004f44                process_start
 .text.process_poll
                0x00004f84       0x18 contiki-srf06-cc26xx.a(process.o)
                0x00004f84                process_poll
 .text.rtimer_init
                0x00004f9c        0x4 contiki-srf06-cc26xx.a(rtimer.o)
                0x00004f9c                rtimer_init
 .text.rtimer_set
                0x00004fa0       0x2c contiki-srf06-cc26xx.a(rtimer.o)
                0x00004fa0                rtimer_set
 .text.rtimer_run_next
                0x00004fcc       0x28 contiki-srf06-cc26xx.a(rtimer.o)
                0x00004fcc                rtimer_run_next
 .text.timer_set
                0x00004ff4       0x10 contiki-srf06-cc26xx.a(timer.o)
                0x00004ff4                timer_set
 .text.timer_reset
                0x00005004        0xc contiki-srf06-cc26xx.a(timer.o)
                0x00005004                timer_reset
 .text.timer_restart
                0x00005010        0xc contiki-srf06-cc26xx.a(timer.o)
                0x00005010                timer_restart
 .text.timer_expired
                0x0000501c       0x1c contiki-srf06-cc26xx.a(timer.o)
                0x0000501c                timer_expired
 .text.process_thread_serial_line_process
                0x00005038       0xac contiki-srf06-cc26xx.a(serial-line.o)
 .text.serial_line_init
                0x000050e4       0x24 contiki-srf06-cc26xx.a(serial-line.o)
                0x000050e4                serial_line_init
 .text.list_init
                0x00005108        0x8 contiki-srf06-cc26xx.a(list.o)
                0x00005108                list_init
 .text.list_head
                0x00005110        0x4 contiki-srf06-cc26xx.a(list.o)
                0x00005110                list_head
 .text.list_tail
                0x00005114       0x14 contiki-srf06-cc26xx.a(list.o)
                0x00005114                list_tail
 .text.list_add
                0x00005128       0x48 contiki-srf06-cc26xx.a(list.o)
                0x00005128                list_add
 .text.list_push
                0x00005170       0x40 contiki-srf06-cc26xx.a(list.o)
                0x00005170                list_push
 .text.list_remove
                0x000051b0       0x2c contiki-srf06-cc26xx.a(list.o)
                0x000051b0                list_remove
 .text.list_length
                0x000051dc       0x14 contiki-srf06-cc26xx.a(list.o)
                0x000051dc                list_length
 .text.list_item_next
                0x000051f0        0x8 contiki-srf06-cc26xx.a(list.o)
                0x000051f0                list_item_next
 .text.random_init
                0x000051f8        0x4 contiki-srf06-cc26xx.a(random.o)
                0x000051f8                random_init
 .text.random_rand
                0x000051fc        0xc contiki-srf06-cc26xx.a(random.o)
                0x000051fc                random_rand
 .text.ringbuf_init
                0x00005208       0x10 contiki-srf06-cc26xx.a(ringbuf.o)
                0x00005208                ringbuf_init
 .text.ringbuf_get
                0x00005218       0x28 contiki-srf06-cc26xx.a(ringbuf.o)
                0x00005218                ringbuf_get
 .text.sicslowpan_init
                0x00005240       0x24 contiki-srf06-cc26xx.a(sicslowpan.o)
                0x00005240                sicslowpan_init
 .text.set_packet_attrs
                0x00005264       0x4c contiki-srf06-cc26xx.a(sicslowpan.o)
 .text.compress_addr_64
                0x000052b0       0x9c contiki-srf06-cc26xx.a(sicslowpan.o)
 .text.addr_context_lookup_by_prefix
                0x0000534c       0x28 contiki-srf06-cc26xx.a(sicslowpan.o)
 .text.send_packet
                0x00005374       0x24 contiki-srf06-cc26xx.a(sicslowpan.o)
 .text.packet_sent
                0x00005398       0x28 contiki-srf06-cc26xx.a(sicslowpan.o)
 .text.store_fragment
                0x000053c0       0x68 contiki-srf06-cc26xx.a(sicslowpan.o)
 .text.add_fragment
                0x00005428      0x19c contiki-srf06-cc26xx.a(sicslowpan.o)
 .text.uncompress_addr
                0x000055c4       0xb8 contiki-srf06-cc26xx.a(sicslowpan.o)
 .text.input    0x0000567c      0x654 contiki-srf06-cc26xx.a(sicslowpan.o)
 .text.output   0x00005cd0      0x738 contiki-srf06-cc26xx.a(sicslowpan.o)
 .text.chksum   0x00006408       0x50 contiki-srf06-cc26xx.a(uip6.o)
 .text.upper_layer_chksum
                0x00006458       0x58 contiki-srf06-cc26xx.a(uip6.o)
 .text.ext_hdr_options_process
                0x000064b0       0xc8 contiki-srf06-cc26xx.a(uip6.o)
 .text.uip_add32
                0x00006578       0x58 contiki-srf06-cc26xx.a(uip6.o)
                0x00006578                uip_add32
 .text.unlikely.uip_add_rcv_nxt
                0x000065d0       0x2c contiki-srf06-cc26xx.a(uip6.o)
 .text.uip_icmp6chksum
                0x000065fc        0x8 contiki-srf06-cc26xx.a(uip6.o)
                0x000065fc                uip_icmp6chksum
 .text.uip_init
                0x00006604       0x64 contiki-srf06-cc26xx.a(uip6.o)
                0x00006604                uip_init
 .text.remove_ext_hdr
                0x00006668       0x60 contiki-srf06-cc26xx.a(uip6.o)
                0x00006668                remove_ext_hdr
 .text.uip_udp_new
                0x000066c8       0xd4 contiki-srf06-cc26xx.a(uip6.o)
                0x000066c8                uip_udp_new
 .text.uip_unlisten
                0x0000679c       0x44 contiki-srf06-cc26xx.a(uip6.o)
                0x0000679c                uip_unlisten
 .text.uip_process
                0x000067e0     0x119c contiki-srf06-cc26xx.a(uip6.o)
                0x000067e0                uip_process
 .text.uip_htons
                0x0000797c        0x8 contiki-srf06-cc26xx.a(uip6.o)
                0x0000797c                uip_htons
 .text.uip_htonl
                0x00007984       0x14 contiki-srf06-cc26xx.a(uip6.o)
                0x00007984                uip_htonl
 .text.uip_ds6_list_loop
                0x00007998       0x60 contiki-srf06-cc26xx.a(uip-ds6.o)
                0x00007998                uip_ds6_list_loop
 .text.uip_ds6_prefix_add
                0x000079f8       0x6c contiki-srf06-cc26xx.a(uip-ds6.o)
                0x000079f8                uip_ds6_prefix_add
 .text.uip_ds6_is_addr_onlink
                0x00007a64       0x3c contiki-srf06-cc26xx.a(uip-ds6.o)
                0x00007a64                uip_ds6_is_addr_onlink
 .text.uip_ds6_addr_lookup
                0x00007aa0       0x30 contiki-srf06-cc26xx.a(uip-ds6.o)
                0x00007aa0                uip_ds6_addr_lookup
 .text.uip_ds6_get_link_local
                0x00007ad0       0x44 contiki-srf06-cc26xx.a(uip-ds6.o)
                0x00007ad0                uip_ds6_get_link_local
 .text.uip_ds6_maddr_add
                0x00007b14       0x50 contiki-srf06-cc26xx.a(uip-ds6.o)
                0x00007b14                uip_ds6_maddr_add
 .text.uip_ds6_addr_add
                0x00007b64       0xa8 contiki-srf06-cc26xx.a(uip-ds6.o)
                0x00007b64                uip_ds6_addr_add
 .text.uip_ds6_maddr_lookup
                0x00007c0c       0x30 contiki-srf06-cc26xx.a(uip-ds6.o)
                0x00007c0c                uip_ds6_maddr_lookup
 .text.uip_ds6_addr_rm
                0x00007c3c       0x48 contiki-srf06-cc26xx.a(uip-ds6.o)
                0x00007c3c                uip_ds6_addr_rm
 .text.uip_ds6_periodic
                0x00007c84       0x60 contiki-srf06-cc26xx.a(uip-ds6.o)
                0x00007c84                uip_ds6_periodic
 .text.uip_ds6_select_src
                0x00007ce4       0xf4 contiki-srf06-cc26xx.a(uip-ds6.o)
                0x00007ce4                uip_ds6_select_src
 .text.uip_ds6_set_addr_iid
                0x00007dd8       0x14 contiki-srf06-cc26xx.a(uip-ds6.o)
                0x00007dd8                uip_ds6_set_addr_iid
 .text.uip_ds6_compute_reachable_time
                0x00007dec       0x28 contiki-srf06-cc26xx.a(uip-ds6.o)
                0x00007dec                uip_ds6_compute_reachable_time
 .text.uip_ds6_init
                0x00007e14       0xf8 contiki-srf06-cc26xx.a(uip-ds6.o)
                0x00007e14                uip_ds6_init
 .text.uip_ds6_nbr_rm
                0x00007f0c       0x20 contiki-srf06-cc26xx.a(uip-ds6-nbr.o)
                0x00007f0c                uip_ds6_nbr_rm
 .text.uip_ds6_neighbors_init
                0x00007f2c       0x14 contiki-srf06-cc26xx.a(uip-ds6-nbr.o)
                0x00007f2c                uip_ds6_neighbors_init
 .text.uip_ds6_nbr_add
                0x00007f40       0x54 contiki-srf06-cc26xx.a(uip-ds6-nbr.o)
                0x00007f40                uip_ds6_nbr_add
 .text.uip_ds6_nbr_get_ll
                0x00007f94       0x10 contiki-srf06-cc26xx.a(uip-ds6-nbr.o)
                0x00007f94                uip_ds6_nbr_get_ll
 .text.uip_ds6_nbr_lookup
                0x00007fa4       0x3c contiki-srf06-cc26xx.a(uip-ds6-nbr.o)
                0x00007fa4                uip_ds6_nbr_lookup
 .text.uip_ds6_nbr_ipaddr_from_lladdr
                0x00007fe0       0x10 contiki-srf06-cc26xx.a(uip-ds6-nbr.o)
                0x00007fe0                uip_ds6_nbr_ipaddr_from_lladdr
 .text.uip_ds6_nbr_lladdr_from_ipaddr
                0x00007ff0       0x1c contiki-srf06-cc26xx.a(uip-ds6-nbr.o)
                0x00007ff0                uip_ds6_nbr_lladdr_from_ipaddr
 .text.uip_ds6_link_neighbor_callback
                0x0000800c       0x2c contiki-srf06-cc26xx.a(uip-ds6-nbr.o)
                0x0000800c                uip_ds6_link_neighbor_callback
 .text.uip_ds6_neighbor_periodic
                0x00008038       0x70 contiki-srf06-cc26xx.a(uip-ds6-nbr.o)
                0x00008038                uip_ds6_neighbor_periodic
 .text.call_route_callback
                0x000080a8       0x50 contiki-srf06-cc26xx.a(uip-ds6-route.o)
 .text.uip_ds6_route_init
                0x000080f8       0x4c contiki-srf06-cc26xx.a(uip-ds6-route.o)
                0x000080f8                uip_ds6_route_init
 .text.uip_ds6_route_nexthop
                0x00008144       0x1c contiki-srf06-cc26xx.a(uip-ds6-route.o)
                0x00008144                uip_ds6_route_nexthop
 .text.uip_ds6_route_head
                0x00008160        0xc contiki-srf06-cc26xx.a(uip-ds6-route.o)
                0x00008160                uip_ds6_route_head
 .text.uip_ds6_route_next
                0x0000816c        0x8 contiki-srf06-cc26xx.a(uip-ds6-route.o)
                0x0000816c                uip_ds6_route_next
 .text.uip_ds6_route_lookup
                0x00008174       0x78 contiki-srf06-cc26xx.a(uip-ds6-route.o)
                0x00008174                uip_ds6_route_lookup
 .text.uip_ds6_route_rm
                0x000081ec       0xac contiki-srf06-cc26xx.a(uip-ds6-route.o)
                0x000081ec                uip_ds6_route_rm
 .text.rm_routelist
                0x00008298       0x38 contiki-srf06-cc26xx.a(uip-ds6-route.o)
 .text.rm_routelist_callback
                0x000082d0        0x4 contiki-srf06-cc26xx.a(uip-ds6-route.o)
 .text.uip_ds6_route_add
                0x000082d4      0x134 contiki-srf06-cc26xx.a(uip-ds6-route.o)
                0x000082d4                uip_ds6_route_add
 .text.uip_ds6_defrt_rm
                0x00008408       0x48 contiki-srf06-cc26xx.a(uip-ds6-route.o)
                0x00008408                uip_ds6_defrt_rm
 .text.uip_ds6_defrt_lookup
                0x00008450       0x34 contiki-srf06-cc26xx.a(uip-ds6-route.o)
                0x00008450                uip_ds6_defrt_lookup
 .text.uip_ds6_defrt_add
                0x00008484       0x5c contiki-srf06-cc26xx.a(uip-ds6-route.o)
                0x00008484                uip_ds6_defrt_add
 .text.uip_ds6_defrt_choose
                0x000084e0       0x34 contiki-srf06-cc26xx.a(uip-ds6-route.o)
                0x000084e0                uip_ds6_defrt_choose
 .text.uip_ds6_defrt_periodic
                0x00008514       0x3c contiki-srf06-cc26xx.a(uip-ds6-route.o)
                0x00008514                uip_ds6_defrt_periodic
 .text.echo_reply_input
                0x00008550      0x110 contiki-srf06-cc26xx.a(uip-icmp6.o)
 .text.echo_request_input
                0x00008660      0x118 contiki-srf06-cc26xx.a(uip-icmp6.o)
 .text.uip_icmp6_input
                0x00008778       0x3c contiki-srf06-cc26xx.a(uip-icmp6.o)
                0x00008778                uip_icmp6_input
 .text.uip_icmp6_register_input_handler
                0x000087b4        0xc contiki-srf06-cc26xx.a(uip-icmp6.o)
                0x000087b4                uip_icmp6_register_input_handler
 .text.uip_icmp6_error_output
                0x000087c0      0x158 contiki-srf06-cc26xx.a(uip-icmp6.o)
                0x000087c0                uip_icmp6_error_output
 .text.uip_icmp6_send
                0x00008918       0x84 contiki-srf06-cc26xx.a(uip-icmp6.o)
                0x00008918                uip_icmp6_send
 .text.uip_icmp6_init
                0x0000899c       0x24 contiki-srf06-cc26xx.a(uip-icmp6.o)
                0x0000899c                uip_icmp6_init
 .text.uip_nd6_init
                0x000089c0        0x4 contiki-srf06-cc26xx.a(uip-nd6.o)
                0x000089c0                uip_nd6_init
 .text.dns_name_isequal
                0x000089c4       0xac contiki-srf06-cc26xx.a(resolv.o)
 .text.encode_name
                0x00008a70       0x58 contiki-srf06-cc26xx.a(resolv.o)
 .text.mdns_write_announce_records
                0x00008ac8       0xa0 contiki-srf06-cc26xx.a(resolv.o)
 .text.mdns_prep_host_announce_packet
                0x00008b68       0xa0 contiki-srf06-cc26xx.a(resolv.o)
 .text.remove_trailing_dots
                0x00008c08       0x4c contiki-srf06-cc26xx.a(resolv.o)
 .text.resolv_found
                0x00008c54       0xf8 contiki-srf06-cc26xx.a(resolv.o)
 .text.resolv_set_hostname
                0x00008d4c       0x68 contiki-srf06-cc26xx.a(resolv.o)
                0x00008d4c                resolv_set_hostname
 .text.process_thread_resolv_process
                0x00008db4      0x8ec contiki-srf06-cc26xx.a(resolv.o)
 .text.resolv_query
                0x000096a0      0x1a4 contiki-srf06-cc26xx.a(resolv.o)
                0x000096a0                resolv_query
 .text.process_thread_mdns_probe_process
                0x00009844       0xac contiki-srf06-cc26xx.a(resolv.o)
 .text.start_periodic_tcp_timer
                0x000098f0       0x1c contiki-srf06-cc26xx.a(tcpip.o)
 .text.tcpip_set_outputfunc
                0x0000990c        0xc contiki-srf06-cc26xx.a(tcpip.o)
                0x0000990c                tcpip_set_outputfunc
 .text.udp_new  0x00009918       0x18 contiki-srf06-cc26xx.a(tcpip.o)
                0x00009918                udp_new
 .text.tcpip_icmp6_call
                0x00009930       0x28 contiki-srf06-cc26xx.a(tcpip.o)
                0x00009930                tcpip_icmp6_call
 .text.tcpip_input
                0x00009958       0x24 contiki-srf06-cc26xx.a(tcpip.o)
                0x00009958                tcpip_input
 .text.tcpip_ipv6_output
                0x0000997c       0xc8 contiki-srf06-cc26xx.a(tcpip.o)
                0x0000997c                tcpip_ipv6_output
 .text.process_thread_tcpip_process
                0x00009a44      0x208 contiki-srf06-cc26xx.a(tcpip.o)
 .text.tcpip_poll_udp
                0x00009c4c       0x10 contiki-srf06-cc26xx.a(tcpip.o)
                0x00009c4c                tcpip_poll_udp
 .text.tcpip_uipcall
                0x00009c5c       0x90 contiki-srf06-cc26xx.a(tcpip.o)
                0x00009c5c                tcpip_uipcall
 .text.uip_debug_ipaddr_print
                0x00009cec       0xb0 contiki-srf06-cc26xx.a(uip-debug.o)
                0x00009cec                uip_debug_ipaddr_print
 .text.uip_nameserver_get
                0x00009d9c       0x10 contiki-srf06-cc26xx.a(uip-nameserver.)
                0x00009d9c                uip_nameserver_get
 .text.uip_udp_packet_send
                0x00009dac       0x44 contiki-srf06-cc26xx.a(uip-udp-packet.)
                0x00009dac                uip_udp_packet_send
 .text.uip_udp_packet_sendto
                0x00009df0       0x48 contiki-srf06-cc26xx.a(uip-udp-packet.)
                0x00009df0                uip_udp_packet_sendto
 .text.rpl_get_mode
                0x00009e38        0xc contiki-srf06-cc26xx.a(rpl.o)
                0x00009e38                rpl_get_mode
 .text.rpl_purge_routes
                0x00009e44       0x7c contiki-srf06-cc26xx.a(rpl.o)
                0x00009e44                rpl_purge_routes
 .text.rpl_remove_routes
                0x00009ec0       0x24 contiki-srf06-cc26xx.a(rpl.o)
                0x00009ec0                rpl_remove_routes
 .text.rpl_remove_routes_by_nexthop
                0x00009ee4       0x40 contiki-srf06-cc26xx.a(rpl.o)
                0x00009ee4                rpl_remove_routes_by_nexthop
 .text.rpl_add_route
                0x00009f24       0x2c contiki-srf06-cc26xx.a(rpl.o)
                0x00009f24                rpl_add_route
 .text.rpl_link_neighbor_callback
                0x00009f50       0x78 contiki-srf06-cc26xx.a(rpl.o)
                0x00009f50                rpl_link_neighbor_callback
 .text.rpl_ipv6_neighbor_callback
                0x00009fc8       0x30 contiki-srf06-cc26xx.a(rpl.o)
                0x00009fc8                rpl_ipv6_neighbor_callback
 .text.rpl_purge_dags
                0x00009ff8       0x40 contiki-srf06-cc26xx.a(rpl.o)
                0x00009ff8                rpl_purge_dags
 .text.rpl_init
                0x0000a038       0x58 contiki-srf06-cc26xx.a(rpl.o)
                0x0000a038                rpl_init
 .text.lollipop_greater_than
                0x0000a090       0x3c contiki-srf06-cc26xx.a(rpl-dag.o)
 .text.rpl_set_preferred_parent
                0x0000a0cc       0x2c contiki-srf06-cc26xx.a(rpl-dag.o)
 .text.set_ip_from_prefix
                0x0000a0f8       0x2c contiki-srf06-cc26xx.a(rpl-dag.o)
 .text.check_prefix
                0x0000a124       0x78 contiki-srf06-cc26xx.a(rpl-dag.o)
 .text.find_parent_any_dag_any_instance
                0x0000a19c       0x1c contiki-srf06-cc26xx.a(rpl-dag.o)
 .text.rpl_get_nbr
                0x0000a1b8       0x28 contiki-srf06-cc26xx.a(rpl-dag.o)
                0x0000a1b8                rpl_get_nbr
 .text.rpl_dag_init
                0x0000a1e0       0x14 contiki-srf06-cc26xx.a(rpl-dag.o)
                0x0000a1e0                rpl_dag_init
 .text.rpl_get_parent
                0x0000a1f4       0x10 contiki-srf06-cc26xx.a(rpl-dag.o)
                0x0000a1f4                rpl_get_parent
 .text.rpl_get_parent_ipaddr
                0x0000a204       0x18 contiki-srf06-cc26xx.a(rpl-dag.o)
                0x0000a204                rpl_get_parent_ipaddr
 .text.rpl_repair_root
                0x0000a21c       0x5c contiki-srf06-cc26xx.a(rpl-dag.o)
                0x0000a21c                rpl_repair_root
 .text.rpl_set_prefix
                0x0000a278       0x98 contiki-srf06-cc26xx.a(rpl-dag.o)
                0x0000a278                rpl_set_prefix
 .text.rpl_set_default_route
                0x0000a310       0x3c contiki-srf06-cc26xx.a(rpl-dag.o)
                0x0000a310                rpl_set_default_route
 .text.rpl_alloc_instance
                0x0000a34c       0x34 contiki-srf06-cc26xx.a(rpl-dag.o)
                0x0000a34c                rpl_alloc_instance
 .text.rpl_alloc_dag
                0x0000a380       0x5c contiki-srf06-cc26xx.a(rpl-dag.o)
                0x0000a380                rpl_alloc_dag
 .text.rpl_add_parent
                0x0000a3dc       0x44 contiki-srf06-cc26xx.a(rpl-dag.o)
                0x0000a3dc                rpl_add_parent
 .text.rpl_find_parent
                0x0000a420       0x18 contiki-srf06-cc26xx.a(rpl-dag.o)
                0x0000a420                rpl_find_parent
 .text.rpl_find_parent_any_dag
                0x0000a438       0x20 contiki-srf06-cc26xx.a(rpl-dag.o)
                0x0000a438                rpl_find_parent_any_dag
 .text.rpl_select_parent
                0x0000a458       0x84 contiki-srf06-cc26xx.a(rpl-dag.o)
                0x0000a458                rpl_select_parent
 .text.rpl_select_dag
                0x0000a4dc      0x17c contiki-srf06-cc26xx.a(rpl-dag.o)
                0x0000a4dc                rpl_select_dag
 .text.rpl_nullify_parent
                0x0000a658       0x4c contiki-srf06-cc26xx.a(rpl-dag.o)
                0x0000a658                rpl_nullify_parent
 .text.rpl_remove_parent
                0x0000a6a4       0x1c contiki-srf06-cc26xx.a(rpl-dag.o)
                0x0000a6a4                rpl_remove_parent
 .text.nbr_callback
                0x0000a6c0        0x4 contiki-srf06-cc26xx.a(rpl-dag.o)
 .text.remove_parents.constprop.5
                0x0000a6c4       0x44 contiki-srf06-cc26xx.a(rpl-dag.o)
 .text.rpl_free_dag
                0x0000a708       0x38 contiki-srf06-cc26xx.a(rpl-dag.o)
                0x0000a708                rpl_free_dag
 .text.rpl_move_parent
                0x0000a740       0x4c contiki-srf06-cc26xx.a(rpl-dag.o)
                0x0000a740                rpl_move_parent
 .text.rpl_get_any_dag
                0x0000a78c       0x18 contiki-srf06-cc26xx.a(rpl-dag.o)
                0x0000a78c                rpl_get_any_dag
 .text.rpl_get_instance
                0x0000a7a4       0x20 contiki-srf06-cc26xx.a(rpl-dag.o)
                0x0000a7a4                rpl_get_instance
 .text.rpl_join_instance
                0x0000a7c4      0x144 contiki-srf06-cc26xx.a(rpl-dag.o)
                0x0000a7c4                rpl_join_instance
 .text.rpl_local_repair
                0x0000a908       0x68 contiki-srf06-cc26xx.a(rpl-dag.o)
                0x0000a908                rpl_local_repair
 .text.rpl_process_parent_event
                0x0000a970       0x60 contiki-srf06-cc26xx.a(rpl-dag.o)
                0x0000a970                rpl_process_parent_event
 .text.rpl_add_dag
                0x0000a9d0      0x150 contiki-srf06-cc26xx.a(rpl-dag.o)
                0x0000a9d0                rpl_add_dag
 .text.rpl_recalculate_ranks
                0x0000ab20       0x50 contiki-srf06-cc26xx.a(rpl-dag.o)
                0x0000ab20                rpl_recalculate_ranks
 .text.rpl_process_dio
                0x0000ab70      0x318 contiki-srf06-cc26xx.a(rpl-dag.o)
                0x0000ab70                rpl_process_dio
 .text.rpl_verify_header
                0x0000ae88      0x104 contiki-srf06-cc26xx.a(rpl-ext-header.)
                0x0000ae88                rpl_verify_header
 .text.rpl_update_header_empty
                0x0000af8c      0x12c contiki-srf06-cc26xx.a(rpl-ext-header.)
                0x0000af8c                rpl_update_header_empty
 .text.rpl_update_header_final
                0x0000b0b8       0x88 contiki-srf06-cc26xx.a(rpl-ext-header.)
                0x0000b0b8                rpl_update_header_final
 .text.rpl_invert_header
                0x0000b140       0x68 contiki-srf06-cc26xx.a(rpl-ext-header.)
                0x0000b140                rpl_invert_header
 .text.rpl_insert_header
                0x0000b1a8       0x1c contiki-srf06-cc26xx.a(rpl-ext-header.)
                0x0000b1a8                rpl_insert_header
 .text.get32    0x0000b1c4       0x20 contiki-srf06-cc26xx.a(rpl-icmp6.o)
 .text.dao_ack_input
                0x0000b1e4       0x14 contiki-srf06-cc26xx.a(rpl-icmp6.o)
 .text.dio_input
                0x0000b1f8      0x2b8 contiki-srf06-cc26xx.a(rpl-icmp6.o)
 .text.dis_output
                0x0000b4b0       0x58 contiki-srf06-cc26xx.a(rpl-icmp6.o)
                0x0000b4b0                dis_output
 .text.dio_output
                0x0000b508      0x2dc contiki-srf06-cc26xx.a(rpl-icmp6.o)
                0x0000b508                dio_output
 .text.dis_input
                0x0000b7e4       0x40 contiki-srf06-cc26xx.a(rpl-icmp6.o)
 .text.dao_output_target
                0x0000b824      0x104 contiki-srf06-cc26xx.a(rpl-icmp6.o)
                0x0000b824                dao_output_target
 .text.dao_output
                0x0000b928       0x58 contiki-srf06-cc26xx.a(rpl-icmp6.o)
                0x0000b928                dao_output
 .text.dao_ack_output
                0x0000b980       0x30 contiki-srf06-cc26xx.a(rpl-icmp6.o)
                0x0000b980                dao_ack_output
 .text.dao_input
                0x0000b9b0      0x218 contiki-srf06-cc26xx.a(rpl-icmp6.o)
 .text.rpl_icmp6_register_handlers
                0x0000bbc8       0x30 contiki-srf06-cc26xx.a(rpl-icmp6.o)
                0x0000bbc8                rpl_icmp6_register_handlers
 .text.reset    0x0000bbf8        0x4 contiki-srf06-cc26xx.a(rpl-mrhof.o)
 .text.update_metric_container
                0x0000bbfc        0x8 contiki-srf06-cc26xx.a(rpl-mrhof.o)
 .text.calculate_rank
                0x0000bc04       0x44 contiki-srf06-cc26xx.a(rpl-mrhof.o)
 .text.neighbor_link_callback
                0x0000bc48       0x54 contiki-srf06-cc26xx.a(rpl-mrhof.o)
 .text.best_dag
                0x0000bc9c       0x2c contiki-srf06-cc26xx.a(rpl-mrhof.o)
 .text.best_parent
                0x0000bcc8       0x60 contiki-srf06-cc26xx.a(rpl-mrhof.o)
 .text.new_dio_interval
                0x0000bd28       0x60 contiki-srf06-cc26xx.a(rpl-timers.o)
 .text.handle_periodic_timer
                0x0000bd88       0x3c contiki-srf06-cc26xx.a(rpl-timers.o)
 .text.set_dao_lifetime_timer
                0x0000bdc4       0x3c contiki-srf06-cc26xx.a(rpl-timers.o)
 .text.handle_unicast_dio_timer
                0x0000be00       0x1c contiki-srf06-cc26xx.a(rpl-timers.o)
 .text.handle_dio_timer
                0x0000be1c       0x8c contiki-srf06-cc26xx.a(rpl-timers.o)
 .text.schedule_dao
                0x0000bea8       0x54 contiki-srf06-cc26xx.a(rpl-timers.o)
 .text.handle_dao_timer
                0x0000befc       0x5c contiki-srf06-cc26xx.a(rpl-timers.o)
 .text.rpl_reset_periodic_timer
                0x0000bf58       0x3c contiki-srf06-cc26xx.a(rpl-timers.o)
                0x0000bf58                rpl_reset_periodic_timer
 .text.rpl_reset_dio_timer
                0x0000bf94       0x1c contiki-srf06-cc26xx.a(rpl-timers.o)
                0x0000bf94                rpl_reset_dio_timer
 .text.rpl_schedule_dao
                0x0000bfb0        0x8 contiki-srf06-cc26xx.a(rpl-timers.o)
                0x0000bfb0                rpl_schedule_dao
 .text.rpl_schedule_unicast_dio_immediately
                0x0000bfb8       0x14 contiki-srf06-cc26xx.a(rpl-timers.o)
                0x0000bfb8                rpl_schedule_unicast_dio_immediately
 .text.rpl_schedule_probing
                0x0000bfcc       0x38 contiki-srf06-cc26xx.a(rpl-timers.o)
                0x0000bfcc                rpl_schedule_probing
 .text.handle_probing_timer
                0x0000c004       0xdc contiki-srf06-cc26xx.a(rpl-timers.o)
 .text.NOROM_AONRTCCurrentCompareValueGet
                0x0000c0e0       0x24 contiki-srf06-cc26xx.a(aon_rtc.o)
                0x0000c0e0                NOROM_AONRTCCurrentCompareValueGet
 .text.NOROM_CPUcpsid
                0x0000c104        0x8 contiki-srf06-cc26xx.a(cpu.o)
                0x0000c104                NOROM_CPUcpsid
 .text.NOROM_CPUcpsie
                0x0000c10c        0x8 contiki-srf06-cc26xx.a(cpu.o)
                0x0000c10c                NOROM_CPUcpsie
 .text.NOROM_CPUdelay
                0x0000c114        0x8 contiki-srf06-cc26xx.a(cpu.o)
                0x0000c114                NOROM_CPUdelay
 .text.NOROM_DDI16BitfieldWrite
                0x0000c11c       0x4c contiki-srf06-cc26xx.a(ddi.o)
                0x0000c11c                NOROM_DDI16BitfieldWrite
 .text.NOROM_DDI16BitfieldRead
                0x0000c168       0x48 contiki-srf06-cc26xx.a(ddi.o)
                0x0000c168                NOROM_DDI16BitfieldRead
 .text.NOROM_OSCClockSourceSet
                0x0000c1b0       0x50 contiki-srf06-cc26xx.a(osc.o)
                0x0000c1b0                NOROM_OSCClockSourceSet
 .text.NOROM_OSCClockSourceGet
                0x0000c200       0x24 contiki-srf06-cc26xx.a(osc.o)
                0x0000c200                NOROM_OSCClockSourceGet
 .text.NOROM_OSCInterfaceEnable
                0x0000c224       0x34 contiki-srf06-cc26xx.a(osc.o)
                0x0000c224                NOROM_OSCInterfaceEnable
 .text.NOROM_PowerCtrlSourceSet
                0x0000c258       0x30 contiki-srf06-cc26xx.a(pwr_ctrl.o)
                0x0000c258                NOROM_PowerCtrlSourceSet
 .text.HapiTrimDeviceShutDown
                0x0000c288      0x4f4 contiki-srf06-cc26xx.a(setup.o)
 .text.trimDevice
                0x0000c77c       0xfc contiki-srf06-cc26xx.a(setup.o)
                0x0000c77c                trimDevice
 .text.SysCtrlSetRechargeBeforePowerDown
                0x0000c878      0x1e8 contiki-srf06-cc26xx.a(sys_ctrl.o)
                0x0000c878                SysCtrlSetRechargeBeforePowerDown
 .text.SysCtrlAdjustRechargeAfterPowerDown
                0x0000ca60       0x64 contiki-srf06-cc26xx.a(sys_ctrl.o)
                0x0000ca60                SysCtrlAdjustRechargeAfterPowerDown
 .text.SysCtrl_DCDC_VoltageConditionalControl
                0x0000cac4       0x78 contiki-srf06-cc26xx.a(sys_ctrl.o)
                0x0000cac4                SysCtrl_DCDC_VoltageConditionalControl
 .text.linkaddr_copy
                0x0000cb3c        0xc contiki-srf06-cc26xx.a(linkaddr.o)
                0x0000cb3c                linkaddr_copy
 .text.linkaddr_cmp
                0x0000cb48       0x10 contiki-srf06-cc26xx.a(linkaddr.o)
                0x0000cb48                linkaddr_cmp
 .text.nbr_set_bit
                0x0000cb58       0x4c contiki-srf06-cc26xx.a(nbr-table.o)
 .text.index_from_lladdr
                0x0000cba4       0x50 contiki-srf06-cc26xx.a(nbr-table.o)
 .text.nbr_get_bit.constprop.0
                0x0000cbf4       0x2c contiki-srf06-cc26xx.a(nbr-table.o)
 .text.nbr_table_register
                0x0000cc20       0x2c contiki-srf06-cc26xx.a(nbr-table.o)
                0x0000cc20                nbr_table_register
 .text.nbr_table_next
                0x0000cc4c       0x70 contiki-srf06-cc26xx.a(nbr-table.o)
                0x0000cc4c                nbr_table_next
 .text.nbr_table_head
                0x0000ccbc       0x58 contiki-srf06-cc26xx.a(nbr-table.o)
                0x0000ccbc                nbr_table_head
 .text.nbr_table_add_lladdr
                0x0000cd14      0x190 contiki-srf06-cc26xx.a(nbr-table.o)
                0x0000cd14                nbr_table_add_lladdr
 .text.nbr_table_get_from_lladdr
                0x0000cea4       0x34 contiki-srf06-cc26xx.a(nbr-table.o)
                0x0000cea4                nbr_table_get_from_lladdr
 .text.nbr_table_remove
                0x0000ced8       0x2c contiki-srf06-cc26xx.a(nbr-table.o)
                0x0000ced8                nbr_table_remove
 .text.nbr_table_lock
                0x0000cf04       0x14 contiki-srf06-cc26xx.a(nbr-table.o)
                0x0000cf04                nbr_table_lock
 .text.nbr_table_unlock
                0x0000cf18       0x14 contiki-srf06-cc26xx.a(nbr-table.o)
                0x0000cf18                nbr_table_unlock
 .text.nbr_table_get_lladdr
                0x0000cf2c       0x30 contiki-srf06-cc26xx.a(nbr-table.o)
                0x0000cf2c                nbr_table_get_lladdr
 .text.netstack_init
                0x0000cf5c       0x38 contiki-srf06-cc26xx.a(netstack.o)
                0x0000cf5c                netstack_init
 .text.packetbuf_copyto
                0x0000cf94       0x50 contiki-srf06-cc26xx.a(packetbuf.o)
                0x0000cf94                packetbuf_copyto
 .text.packetbuf_hdralloc
                0x0000cfe4       0x48 contiki-srf06-cc26xx.a(packetbuf.o)
                0x0000cfe4                packetbuf_hdralloc
 .text.packetbuf_hdrreduce
                0x0000d02c       0x2c contiki-srf06-cc26xx.a(packetbuf.o)
                0x0000d02c                packetbuf_hdrreduce
 .text.packetbuf_set_datalen
                0x0000d058        0xc contiki-srf06-cc26xx.a(packetbuf.o)
                0x0000d058                packetbuf_set_datalen
 .text.packetbuf_dataptr
                0x0000d064       0x14 contiki-srf06-cc26xx.a(packetbuf.o)
                0x0000d064                packetbuf_dataptr
 .text.packetbuf_hdrptr
                0x0000d078       0x14 contiki-srf06-cc26xx.a(packetbuf.o)
                0x0000d078                packetbuf_hdrptr
 .text.packetbuf_datalen
                0x0000d08c        0xc contiki-srf06-cc26xx.a(packetbuf.o)
                0x0000d08c                packetbuf_datalen
 .text.packetbuf_totlen
                0x0000d098       0x28 contiki-srf06-cc26xx.a(packetbuf.o)
                0x0000d098                packetbuf_totlen
 .text.packetbuf_attr_clear
                0x0000d0c0       0x38 contiki-srf06-cc26xx.a(packetbuf.o)
                0x0000d0c0                packetbuf_attr_clear
 .text.packetbuf_clear
                0x0000d0f8       0x34 contiki-srf06-cc26xx.a(packetbuf.o)
                0x0000d0f8                packetbuf_clear
 .text.packetbuf_copyfrom
                0x0000d12c       0x2c contiki-srf06-cc26xx.a(packetbuf.o)
                0x0000d12c                packetbuf_copyfrom
 .text.packetbuf_attr_copyto
                0x0000d158       0x44 contiki-srf06-cc26xx.a(packetbuf.o)
                0x0000d158                packetbuf_attr_copyto
 .text.packetbuf_attr_copyfrom
                0x0000d19c       0x44 contiki-srf06-cc26xx.a(packetbuf.o)
                0x0000d19c                packetbuf_attr_copyfrom
 .text.packetbuf_set_attr
                0x0000d1e0       0x10 contiki-srf06-cc26xx.a(packetbuf.o)
                0x0000d1e0                packetbuf_set_attr
 .text.packetbuf_attr
                0x0000d1f0        0xc contiki-srf06-cc26xx.a(packetbuf.o)
                0x0000d1f0                packetbuf_attr
 .text.packetbuf_set_addr
                0x0000d1fc       0x18 contiki-srf06-cc26xx.a(packetbuf.o)
                0x0000d1fc                packetbuf_set_addr
 .text.packetbuf_addr
                0x0000d214       0x10 contiki-srf06-cc26xx.a(packetbuf.o)
                0x0000d214                packetbuf_addr
 .text.packetbuf_holds_broadcast
                0x0000d224       0x10 contiki-srf06-cc26xx.a(packetbuf.o)
                0x0000d224                packetbuf_holds_broadcast
 .text.queuebuf_init
                0x0000d234       0x1c contiki-srf06-cc26xx.a(queuebuf.o)
                0x0000d234                queuebuf_init
 .text.queuebuf_numfree
                0x0000d250        0xc contiki-srf06-cc26xx.a(queuebuf.o)
                0x0000d250                queuebuf_numfree
 .text.queuebuf_new_from_packetbuf
                0x0000d25c       0x48 contiki-srf06-cc26xx.a(queuebuf.o)
                0x0000d25c                queuebuf_new_from_packetbuf
 .text.queuebuf_update_attr_from_packetbuf
                0x0000d2a4        0xc contiki-srf06-cc26xx.a(queuebuf.o)
                0x0000d2a4                queuebuf_update_attr_from_packetbuf
 .text.queuebuf_update_from_packetbuf
                0x0000d2b0       0x1c contiki-srf06-cc26xx.a(queuebuf.o)
                0x0000d2b0                queuebuf_update_from_packetbuf
 .text.queuebuf_free
                0x0000d2cc       0x2c contiki-srf06-cc26xx.a(queuebuf.o)
                0x0000d2cc                queuebuf_free
 .text.queuebuf_to_packetbuf
                0x0000d2f8       0x30 contiki-srf06-cc26xx.a(queuebuf.o)
                0x0000d2f8                queuebuf_to_packetbuf
 .text.queuebuf_attr
                0x0000d328        0xc contiki-srf06-cc26xx.a(queuebuf.o)
                0x0000d328                queuebuf_attr
 .text.input_packet
                0x0000d334        0xc contiki-srf06-cc26xx.a(csma.o)
 .text.on       0x0000d340        0xc contiki-srf06-cc26xx.a(csma.o)
 .text.off      0x0000d34c        0xc contiki-srf06-cc26xx.a(csma.o)
 .text.channel_check_interval
                0x0000d358       0x10 contiki-srf06-cc26xx.a(csma.o)
 .text.transmit_packet_list
                0x0000d368       0x34 contiki-srf06-cc26xx.a(csma.o)
 .text.free_packet
                0x0000d39c       0x98 contiki-srf06-cc26xx.a(csma.o)
 .text.packet_sent
                0x0000d434      0x100 contiki-srf06-cc26xx.a(csma.o)
 .text.send_packet
                0x0000d534      0x164 contiki-srf06-cc26xx.a(csma.o)
 .text.init     0x0000d698       0x24 contiki-srf06-cc26xx.a(csma.o)
 .text.parse    0x0000d6bc       0xa0 contiki-srf06-cc26xx.a(framer-802154.o)
 .text.create_frame.isra.0
                0x0000d75c      0x13c contiki-srf06-cc26xx.a(framer-802154.o)
 .text.create   0x0000d898        0x8 contiki-srf06-cc26xx.a(framer-802154.o)
 .text.hdr_length
                0x0000d8a0        0x8 contiki-srf06-cc26xx.a(framer-802154.o)
 .text.mac_call_sent_callback
                0x0000d8a8       0x10 contiki-srf06-cc26xx.a(mac.o)
                0x0000d8a8                mac_call_sent_callback
 .text.duty_cycle
                0x0000d8b8        0x4 contiki-srf06-cc26xx.a(contikimac.o)
 .text.init     0x0000d8bc       0x40 contiki-srf06-cc26xx.a(contikimac.o)
 .text.on       0x0000d8fc       0x2c contiki-srf06-cc26xx.a(contikimac.o)
 .text.off      0x0000d928       0x38 contiki-srf06-cc26xx.a(contikimac.o)
 .text.recv_burst_off
                0x0000d960       0x14 contiki-srf06-cc26xx.a(contikimac.o)
 .text.powercycle_turn_radio_off.part.2
                0x0000d974       0x10 contiki-srf06-cc26xx.a(contikimac.o)
 .text.turn_off
                0x0000d984       0x48 contiki-srf06-cc26xx.a(contikimac.o)
 .text.turn_on  0x0000d9cc       0x40 contiki-srf06-cc26xx.a(contikimac.o)
 .text.schedule_powercycle_fixed.part.5
                0x0000da0c       0x2c contiki-srf06-cc26xx.a(contikimac.o)
 .text.input_packet
                0x0000da38       0xac contiki-srf06-cc26xx.a(contikimac.o)
 .text.send_packet.isra.8
                0x0000dae4      0x228 contiki-srf06-cc26xx.a(contikimac.o)
 .text.qsend_list
                0x0000dd0c       0xe0 contiki-srf06-cc26xx.a(contikimac.o)
 .text.qsend_packet
                0x0000ddec       0x24 contiki-srf06-cc26xx.a(contikimac.o)
 .text.powercycle_wrapper
                0x0000de10      0x234 contiki-srf06-cc26xx.a(contikimac.o)
 .text.init     0x0000e044        0x4 contiki-srf06-cc26xx.a(nullsec.o)
 .text.input    0x0000e048        0xc contiki-srf06-cc26xx.a(nullsec.o)
 .text.send     0x0000e054       0x20 contiki-srf06-cc26xx.a(nullsec.o)
 .text.sensor_common_read_reg
                0x0000e074       0x1c contiki-srf06-cc26xx.a(sensor-common.o)
                0x0000e074                sensor_common_read_reg
 .text.sensor_common_write_reg
                0x0000e090       0x38 contiki-srf06-cc26xx.a(sensor-common.o)
                0x0000e090                sensor_common_write_reg
 .text.sensor_common_set_error_data
                0x0000e0c8       0x10 contiki-srf06-cc26xx.a(sensor-common.o)
                0x0000e0c8                sensor_common_set_error_data
 .text.verify_part
                0x0000e0d8       0x6c contiki-srf06-cc26xx.a(ext-flash.o)
 .text.wait_ready
                0x0000e144       0x64 contiki-srf06-cc26xx.a(ext-flash.o)
 .text.power_down
                0x0000e1a8       0x50 contiki-srf06-cc26xx.a(ext-flash.o)
 .text.ext_flash_open
                0x0000e1f8       0x60 contiki-srf06-cc26xx.a(ext-flash.o)
                0x0000e1f8                ext_flash_open
 .text.ext_flash_init
                0x0000e258       0x14 contiki-srf06-cc26xx.a(ext-flash.o)
                0x0000e258                ext_flash_init
 .text.buzzer_init
                0x0000e26c        0xc contiki-srf06-cc26xx.a(buzzer.o)
                0x0000e26c                buzzer_init
 .text.buzzer_stop
                0x0000e278       0x74 contiki-srf06-cc26xx.a(buzzer.o)
                0x0000e278                buzzer_stop
 .text.accessible
                0x0000e2ec       0x24 contiki-srf06-cc26xx.a(board-spi.o)
 .text.board_spi_write
                0x0000e310       0x3c contiki-srf06-cc26xx.a(board-spi.o)
                0x0000e310                board_spi_write
 .text.board_spi_read
                0x0000e34c       0x48 contiki-srf06-cc26xx.a(board-spi.o)
                0x0000e34c                board_spi_read
 .text.board_spi_flush
                0x0000e394       0x24 contiki-srf06-cc26xx.a(board-spi.o)
                0x0000e394                board_spi_flush
 .text.board_spi_open
                0x0000e3b8       0xc0 contiki-srf06-cc26xx.a(board-spi.o)
                0x0000e3b8                board_spi_open
 .text.board_spi_close
                0x0000e478       0x70 contiki-srf06-cc26xx.a(board-spi.o)
                0x0000e478                board_spi_close
 .text.process_thread_rf_core_process
                0x0000e4e8       0x58 contiki-srf06-cc26xx.a(rf-core.o)
 .text.rf_core_is_accessible
                0x0000e540       0x10 contiki-srf06-cc26xx.a(rf-core.o)
                0x0000e540                rf_core_is_accessible
 .text.rf_core_send_cmd
                0x0000e550       0xa4 contiki-srf06-cc26xx.a(rf-core.o)
                0x0000e550                rf_core_send_cmd
 .text.rf_core_wait_cmd_done
                0x0000e5f4       0x30 contiki-srf06-cc26xx.a(rf-core.o)
                0x0000e5f4                rf_core_wait_cmd_done
 .text.rf_core_power_up
                0x0000e624       0xb4 contiki-srf06-cc26xx.a(rf-core.o)
                0x0000e624                rf_core_power_up
 .text.rf_core_power_down
                0x0000e6d8       0xe8 contiki-srf06-cc26xx.a(rf-core.o)
                0x0000e6d8                rf_core_power_down
 .text.rf_core_set_modesel
                0x0000e7c0       0x68 contiki-srf06-cc26xx.a(rf-core.o)
                0x0000e7c0                rf_core_set_modesel
 .text.rf_core_boot
                0x0000e828       0x30 contiki-srf06-cc26xx.a(rf-core.o)
                0x0000e828                rf_core_boot
 .text.rf_core_setup_interrupts
                0x0000e858       0x6c contiki-srf06-cc26xx.a(rf-core.o)
                0x0000e858                rf_core_setup_interrupts
 .text.rf_core_cmd_done_en
                0x0000e8c4       0x28 contiki-srf06-cc26xx.a(rf-core.o)
                0x0000e8c4                rf_core_cmd_done_en
 .text.rf_core_cmd_done_dis
                0x0000e8ec       0x10 contiki-srf06-cc26xx.a(rf-core.o)
                0x0000e8ec                rf_core_cmd_done_dis
 .text.rf_core_get_last_radio_op
                0x0000e8fc        0xc contiki-srf06-cc26xx.a(rf-core.o)
                0x0000e8fc                rf_core_get_last_radio_op
 .text.rf_core_init_radio_op
                0x0000e908       0x20 contiki-srf06-cc26xx.a(rf-core.o)
                0x0000e908                rf_core_init_radio_op
 .text.rf_core_primary_mode_register
                0x0000e928        0xc contiki-srf06-cc26xx.a(rf-core.o)
                0x0000e928                rf_core_primary_mode_register
 .text.RFCCPE1IntHandler
                0x0000e934       0x28 contiki-srf06-cc26xx.a(rf-core.o)
                0x0000e934                RFCCPE1IntHandler
 .text.RFCCPE0IntHandler
                0x0000e95c       0x5c contiki-srf06-cc26xx.a(rf-core.o)
                0x0000e95c                RFCCPE0IntHandler
 .text.rf_ble_is_active
                0x0000e9b8        0xc contiki-srf06-cc26xx.a(rf-ble.o)
                0x0000e9b8                rf_ble_is_active
 .text.stimer_set
                0x0000e9c4       0x10 contiki-srf06-cc26xx.a(stimer.o)
                0x0000e9c4                stimer_set
 .text.stimer_expired
                0x0000e9d4       0x20 contiki-srf06-cc26xx.a(stimer.o)
                0x0000e9d4                stimer_expired
 .text.memb_init
                0x0000e9f4       0x24 contiki-srf06-cc26xx.a(memb.o)
                0x0000e9f4                memb_init
 .text.memb_alloc
                0x0000ea18       0x3c contiki-srf06-cc26xx.a(memb.o)
                0x0000ea18                memb_alloc
 .text.memb_free
                0x0000ea54       0x44 contiki-srf06-cc26xx.a(memb.o)
                0x0000ea54                memb_free
 .text.memb_inmemb
                0x0000ea98       0x1c contiki-srf06-cc26xx.a(memb.o)
                0x0000ea98                memb_inmemb
 .text.memb_numfree
                0x0000eab4       0x1c contiki-srf06-cc26xx.a(memb.o)
                0x0000eab4                memb_numfree
 .text.AONBatMonTemperatureGetDegC
                0x0000ead0       0x30 contiki-srf06-cc26xx.a(aon_batmon.o)
                0x0000ead0                AONBatMonTemperatureGetDegC
 .text.ChipInfo_GetSupportedProtocol_BV
                0x0000eb00       0x10 contiki-srf06-cc26xx.a(chipinfo.o)
                0x0000eb00                ChipInfo_GetSupportedProtocol_BV
 .text.ChipInfo_GetChipFamily
                0x0000eb10       0x38 contiki-srf06-cc26xx.a(chipinfo.o)
                0x0000eb10                ChipInfo_GetChipFamily
 .text.ChipInfo_GetHwRevision
                0x0000eb48       0x98 contiki-srf06-cc26xx.a(chipinfo.o)
                0x0000eb48                ChipInfo_GetHwRevision
 .text.ThisCodeIsBuiltForCC26xxHwRev22AndLater_HaltIfViolated
                0x0000ebe0       0x2c contiki-srf06-cc26xx.a(chipinfo.o)
                0x0000ebe0                ThisCodeIsBuiltForCC26xxHwRev22AndLater_HaltIfViolated
 .text.frame802154_get_pan_id
                0x0000ec0c        0xc contiki-srf06-cc26xx.a(frame802154.o)
                0x0000ec0c                frame802154_get_pan_id
 .text.frame802154_has_panid
                0x0000ec18       0x54 contiki-srf06-cc26xx.a(frame802154.o)
                0x0000ec18                frame802154_has_panid
 .text.field_len
                0x0000ec6c       0x9c contiki-srf06-cc26xx.a(frame802154.o)
 .text.frame802154_is_broadcast_addr
                0x0000ed08       0x20 contiki-srf06-cc26xx.a(frame802154.o)
                0x0000ed08                frame802154_is_broadcast_addr
 .text.frame802154_hdrlen
                0x0000ed28       0x34 contiki-srf06-cc26xx.a(frame802154.o)
                0x0000ed28                frame802154_hdrlen
 .text.frame802154_create
                0x0000ed5c      0x10c contiki-srf06-cc26xx.a(frame802154.o)
                0x0000ed5c                frame802154_create
 .text.frame802154_parse
                0x0000ee68      0x17c contiki-srf06-cc26xx.a(frame802154.o)
                0x0000ee68                frame802154_parse
 .text.mac_sequence_is_duplicate
                0x0000efe4       0x3c contiki-srf06-cc26xx.a(mac-sequence.o)
                0x0000efe4                mac_sequence_is_duplicate
 .text.mac_sequence_register_seqno
                0x0000f020       0x70 contiki-srf06-cc26xx.a(mac-sequence.o)
                0x0000f020                mac_sequence_register_seqno
 .text.exp2     0x0000f090       0x10 /usr/bin/../lib/gcc/arm-none-eabi/4.9.3/../../../../arm-none-eabi/lib/armv7-m/libm.a(lib_a-w_exp2.o)
                0x0000f090                exp2
 .text.pow      0x0000f0a0      0x2f0 /usr/bin/../lib/gcc/arm-none-eabi/4.9.3/../../../../arm-none-eabi/lib/armv7-m/libm.a(lib_a-w_pow.o)
                0x0000f0a0                pow
 .text.__ieee754_sqrt
                0x0000f390      0x18c /usr/bin/../lib/gcc/arm-none-eabi/4.9.3/../../../../arm-none-eabi/lib/armv7-m/libm.a(lib_a-e_sqrt.o)
                0x0000f390                __ieee754_sqrt
 .text.fabs     0x0000f51c        0x8 /usr/bin/../lib/gcc/arm-none-eabi/4.9.3/../../../../arm-none-eabi/lib/armv7-m/libm.a(lib_a-s_fabs.o)
                0x0000f51c                fabs
 .text.finite   0x0000f524        0xc /usr/bin/../lib/gcc/arm-none-eabi/4.9.3/../../../../arm-none-eabi/lib/armv7-m/libm.a(lib_a-s_finite.o)
                0x0000f524                finite
 .text.__fpclassifyd
                0x0000f530       0x58 /usr/bin/../lib/gcc/arm-none-eabi/4.9.3/../../../../arm-none-eabi/lib/armv7-m/libm.a(lib_a-s_fpclassify.o)
                0x0000f530                __fpclassifyd
 .text.matherr  0x0000f588        0x4 /usr/bin/../lib/gcc/arm-none-eabi/4.9.3/../../../../arm-none-eabi/lib/armv7-m/libm.a(lib_a-s_matherr.o)
                0x0000f588                matherr
 .text.nan      0x0000f58c        0xc /usr/bin/../lib/gcc/arm-none-eabi/4.9.3/../../../../arm-none-eabi/lib/armv7-m/libm.a(lib_a-s_nan.o)
                0x0000f58c                nan
 .text.rint     0x0000f598      0x11c /usr/bin/../lib/gcc/arm-none-eabi/4.9.3/../../../../arm-none-eabi/lib/armv7-m/libm.a(lib_a-s_rint.o)
                0x0000f598                rint
 .text.copysign
                0x0000f6b4       0x10 /usr/bin/../lib/gcc/arm-none-eabi/4.9.3/../../../../arm-none-eabi/lib/armv7-m/libm.a(lib_a-s_copysign.o)
                0x0000f6b4                copysign
 .text          0x0000f6c4      0x370 /usr/bin/../lib/gcc/arm-none-eabi/4.9.3/armv7-m/libgcc.a(_arm_addsubdf3.o)
                0x0000f6c4                __aeabi_drsub
                0x0000f6cc                __aeabi_dsub
                0x0000f6cc                __subdf3
                0x0000f6d0                __adddf3
                0x0000f6d0                __aeabi_dadd
                0x0000f948                __aeabi_ui2d
                0x0000f948                __floatunsidf
                0x0000f968                __floatsidf
                0x0000f968                __aeabi_i2d
                0x0000f98c                __extendsfdf2
                0x0000f98c                __aeabi_f2d
                0x0000f9c8                __aeabi_ul2d
                0x0000f9c8                __floatundidf
                0x0000f9d8                __floatdidf
                0x0000f9d8                __aeabi_l2d
 .text          0x0000fa34      0x424 /usr/bin/../lib/gcc/arm-none-eabi/4.9.3/armv7-m/libgcc.a(_arm_muldivdf3.o)
                0x0000fa34                __aeabi_dmul
                0x0000fa34                __muldf3
                0x0000fc88                __aeabi_ddiv
                0x0000fc88                __divdf3
 .text          0x0000fe58      0x110 /usr/bin/../lib/gcc/arm-none-eabi/4.9.3/armv7-m/libgcc.a(_arm_cmpdf2.o)
                0x0000fe58                __gtdf2
                0x0000fe58                __gedf2
                0x0000fe60                __ltdf2
                0x0000fe60                __ledf2
                0x0000fe68                __cmpdf2
                0x0000fe68                __eqdf2
                0x0000fe68                __nedf2
                0x0000fee4                __aeabi_cdrcmple
                0x0000fef4                __aeabi_cdcmple
                0x0000fef4                __aeabi_cdcmpeq
                0x0000ff04                __aeabi_dcmpeq
                0x0000ff18                __aeabi_dcmplt
                0x0000ff2c                __aeabi_dcmple
                0x0000ff40                __aeabi_dcmpge
                0x0000ff54                __aeabi_dcmpgt
 .text          0x0000ff68       0xa0 /usr/bin/../lib/gcc/arm-none-eabi/4.9.3/armv7-m/libgcc.a(_arm_truncdfsf2.o)
                0x0000ff68                __aeabi_d2f
                0x0000ff68                __truncdfsf2
 .text          0x00010008      0x21c /usr/bin/../lib/gcc/arm-none-eabi/4.9.3/armv7-m/libgcc.a(_arm_addsubsf3.o)
                0x00010008                __aeabi_frsub
                0x00010010                __subsf3
                0x00010010                __aeabi_fsub
                0x00010014                __aeabi_fadd
                0x00010014                __addsf3
                0x00010174                __aeabi_ui2f
                0x00010174                __floatunsisf
                0x0001017c                __aeabi_i2f
                0x0001017c                __floatsisf
                0x00010198                __floatundisf
                0x00010198                __aeabi_ul2f
                0x000101a8                __floatdisf
                0x000101a8                __aeabi_l2f
 .text          0x00010224      0x2a0 /usr/bin/../lib/gcc/arm-none-eabi/4.9.3/armv7-m/libgcc.a(_arm_muldivsf3.o)
                0x00010224                __mulsf3
                0x00010224                __aeabi_fmul
                0x0001038c                __divsf3
                0x0001038c                __aeabi_fdiv
 .text          0x000104c4       0x4c /usr/bin/../lib/gcc/arm-none-eabi/4.9.3/armv7-m/libgcc.a(_arm_fixsfsi.o)
                0x000104c4                __fixsfsi
                0x000104c4                __aeabi_f2iz
 .text          0x00010510       0x30 /usr/bin/../lib/gcc/arm-none-eabi/4.9.3/armv7-m/libgcc.a(_aeabi_uldivmod.o)
                0x00010510                __aeabi_uldivmod
 .text          0x00010540       0x60 /usr/bin/../lib/gcc/arm-none-eabi/4.9.3/armv7-m/libgcc.a(bpabi.o)
                0x00010540                __gnu_ldivmod_helper
                0x00010570                __gnu_uldivmod_helper
 .text          0x000105a0        0x4 /usr/bin/../lib/gcc/arm-none-eabi/4.9.3/armv7-m/libgcc.a(_dvmd_tls.o)
                0x000105a0                __aeabi_ldiv0
                0x000105a0                __aeabi_idiv0
 .text          0x000105a4      0x2ac /usr/bin/../lib/gcc/arm-none-eabi/4.9.3/armv7-m/libgcc.a(_divdi3.o)
                0x000105a4                __divdi3
 .text          0x00010850      0x270 /usr/bin/../lib/gcc/arm-none-eabi/4.9.3/armv7-m/libgcc.a(_udivdi3.o)
                0x00010850                __udivdi3
 .text.__errno  0x00010ac0        0xc /usr/bin/../lib/gcc/arm-none-eabi/4.9.3/../../../../arm-none-eabi/lib/armv7-m/libc.a(lib_a-errno.o)
                0x00010ac0                __errno
 .text.memcmp   0x00010acc       0x64 /usr/bin/../lib/gcc/arm-none-eabi/4.9.3/../../../../arm-none-eabi/lib/armv7-m/libc.a(lib_a-memcmp.o)
                0x00010acc                memcmp
 .text          0x00010b30       0xec /usr/bin/../lib/gcc/arm-none-eabi/4.9.3/../../../../arm-none-eabi/lib/armv7-m/libc.a(lib_a-memcpy.o)
                0x00010b30                memcpy
 .text.memmove  0x00010c1c       0xc8 /usr/bin/../lib/gcc/arm-none-eabi/4.9.3/../../../../arm-none-eabi/lib/armv7-m/libc.a(lib_a-memmove.o)
                0x00010c1c                memmove
 .text.memset   0x00010ce4       0x9c /usr/bin/../lib/gcc/arm-none-eabi/4.9.3/../../../../arm-none-eabi/lib/armv7-m/libc.a(lib_a-memset.o)
                0x00010ce4                memset
 .text.srand    0x00010d80       0x14 /usr/bin/../lib/gcc/arm-none-eabi/4.9.3/../../../../arm-none-eabi/lib/armv7-m/libc.a(lib_a-rand.o)
                0x00010d80                srand
 .text.rand     0x00010d94       0x40 /usr/bin/../lib/gcc/arm-none-eabi/4.9.3/../../../../arm-none-eabi/lib/armv7-m/libc.a(lib_a-rand.o)
                0x00010d94                rand
 .text.strcasecmp
                0x00010dd4       0x40 /usr/bin/../lib/gcc/arm-none-eabi/4.9.3/../../../../arm-none-eabi/lib/armv7-m/libc.a(lib_a-strcasecmp.o)
                0x00010dd4                strcasecmp
 .text          0x00010e14      0x1bc /usr/bin/../lib/gcc/arm-none-eabi/4.9.3/../../../../arm-none-eabi/lib/armv7-m/libc.a(lib_a-strcmp.o)
                0x00010e14                strcmp
 .text.strlen   0x00010fd0       0x5c /usr/bin/../lib/gcc/arm-none-eabi/4.9.3/../../../../arm-none-eabi/lib/armv7-m/libc.a(lib_a-strlen.o)
                0x00010fd0                strlen
 .text.strncasecmp
                0x0001102c       0x54 /usr/bin/../lib/gcc/arm-none-eabi/4.9.3/../../../../arm-none-eabi/lib/armv7-m/libc.a(lib_a-strncasecmp.o)
                0x0001102c                strncasecmp
 .text.strncat  0x00011080       0x5c /usr/bin/../lib/gcc/arm-none-eabi/4.9.3/../../../../arm-none-eabi/lib/armv7-m/libc.a(lib_a-strncat.o)
                0x00011080                strncat
 .text.strncpy  0x000110dc       0x68 /usr/bin/../lib/gcc/arm-none-eabi/4.9.3/../../../../arm-none-eabi/lib/armv7-m/libc.a(lib_a-strncpy.o)
                0x000110dc                strncpy
 *(SORT(.rodata*))
 *fill*         0x00011144        0x4 00000000
 .rodata.dp_h   0x00011148       0x10 /usr/bin/../lib/gcc/arm-none-eabi/4.9.3/../../../../arm-none-eabi/lib/armv7-m/libm.a(lib_a-e_pow.o)
 .rodata.dp_l   0x00011158       0x10 /usr/bin/../lib/gcc/arm-none-eabi/4.9.3/../../../../arm-none-eabi/lib/armv7-m/libm.a(lib_a-e_pow.o)
 .rodata.bp     0x00011168       0x10 /usr/bin/../lib/gcc/arm-none-eabi/4.9.3/../../../../arm-none-eabi/lib/armv7-m/libm.a(lib_a-e_pow.o)
 .rodata.TWO52  0x00011178       0x10 /usr/bin/../lib/gcc/arm-none-eabi/4.9.3/../../../../arm-none-eabi/lib/armv7-m/libm.a(lib_a-s_rint.o)
 .rodata.autostart_processes
                0x00011188        0xc prac4.co
                0x00011188                autostart_processes
 .rodata.str1.4
                0x00011194       0xf3 prac4.co
 *fill*         0x00011287        0x1 00000000
 .rodata.str1.4
                0x00011288       0xa1 contiki-srf06-cc26xx.a(contiki-main.o)
 *fill*         0x00011329        0x3 00000000
 .rodata.str1.4
                0x0001132c        0x8 contiki-srf06-cc26xx.a(sensors.o)
 .rodata.str1.4
                0x00011334        0x7 contiki-srf06-cc26xx.a(bmp-280-sensor.)
 *fill*         0x0001133b        0x1 00000000
 .rodata.bmp_280_sensor
                0x0001133c       0x10 contiki-srf06-cc26xx.a(bmp-280-sensor.)
                0x0001133c                bmp_280_sensor
 .rodata.tmp_007_sensor
                0x0001134c       0x10 contiki-srf06-cc26xx.a(tmp-007-sensor.)
                0x0001134c                tmp_007_sensor
 .rodata.str1.4
                0x0001135c        0x7 contiki-srf06-cc26xx.a(tmp-007-sensor.)
 *fill*         0x00011363        0x1 00000000
 .rodata.str1.4
                0x00011364        0x8 contiki-srf06-cc26xx.a(opt-3001-sensor)
 .rodata.opt_3001_sensor
                0x0001136c       0x10 contiki-srf06-cc26xx.a(opt-3001-sensor)
                0x0001136c                opt_3001_sensor
 .rodata.hdc_1000_sensor
                0x0001137c       0x10 contiki-srf06-cc26xx.a(hdc-1000-sensor)
                0x0001137c                hdc_1000_sensor
 .rodata.str1.4
                0x0001138c        0x8 contiki-srf06-cc26xx.a(hdc-1000-sensor)
 .rodata.mpu_9250_sensor
                0x00011394       0x10 contiki-srf06-cc26xx.a(mpu-9250-sensor)
                0x00011394                mpu_9250_sensor
 .rodata.str1.4
                0x000113a4        0x8 contiki-srf06-cc26xx.a(mpu-9250-sensor)
 .rodata.str1.4
                0x000113ac        0x7 contiki-srf06-cc26xx.a(button-sensor.o)
 *fill*         0x000113b3        0x1 00000000
 .rodata.button_left_sensor
                0x000113b4       0x10 contiki-srf06-cc26xx.a(button-sensor.o)
                0x000113b4                button_left_sensor
 .rodata.button_right_sensor
                0x000113c4       0x10 contiki-srf06-cc26xx.a(button-sensor.o)
                0x000113c4                button_right_sensor
 .rodata.str1.4
                0x000113d4        0x5 contiki-srf06-cc26xx.a(reed-relay.o)
 *fill*         0x000113d9        0x3 00000000
 .rodata.reed_relay_sensor
                0x000113dc       0x10 contiki-srf06-cc26xx.a(reed-relay.o)
                0x000113dc                reed_relay_sensor
 .rodata.output_power
                0x000113ec       0x68 contiki-srf06-cc26xx.a(ieee-mode.o)
 .rodata.ieee_mode_driver
                0x00011454       0x38 contiki-srf06-cc26xx.a(ieee-mode.o)
                0x00011454                ieee_mode_driver
 .rodata.mode_ieee
                0x0001148c        0x8 contiki-srf06-cc26xx.a(ieee-mode.o)
 .rodata.str1.4
                0x00011494       0x42 contiki-srf06-cc26xx.a(strformat.o)
                                 0x46 (size before relaxing)
 *fill*         0x000114d6        0x2 00000000
 .rodata.buffer.4019
                0x000114d8       0x10 contiki-srf06-cc26xx.a(strformat.o)
 .rodata.buffer.4028
                0x000114e8       0x10 contiki-srf06-cc26xx.a(strformat.o)
 .rodata.str1.4
                0x000114f8        0xf contiki-srf06-cc26xx.a(ctimer.o)
 *fill*         0x00011507        0x1 00000000
 .rodata.str1.4
                0x00011508        0xc contiki-srf06-cc26xx.a(etimer.o)
 .rodata.str1.4
                0x00011514        0xe contiki-srf06-cc26xx.a(serial-line.o)
 *fill*         0x00011522        0x2 00000000
 .rodata        0x00011524        0x2 contiki-srf06-cc26xx.a(sicslowpan.o)
 *fill*         0x00011526        0x2 00000000
 .rodata.ttl_values
                0x00011528        0x4 contiki-srf06-cc26xx.a(sicslowpan.o)
 .rodata.unc_llconf
                0x0001152c        0x4 contiki-srf06-cc26xx.a(sicslowpan.o)
                0x0001152c                unc_llconf
 .rodata.llprefix
                0x00011530        0x2 contiki-srf06-cc26xx.a(sicslowpan.o)
                0x00011530                llprefix
 *fill*         0x00011532        0x2 00000000
 .rodata.sicslowpan_driver
                0x00011534        0xc contiki-srf06-cc26xx.a(sicslowpan.o)
                0x00011534                sicslowpan_driver
 .rodata.unc_mxconf
                0x00011540        0x4 contiki-srf06-cc26xx.a(sicslowpan.o)
                0x00011540                unc_mxconf
 .rodata.unc_ctxconf
                0x00011544        0x4 contiki-srf06-cc26xx.a(sicslowpan.o)
                0x00011544                unc_ctxconf
 .rodata.str1.4
                0x00011548        0xb contiki-srf06-cc26xx.a(sicslowpan.o)
 *fill*         0x00011553        0x1 00000000
 .rodata.local_suffix.6564
                0x00011554        0x6 contiki-srf06-cc26xx.a(resolv.o)
 *fill*         0x0001155a        0x2 00000000
 .rodata.resolv_mdns_addr
                0x0001155c       0x10 contiki-srf06-cc26xx.a(resolv.o)
 .rodata.nsec_record.6463
                0x0001156c       0x12 contiki-srf06-cc26xx.a(resolv.o)
 *fill*         0x0001157e        0x2 00000000
 .rodata.str1.4
                0x00011580       0x29 contiki-srf06-cc26xx.a(resolv.o)
 *fill*         0x000115a9        0x3 00000000
 .rodata.str1.4
                0x000115ac        0xd contiki-srf06-cc26xx.a(tcpip.o)
 *fill*         0x000115b9        0x3 00000000
 .rodata.str1.4
                0x000115bc       0x41 contiki-srf06-cc26xx.a(uip-debug.o)
 *fill*         0x000115fd        0x3 00000000
 .rodata.linkaddr_null
                0x00011600        0x8 contiki-srf06-cc26xx.a(linkaddr.o)
                0x00011600                linkaddr_null
 .rodata.str1.4
                0x00011608        0x5 contiki-srf06-cc26xx.a(csma.o)
 *fill*         0x0001160d        0x3 00000000
 .rodata.csma_driver
                0x00011610       0x1c contiki-srf06-cc26xx.a(csma.o)
                0x00011610                csma_driver
 .rodata.framer_802154
                0x0001162c        0xc contiki-srf06-cc26xx.a(framer-802154.o)
                0x0001162c                framer_802154
 .rodata.str1.4
                0x00011638        0xb contiki-srf06-cc26xx.a(contikimac.o)
 *fill*         0x00011643        0x1 00000000
 .rodata.contikimac_driver
                0x00011644       0x20 contiki-srf06-cc26xx.a(contikimac.o)
                0x00011644                contikimac_driver
 .rodata.str1.4
                0x00011664        0x8 contiki-srf06-cc26xx.a(nullsec.o)
 .rodata.nullsec_driver
                0x0001166c       0x10 contiki-srf06-cc26xx.a(nullsec.o)
                0x0001166c                nullsec_driver
 .rodata        0x0001167c        0x4 contiki-srf06-cc26xx.a(ext-flash.o)
 .rodata.str1.4
                0x00011680       0x46 contiki-srf06-cc26xx.a(rf-core.o)
 *fill*         0x000116c6        0x2 00000000
 .rodata.str1.4
                0x000116c8        0x4 /usr/bin/../lib/gcc/arm-none-eabi/4.9.3/../../../../arm-none-eabi/lib/armv7-m/libm.a(lib_a-w_pow.o)
 .rodata.str1.4
                0x00000000        0x4 /usr/bin/../lib/gcc/arm-none-eabi/4.9.3/../../../../arm-none-eabi/lib/armv7-m/libm.a(lib_a-e_pow.o)
                                  0x1 (size before relaxing)
 .rodata._ctype_
                0x000116cc      0x101 /usr/bin/../lib/gcc/arm-none-eabi/4.9.3/../../../../arm-none-eabi/lib/armv7-m/libc.a(lib_a-ctype_.o)
                0x000116cc                _ctype_
 *fill*         0x000117cd        0x3 00000000
 .rodata.str1.4
                0x000117d0        0x4 /usr/bin/../lib/gcc/arm-none-eabi/4.9.3/../../../../arm-none-eabi/lib/armv7-m/libc.a(lib_a-impure.o)
                                  0x2 (size before relaxing)
                0x000117d4                _etext = .

.glue_7         0x000117d4        0x0
 .glue_7        0x00000000        0x0 linker stubs

.glue_7t        0x000117d4        0x0
 .glue_7t       0x00000000        0x0 linker stubs

.vfp11_veneer   0x000117d4        0x0
 .vfp11_veneer  0x00000000        0x0 linker stubs

.v4_bx          0x000117d4        0x0
 .v4_bx         0x00000000        0x0 linker stubs

.iplt           0x000117d4        0x0
 .iplt          0x00000000        0x0 obj_srf06-cc26xx/startup_gcc.o

.data           0x20000000      0x67d load address 0x000117d4
                0x20000000                _data = .
 *(SORT(vtable))
 *(SORT(.data*))
 .data.impure_data
                0x20000000      0x428 /usr/bin/../lib/gcc/arm-none-eabi/4.9.3/../../../../arm-none-eabi/lib/armv7-m/libc.a(lib_a-impure.o)
 .data.udp_server_process
                0x20000428       0x10 prac4.co
                0x20000428                udp_server_process
 .data.sensors_process
                0x20000438       0x10 contiki-srf06-cc26xx.a(sensors.o)
                0x20000438                sensors_process
 .data.sensors  0x20000448       0x24 contiki-srf06-cc26xx.a(sensortag-senso)
                0x20000448                sensors
 .data.sensortag_module
                0x2000046c       0x14 contiki-srf06-cc26xx.a(board.o)
 .data.uart_module
                0x20000480       0x14 contiki-srf06-cc26xx.a(cc26xx-uart.o)
 .data.cc26xx_rf_lpm_module
                0x20000494       0x14 contiki-srf06-cc26xx.a(ieee-mode.o)
 .data.tx_power_current
                0x200004a8        0x4 contiki-srf06-cc26xx.a(ieee-mode.o)
                0x200004a8                tx_power_current
 .data.ieee_overrides
                0x200004ac       0x2c contiki-srf06-cc26xx.a(ieee-mode.o)
 .data.ctxt     0x200004d8        0x8 contiki-srf06-cc26xx.a(dbg-printf.o)
 .data.ctimer_process
                0x200004e0       0x10 contiki-srf06-cc26xx.a(ctimer.o)
                0x200004e0                ctimer_process
 .data.etimer_process
                0x200004f0       0x10 contiki-srf06-cc26xx.a(etimer.o)
                0x200004f0                etimer_process
 .data.serial_line_process
                0x20000500       0x10 contiki-srf06-cc26xx.a(serial-line.o)
                0x20000500                serial_line_process
 .data.ds6_neighbors
                0x20000510        0x4 contiki-srf06-cc26xx.a(uip-ds6-nbr.o)
                0x20000510                ds6_neighbors
 .data.ds6_neighbors_struct
                0x20000514       0x10 contiki-srf06-cc26xx.a(uip-ds6-nbr.o)
 .data.defaultroutermemb
                0x20000524        0xc contiki-srf06-cc26xx.a(uip-ds6-route.o)
 .data.nbr_routes_struct
                0x20000530       0x10 contiki-srf06-cc26xx.a(uip-ds6-route.o)
 .data.nbr_routes
                0x20000540        0x4 contiki-srf06-cc26xx.a(uip-ds6-route.o)
                0x20000540                nbr_routes
 .data.routememb
                0x20000544        0xc contiki-srf06-cc26xx.a(uip-ds6-route.o)
 .data.neighborroutememb
                0x20000550        0xc contiki-srf06-cc26xx.a(uip-ds6-route.o)
 .data.echo_request_handler
                0x2000055c        0xc contiki-srf06-cc26xx.a(uip-icmp6.o)
 .data.echo_reply_handler
                0x20000568        0xc contiki-srf06-cc26xx.a(uip-icmp6.o)
 .data.mdns_probe_process
                0x20000574       0x10 contiki-srf06-cc26xx.a(resolv.o)
                0x20000574                mdns_probe_process
 .data.resolv_process
                0x20000584       0x10 contiki-srf06-cc26xx.a(resolv.o)
                0x20000584                resolv_process
 .data.tcpip_process
                0x20000594       0x10 contiki-srf06-cc26xx.a(tcpip.o)
                0x20000594                tcpip_process
 .data.rpl_parents
                0x200005a4        0x4 contiki-srf06-cc26xx.a(rpl-dag.o)
                0x200005a4                rpl_parents
 .data.rpl_parents_struct
                0x200005a8       0x10 contiki-srf06-cc26xx.a(rpl-dag.o)
 .data.dao_ack_handler
                0x200005b8        0xc contiki-srf06-cc26xx.a(rpl-icmp6.o)
 .data.dis_handler
                0x200005c4        0xc contiki-srf06-cc26xx.a(rpl-icmp6.o)
 .data.dao_handler
                0x200005d0        0xc contiki-srf06-cc26xx.a(rpl-icmp6.o)
 .data.dio_handler
                0x200005dc        0xc contiki-srf06-cc26xx.a(rpl-icmp6.o)
 .data.rpl_mrhof
                0x200005e8       0x1c contiki-srf06-cc26xx.a(rpl-mrhof.o)
                0x200005e8                rpl_mrhof
 .data.neighbor_addr_mem
                0x20000604        0xc contiki-srf06-cc26xx.a(nbr-table.o)
 .data.bufmem   0x20000610        0xc contiki-srf06-cc26xx.a(queuebuf.o)
 .data.buframmem
                0x2000061c        0xc contiki-srf06-cc26xx.a(queuebuf.o)
 .data.metadata_memb
                0x20000628        0xc contiki-srf06-cc26xx.a(csma.o)
 .data.neighbor_memb
                0x20000634        0xc contiki-srf06-cc26xx.a(csma.o)
 .data.packet_memb
                0x20000640        0xc contiki-srf06-cc26xx.a(csma.o)
 .data.buzzer_module
                0x2000064c       0x14 contiki-srf06-cc26xx.a(buzzer.o)
 .data.rf_core_process
                0x20000660       0x10 contiki-srf06-cc26xx.a(rf-core.o)
                0x20000660                rf_core_process
 .data.__ctype_ptr__
                0x20000670        0x4 /usr/bin/../lib/gcc/arm-none-eabi/4.9.3/../../../../arm-none-eabi/lib/armv7-m/libc.a(lib_a-ctype_.o)
                0x20000670                __ctype_ptr__
 .data._impure_ptr